Archive member included to satisfy reference by file (symbol)

c:/program files (x86)/arm gnu toolchain arm-none-eabi/12.2 mpacbti-rel1/bin/../lib/gcc/arm-none-eabi/12.2.1/thumb/v8-m.main+fp/hard\libgcc.a(_arm_muldf3.o)
                              ./platform/thinkey_security_al/mbedtls/source/ansi_x936_kdf.o (__aeabi_dmul)
c:/program files (x86)/arm gnu toolchain arm-none-eabi/12.2 mpacbti-rel1/bin/../lib/gcc/arm-none-eabi/12.2.1/thumb/v8-m.main+fp/hard\libgcc.a(_arm_addsubdf3.o)
                              ./platform/thinkey_security_al/mbedtls/source/ansi_x936_kdf.o (__aeabi_ui2d)
c:/program files (x86)/arm gnu toolchain arm-none-eabi/12.2 mpacbti-rel1/bin/../lib/gcc/arm-none-eabi/12.2.1/thumb/v8-m.main+fp/hard\libgcc.a(_arm_cmpdf2.o)
                              ./platform/thinkey_security_al/mbedtls/source/ansi_x936_kdf.o (__aeabi_dcmpge)
c:/program files (x86)/arm gnu toolchain arm-none-eabi/12.2 mpacbti-rel1/bin/../lib/gcc/arm-none-eabi/12.2.1/thumb/v8-m.main+fp/hard\libgcc.a(_aeabi_uldivmod.o)
                              ./platform/thinkey_security_al/mbedtls/source/bignum.o (__aeabi_uldivmod)
c:/program files (x86)/arm gnu toolchain arm-none-eabi/12.2 mpacbti-rel1/bin/../lib/gcc/arm-none-eabi/12.2.1/thumb/v8-m.main+fp/hard\libgcc.a(_udivmoddi4.o)
                              c:/program files (x86)/arm gnu toolchain arm-none-eabi/12.2 mpacbti-rel1/bin/../lib/gcc/arm-none-eabi/12.2.1/thumb/v8-m.main+fp/hard\libgcc.a(_aeabi_uldivmod.o) (__udivmoddi4)
c:/program files (x86)/arm gnu toolchain arm-none-eabi/12.2 mpacbti-rel1/bin/../lib/gcc/arm-none-eabi/12.2.1/thumb/v8-m.main+fp/hard\libgcc.a(_dvmd_tls.o)
                              c:/program files (x86)/arm gnu toolchain arm-none-eabi/12.2 mpacbti-rel1/bin/../lib/gcc/arm-none-eabi/12.2.1/thumb/v8-m.main+fp/hard\libgcc.a(_aeabi_uldivmod.o) (__aeabi_ldiv0)
c:/program files (x86)/arm gnu toolchain arm-none-eabi/12.2 mpacbti-rel1/bin/../lib/gcc/arm-none-eabi/12.2.1/thumb/v8-m.main+fp/hard\libg_nano.a(libc_a-calloc.o)
                              ./platform/thinkey_security_al/mbedtls/source/asn1parse.o (calloc)
c:/program files (x86)/arm gnu toolchain arm-none-eabi/12.2 mpacbti-rel1/bin/../lib/gcc/arm-none-eabi/12.2.1/thumb/v8-m.main+fp/hard\libg_nano.a(libc_a-callocr.o)
                              c:/program files (x86)/arm gnu toolchain arm-none-eabi/12.2 mpacbti-rel1/bin/../lib/gcc/arm-none-eabi/12.2.1/thumb/v8-m.main+fp/hard\libg_nano.a(libc_a-calloc.o) (_calloc_r)
c:/program files (x86)/arm gnu toolchain arm-none-eabi/12.2 mpacbti-rel1/bin/../lib/gcc/arm-none-eabi/12.2.1/thumb/v8-m.main+fp/hard\libg_nano.a(libc_a-exit.o)
                              c:/program files (x86)/arm gnu toolchain arm-none-eabi/12.2 mpacbti-rel1/bin/../lib/gcc/arm-none-eabi/12.2.1/thumb/v8-m.main+fp/hard/rdimon-crt0.o (exit)
c:/program files (x86)/arm gnu toolchain arm-none-eabi/12.2 mpacbti-rel1/bin/../lib/gcc/arm-none-eabi/12.2.1/thumb/v8-m.main+fp/hard\libg_nano.a(libc_a-malloc.o)
                              ./platform/thinkey_security_al/mbedtls/source/asn1parse.o (free)
c:/program files (x86)/arm gnu toolchain arm-none-eabi/12.2 mpacbti-rel1/bin/../lib/gcc/arm-none-eabi/12.2.1/thumb/v8-m.main+fp/hard\libg_nano.a(libc_a-mallocr.o)
                              c:/program files (x86)/arm gnu toolchain arm-none-eabi/12.2 mpacbti-rel1/bin/../lib/gcc/arm-none-eabi/12.2.1/thumb/v8-m.main+fp/hard\libg_nano.a(libc_a-callocr.o) (_malloc_r)
c:/program files (x86)/arm gnu toolchain arm-none-eabi/12.2 mpacbti-rel1/bin/../lib/gcc/arm-none-eabi/12.2.1/thumb/v8-m.main+fp/hard\libg_nano.a(libc_a-mlock.o)
                              c:/program files (x86)/arm gnu toolchain arm-none-eabi/12.2 mpacbti-rel1/bin/../lib/gcc/arm-none-eabi/12.2.1/thumb/v8-m.main+fp/hard\libg_nano.a(libc_a-mallocr.o) (__malloc_lock)
c:/program files (x86)/arm gnu toolchain arm-none-eabi/12.2 mpacbti-rel1/bin/../lib/gcc/arm-none-eabi/12.2.1/thumb/v8-m.main+fp/hard\libg_nano.a(libc_a-findfp.o)
                              c:/program files (x86)/arm gnu toolchain arm-none-eabi/12.2 mpacbti-rel1/bin/../lib/gcc/arm-none-eabi/12.2.1/thumb/v8-m.main+fp/hard\libg_nano.a(libc_a-exit.o) (__stdio_exit_handler)
c:/program files (x86)/arm gnu toolchain arm-none-eabi/12.2 mpacbti-rel1/bin/../lib/gcc/arm-none-eabi/12.2.1/thumb/v8-m.main+fp/hard\libg_nano.a(libc_a-fwalk.o)
                              c:/program files (x86)/arm gnu toolchain arm-none-eabi/12.2 mpacbti-rel1/bin/../lib/gcc/arm-none-eabi/12.2.1/thumb/v8-m.main+fp/hard\libg_nano.a(libc_a-findfp.o) (_fwalk_sglue)
c:/program files (x86)/arm gnu toolchain arm-none-eabi/12.2 mpacbti-rel1/bin/../lib/gcc/arm-none-eabi/12.2.1/thumb/v8-m.main+fp/hard\libg_nano.a(libc_a-fwrite.o)
                              ./platform/thinkey_security_al/mbedtls/source/ansi_x936_kdf.o (fwrite)
c:/program files (x86)/arm gnu toolchain arm-none-eabi/12.2 mpacbti-rel1/bin/../lib/gcc/arm-none-eabi/12.2.1/thumb/v8-m.main+fp/hard\libg_nano.a(libc_a-printf.o)
[...]
Memory Configuration

Name             Origin             Length             Attributes
ITCM             0x00000000         0x00000000         xr
DTCM             0x00000000         0x00000000         xrw
FLASH            0x00000000         0x00200000         xr
RAM              0x20000000         0x00080000         xrw
DATA_FLASH       0x08000000         0x00002000         xr
QSPI_FLASH       0x60000000         0x04000000         xr
OSPI_DEVICE_0    0x68000000         0x08000000         xr
OSPI_DEVICE_1    0x70000000         0x10000000         xr
OSPI_DEVICE_0_RAM 0x68000000         0x08000000         xrw
OSPI_DEVICE_1_RAM 0x70000000         0x10000000         xrw
SDRAM            0x80010000         0x00000000         xrw
OPTION_SETTING   0x0100a100         0x00000100         r
OPTION_SETTING_OFS 0x0100a100         0x00000018         r
OPTION_SETTING_SAS 0x0100a134         0x000000cc         r
OPTION_SETTING_S 0x0100a200         0x00000100         r
ID_CODE          0x00000000         0x00000000         xr
*default*        0x00000000         0xffffffff

Linker script and memory map

LOAD c:/program files (x86)/arm gnu toolchain arm-none-eabi/12.2 mpacbti-rel1/bin/../lib/gcc/arm-none-eabi/12.2.1/thumb/v8-m.main+fp/hard/crti.o
LOAD c:/program files (x86)/arm gnu toolchain arm-none-eabi/12.2 mpacbti-rel1/bin/../lib/gcc/arm-none-eabi/12.2.1/thumb/v8-m.main+fp/hard/crtbegin.o
LOAD c:/program files (x86)/arm gnu toolchain arm-none-eabi/12.2 mpacbti-rel1/bin/../lib/gcc/arm-none-eabi/12.2.1/thumb/v8-m.main+fp/hard/rdimon-crt0.o
START GROUP
LOAD ./vehicle/transport/core/source/thinkey_ble_transport.o
LOAD ./vehicle/transport/core/source/thinkey_nfc_transport.o
LOAD ./vehicle/transport/core/source/thinkey_transport_ss_api.o
LOAD ./vehicle/transport/core/source/transport_event_handler.o
LOAD ./vehicle/security/crypto_spake2/source/thinkey_spake2.o
LOAD ./vehicle/security/crypto_spake2/source/thinkey_spake2_command_parse_format.o
LOAD ./vehicle/security/crypto_spake2/source/thinkey_spake2_commands.o
LOAD ./vehicle/security/crypto_dk_creation/source/thinkey_dk_creation.o
LOAD ./vehicle/security/crypto_dk_creation/source/thinkey_dk_creation_parse_format.o
LOAD ./vehicle/security/crypto_digitalkey_applet/source/thinkey_auth0.o
LOAD ./vehicle/security/crypto_digitalkey_applet/source/thinkey_auth1.o
LOAD ./vehicle/security/crypto_digitalkey_applet/source/thinkey_control_flow.o
LOAD ./vehicle/security/crypto_digitalkey_applet/source/thinkey_crypto_context.o
LOAD ./vehicle/security/crypto_digitalkey_applet/source/thinkey_exchange.o
LOAD ./vehicle/security/crypto_digitalkey_applet/source/thinkey_select_applet.o
LOAD ./vehicle/security/crypto_digitalkey_applet/source/thinkey_verifysign.o
LOAD ./vehicle/security/crypto_data_access/source/thinkey_crypto_data_access.o
LOAD ./vehicle/security/crypto_common/source/thinkey_crypto_common.o
LOAD ./vehicle/security/crypto_abs/source/thinkey_crypto_abstraction.o
LOAD ./vehicle/security/crypto_abs/source/thinkey_crypto_abstraction_ecc.o
LOAD ./vehicle/ranging/source/thinkey_ranging_ss_api.o
LOAD ./vehicle/framework/standard_transaction/source/thinkey_standard_transaction.o
LOAD ./vehicle/framework/passive_entry/source/thinkey_passive_entry.o
LOAD ./vehicle/framework/parse_format_commands/source/thinkey_command_parse_format.o
LOAD ./vehicle/framework/owner_pairing/source/thinkey_owner_pairing.o
LOAD ./vehicle/framework/fw_controller/source/thinkey_fw_controller.o
LOAD ./vehicle/framework/fw_controller/source/thinkey_fw_controller_api.o
LOAD ./vehicle/framework/fw_controller/source/thinkey_fw_dispatch_msg.o
LOAD ./vehicle/framework/fw_controller/source/thinkey_keycontext.o
LOAD ./vehicle/framework/fast_transaction/source/thinkey_fast_transaction.o
LOAD ./vehicle/framework/dk_message_format/source/thinkey_ranging_session_status_subevent.o
LOAD ./vehicle/framework/dk_message_format/source/thinkey_rke.o
LOAD ./vehicle/application/tab_app/source/thinkey_tab_app.o
LOAD ./vehicle/application/source/main.o
LOAD ./vehicle/application/source/thinkey_app.o
LOAD ./vehicle/application/murata_custom/murata_custom.o
LOAD ./vehicle/application/murata_custom/vehicle_operations.o
LOAD ./src/SEGGER_RTT/SEGGER_RTT.o
LOAD ./src/SEGGER_RTT/SEGGER_RTT_printf.o
LOAD ./src/gpt_timer_initialize.o
LOAD ./src/hal_entry.o
LOAD ./src/receiver_task_entry.o
LOAD ./src/semaphore_task_entry.o
LOAD ./src/sender_task_entry.o
LOAD ./ra_gen/common_data.o
LOAD ./ra_gen/hal_data.o
LOAD ./ra_gen/pin_data.o
LOAD ./ra_gen/receiver_task.o
LOAD ./ra_gen/semaphore_task.o
LOAD ./ra_gen/sender_task.o
LOAD ./ra_gen/vector_data.o
LOAD ./ra/fsp/src/rm_freertos_port/port.o
LOAD ./ra/fsp/src/r_spi/r_spi.o
LOAD ./ra/fsp/src/r_ioport/r_ioport.o
LOAD ./ra/fsp/src/r_gpt/r_gpt.o
LOAD ./ra/fsp/src/bsp/mcu/all/bsp_clocks.o
LOAD ./ra/fsp/src/bsp/mcu/all/bsp_common.o
LOAD ./ra/fsp/src/bsp/mcu/all/bsp_delay.o
LOAD ./ra/fsp/src/bsp/mcu/all/bsp_group_irq.o
LOAD ./ra/fsp/src/bsp/mcu/all/bsp_guard.o
LOAD ./ra/fsp/src/bsp/mcu/all/bsp_io.o
LOAD ./ra/fsp/src/bsp/mcu/all/bsp_irq.o
LOAD ./ra/fsp/src/bsp/mcu/all/bsp_register_protection.o
LOAD ./ra/fsp/src/bsp/mcu/all/bsp_rom_registers.o
LOAD ./ra/fsp/src/bsp/mcu/all/bsp_sbrk.o
LOAD ./ra/fsp/src/bsp/mcu/all/bsp_security.o
LOAD ./ra/fsp/src/bsp/cmsis/Device/RENESAS/Source/startup.o
LOAD ./ra/fsp/src/bsp/cmsis/Device/RENESAS/Source/system.o
LOAD ./ra/board/ra6m5_ek/board_init.o
LOAD ./ra/board/ra6m5_ek/board_leds.o
LOAD ./ra/aws/FreeRTOS/FreeRTOS/Source/portable/MemMang/heap_2.o
LOAD ./ra/aws/FreeRTOS/FreeRTOS/Source/event_groups.o
LOAD ./ra/aws/FreeRTOS/FreeRTOS/Source/list.o
LOAD ./ra/aws/FreeRTOS/FreeRTOS/Source/queue.o
LOAD ./ra/aws/FreeRTOS/FreeRTOS/Source/stream_buffer.o
LOAD ./ra/aws/FreeRTOS/FreeRTOS/Source/tasks.o
LOAD ./ra/aws/FreeRTOS/FreeRTOS/Source/timers.o
LOAD ./platform/thinkey_transport_al/source/thinkey_btal.o
LOAD ./platform/thinkey_transport_al/source/thinkey_nal.o
LOAD ./platform/thinkey_transport_al/PTX/RF_TEST/ptxRF_Test.o
LOAD ./platform/thinkey_transport_al/PTX/PLAT/type2ab/ptxPLAT.o
LOAD ./platform/thinkey_transport_al/PTX/PLAT/type2ab/ptxPLAT_SPI.o
LOAD ./platform/thinkey_transport_al/PTX/PLAT/type2ab/ptxPLAT_TIMER.o
LOAD ./platform/thinkey_transport_al/PTX/PLAT/type2ab/thinkey_osal.o
LOAD ./platform/thinkey_transport_al/PTX/NSC/NSC_RD/ptxNSC_Rd.o
LOAD ./platform/thinkey_transport_al/PTX/NSC/NSC_IOTRD/ptxNSC_Notifications.o
LOAD ./platform/thinkey_transport_al/PTX/NSC/NSC_CE/ptxNSC_CE.o
LOAD ./platform/thinkey_transport_al/PTX/NSC/ptxNSC.o
LOAD ./platform/thinkey_transport_al/PTX/NSC/ptxNSC_Intf_SPII2C.o
LOAD ./platform/thinkey_transport_al/PTX/NSC/ptxNSC_RfConfig.o
LOAD ./platform/thinkey_transport_al/PTX/NSC/ptxNSC_RfConfigVal.o
LOAD ./platform/thinkey_transport_al/PTX/NSC/ptxNSC_System.o
LOAD ./platform/thinkey_transport_al/PTX/NSC/ptxNSC_uCODE.o
LOAD ./platform/thinkey_transport_al/PTX/NDEF/ptxNDEF.o
LOAD ./platform/thinkey_transport_al/PTX/NDEF/ptxNDEF_T2TOP.o
LOAD ./platform/thinkey_transport_al/PTX/NDEF/ptxNDEF_T3TOP.o
LOAD ./platform/thinkey_transport_al/PTX/NDEF/ptxNDEF_T4TOP.o
LOAD ./platform/thinkey_transport_al/PTX/NDEF/ptxNDEF_T5TOP.o
LOAD ./platform/thinkey_transport_al/PTX/NATIVE_TAG/ptxNativeTag_T2T.o
LOAD ./platform/thinkey_transport_al/PTX/NATIVE_TAG/ptxNativeTag_T3T.o
LOAD ./platform/thinkey_transport_al/PTX/NATIVE_TAG/ptxNativeTag_T4T.o
LOAD ./platform/thinkey_transport_al/PTX/NATIVE_TAG/ptxNativeTag_T5T.o
LOAD ./platform/thinkey_transport_al/PTX/IOT_READER/ptx_IOT_READER.o
LOAD ./platform/thinkey_transport_al/PTX/HCE/ptxHce.o
LOAD ./platform/thinkey_transport_al/PTX/GPIO/ptxGPIO.o
LOAD ./platform/thinkey_transport_al/PTX/FELICA_DTE/ptxFeliCa_DTE.o
LOAD ./platform/thinkey_transport_al/PTX/COMMON/ptxCOMMON.o
LOAD ./platform/thinkey_transport_al/PTX/COMMON/ptxHce_Exchange.o
LOAD ./platform/thinkey_transport_al/PTX/COMMON/ptxIoTRd_COMMON.o
LOAD ./platform/thinkey_transport_al/PTX/COMMON/ptxT4T.o
LOAD ./platform/thinkey_transport_al/PTX/ptxDBG_PORT.o
LOAD ./platform/thinkey_storage_al/source/thinkey_dkstore.o
LOAD ./platform/thinkey_security_al/mbedtls/source/aes.o
LOAD ./platform/thinkey_security_al/mbedtls/source/aesni.o
LOAD ./platform/thinkey_security_al/mbedtls/source/ansi_x936_kdf.o
LOAD ./platform/thinkey_security_al/mbedtls/source/arc4.o
LOAD ./platform/thinkey_security_al/mbedtls/source/aria.o
LOAD ./platform/thinkey_security_al/mbedtls/source/asn1parse.o
LOAD ./platform/thinkey_security_al/mbedtls/source/asn1write.o
LOAD ./platform/thinkey_security_al/mbedtls/source/base64.o
LOAD ./platform/thinkey_security_al/mbedtls/source/bignum.o
LOAD ./platform/thinkey_security_al/mbedtls/source/blowfish.o
LOAD ./platform/thinkey_security_al/mbedtls/source/camellia.o
LOAD ./platform/thinkey_security_al/mbedtls/source/ccm.o
LOAD ./platform/thinkey_security_al/mbedtls/source/certs.o
LOAD ./platform/thinkey_security_al/mbedtls/source/chacha20.o
LOAD ./platform/thinkey_security_al/mbedtls/source/chachapoly.o
LOAD ./platform/thinkey_security_al/mbedtls/source/cipher.o
LOAD ./platform/thinkey_security_al/mbedtls/source/cipher_wrap.o
LOAD ./platform/thinkey_security_al/mbedtls/source/cmac.o
LOAD ./platform/thinkey_security_al/mbedtls/source/ctr_drbg.o
LOAD ./platform/thinkey_security_al/mbedtls/source/debug.o
LOAD ./platform/thinkey_security_al/mbedtls/source/des.o
LOAD ./platform/thinkey_security_al/mbedtls/source/dhm.o
LOAD ./platform/thinkey_security_al/mbedtls/source/ecdh.o
LOAD ./platform/thinkey_security_al/mbedtls/source/ecdsa.o
LOAD ./platform/thinkey_security_al/mbedtls/source/ecjpake.o
LOAD ./platform/thinkey_security_al/mbedtls/source/ecp.o
LOAD ./platform/thinkey_security_al/mbedtls/source/ecp_curves.o
LOAD ./platform/thinkey_security_al/mbedtls/source/entropy.o
LOAD ./platform/thinkey_security_al/mbedtls/source/entropy_poll.o
LOAD ./platform/thinkey_security_al/mbedtls/source/error.o
LOAD ./platform/thinkey_security_al/mbedtls/source/gcm.o
LOAD ./platform/thinkey_security_al/mbedtls/source/havege.o
LOAD ./platform/thinkey_security_al/mbedtls/source/hkdf.o
LOAD ./platform/thinkey_security_al/mbedtls/source/hmac_drbg.o
LOAD ./platform/thinkey_security_al/mbedtls/source/md.o
LOAD ./platform/thinkey_security_al/mbedtls/source/md2.o
LOAD ./platform/thinkey_security_al/mbedtls/source/md4.o
LOAD ./platform/thinkey_security_al/mbedtls/source/md5.o
LOAD ./platform/thinkey_security_al/mbedtls/source/memory_buffer_alloc.o
LOAD ./platform/thinkey_security_al/mbedtls/source/net_sockets.o
LOAD ./platform/thinkey_security_al/mbedtls/source/nist_kw.o
LOAD ./platform/thinkey_security_al/mbedtls/source/oid.o
LOAD ./platform/thinkey_security_al/mbedtls/source/padlock.o
LOAD ./platform/thinkey_security_al/mbedtls/source/pem.o
LOAD ./platform/thinkey_security_al/mbedtls/source/pk.o
LOAD ./platform/thinkey_security_al/mbedtls/source/pk_wrap.o
LOAD ./platform/thinkey_security_al/mbedtls/source/pkcs11.o
LOAD ./platform/thinkey_security_al/mbedtls/source/pkcs12.o
LOAD ./platform/thinkey_security_al/mbedtls/source/pkcs5.o
LOAD ./platform/thinkey_security_al/mbedtls/source/pkparse.o
LOAD ./platform/thinkey_security_al/mbedtls/source/pkwrite.o
LOAD ./platform/thinkey_security_al/mbedtls/source/platform.o
LOAD ./platform/thinkey_security_al/mbedtls/source/platform_util.o
LOAD ./platform/thinkey_security_al/mbedtls/source/poly1305.o
LOAD ./platform/thinkey_security_al/mbedtls/source/psa_crypto.o
LOAD ./platform/thinkey_security_al/mbedtls/source/psa_crypto_client.o
LOAD ./platform/thinkey_security_al/mbedtls/source/psa_crypto_driver_wrappers.o
LOAD ./platform/thinkey_security_al/mbedtls/source/psa_crypto_ecp.o
LOAD ./platform/thinkey_security_al/mbedtls/source/psa_crypto_rsa.o
LOAD ./platform/thinkey_security_al/mbedtls/source/psa_crypto_se.o
LOAD ./platform/thinkey_security_al/mbedtls/source/psa_crypto_slot_management.o
LOAD ./platform/thinkey_security_al/mbedtls/source/psa_crypto_storage.o
LOAD ./platform/thinkey_security_al/mbedtls/source/psa_its_file.o
LOAD ./platform/thinkey_security_al/mbedtls/source/ripemd160.o
LOAD ./platform/thinkey_security_al/mbedtls/source/rsa.o
LOAD ./platform/thinkey_security_al/mbedtls/source/rsa_internal.o
LOAD ./platform/thinkey_security_al/mbedtls/source/sha1.o
LOAD ./platform/thinkey_security_al/mbedtls/source/sha256.o
LOAD ./platform/thinkey_security_al/mbedtls/source/sha512.o
LOAD ./platform/thinkey_security_al/mbedtls/source/ssl_cache.o
LOAD ./platform/thinkey_security_al/mbedtls/source/ssl_ciphersuites.o
LOAD ./platform/thinkey_security_al/mbedtls/source/ssl_cli.o
LOAD ./platform/thinkey_security_al/mbedtls/source/ssl_cookie.o
LOAD ./platform/thinkey_security_al/mbedtls/source/ssl_msg.o
LOAD ./platform/thinkey_security_al/mbedtls/source/ssl_srv.o
LOAD ./platform/thinkey_security_al/mbedtls/source/ssl_ticket.o
LOAD ./platform/thinkey_security_al/mbedtls/source/ssl_tls.o
LOAD ./platform/thinkey_security_al/mbedtls/source/ssl_tls13_keys.o
LOAD ./platform/thinkey_security_al/mbedtls/source/threading.o
LOAD ./platform/thinkey_security_al/mbedtls/source/timing.o
LOAD ./platform/thinkey_security_al/mbedtls/source/version.o
LOAD ./platform/thinkey_security_al/mbedtls/source/version_features.o
LOAD ./platform/thinkey_security_al/mbedtls/source/x509.o
LOAD ./platform/thinkey_security_al/mbedtls/source/x509_create.o
LOAD ./platform/thinkey_security_al/mbedtls/source/x509_crl.o
LOAD ./platform/thinkey_security_al/mbedtls/source/x509_crt.o
LOAD ./platform/thinkey_security_al/mbedtls/source/x509_csr.o
LOAD ./platform/thinkey_security_al/mbedtls/source/x509write_crt.o
LOAD ./platform/thinkey_security_al/mbedtls/source/x509write_csr.o
LOAD ./platform/thinkey_security_al/mbedtls/source/xtea.o
LOAD ./platform/thinkey_security_al/thinkey_se_al.o
LOAD ./platform/thinkey_ranging_al/source/thinkey_ral.o
LOAD ./platform/thinkey_debug_al/source/thinkey_debug.o
LOAD ./platform/thinkey_debug_al/source/uart_debug.o
LOAD ./platform/thinkey_bsp_al/source/thinkey_bspal.o
END GROUP
START GROUP
LOAD c:/program files (x86)/arm gnu toolchain arm-none-eabi/12.2 mpacbti-rel1/bin/../lib/gcc/arm-none-eabi/12.2.1/thumb/v8-m.main+fp/hard\libgcc.a
LOAD c:/program files (x86)/arm gnu toolchain arm-none-eabi/12.2 mpacbti-rel1/bin/../lib/gcc/arm-none-eabi/12.2.1/thumb/v8-m.main+fp/hard\libg_nano.a
LOAD c:/program files (x86)/arm gnu toolchain arm-none-eabi/12.2 mpacbti-rel1/bin/../lib/gcc/arm-none-eabi/12.2.1/thumb/v8-m.main+fp/hard\libc_nano.a
END GROUP
START GROUP
LOAD c:/program files (x86)/arm gnu toolchain arm-none-eabi/12.2 mpacbti-rel1/bin/../lib/gcc/arm-none-eabi/12.2.1/thumb/v8-m.main+fp/hard\libgcc.a
LOAD c:/program files (x86)/arm gnu toolchain arm-none-eabi/12.2 mpacbti-rel1/bin/../lib/gcc/arm-none-eabi/12.2.1/thumb/v8-m.main+fp/hard\libc_nano.a
LOAD c:/program files (x86)/arm gnu toolchain arm-none-eabi/12.2 mpacbti-rel1/bin/../lib/gcc/arm-none-eabi/12.2.1/thumb/v8-m.main+fp/hard\librdimon_nano.a
END GROUP
START GROUP
LOAD c:/program files (x86)/arm gnu toolchain arm-none-eabi/12.2 mpacbti-rel1/bin/../lib/gcc/arm-none-eabi/12.2.1/thumb/v8-m.main+fp/hard\libgcc.a
LOAD c:/program files (x86)/arm gnu toolchain arm-none-eabi/12.2 mpacbti-rel1/bin/../lib/gcc/arm-none-eabi/12.2.1/thumb/v8-m.main+fp/hard\libc_nano.a
LOAD c:/program files (x86)/arm gnu toolchain arm-none-eabi/12.2 mpacbti-rel1/bin/../lib/gcc/arm-none-eabi/12.2.1/thumb/v8-m.main+fp/hard\librdimon_nano.a
END GROUP
LOAD c:/program files (x86)/arm gnu toolchain arm-none-eabi/12.2 mpacbti-rel1/bin/../lib/gcc/arm-none-eabi/12.2.1/thumb/v8-m.main+fp/hard/crtend.o
LOAD c:/program files (x86)/arm gnu toolchain arm-none-eabi/12.2 mpacbti-rel1/bin/../lib/gcc/arm-none-eabi/12.2.1/thumb/v8-m.main+fp/hard/crtn.o
                0x20000000                        RAM_START = 0x20000000
                0x00080000                        RAM_LENGTH = 0x80000
                0x00000000                        FLASH_START = 0x0
                0x00200000                        FLASH_LENGTH = 0x200000
                0x08000000                        DATA_FLASH_START = 0x8000000
                0x00002000                        DATA_FLASH_LENGTH = 0x2000
                0x0100a100                        OPTION_SETTING_START = 0x100a100
                0x00000100                        OPTION_SETTING_LENGTH = 0x100
                0x0100a200                        OPTION_SETTING_S_START = 0x100a200
                0x00000100                        OPTION_SETTING_S_LENGTH = 0x100
                0x00000000                        ID_CODE_START = 0x0
                0x00000000                        ID_CODE_LENGTH = 0x0
                0x80010000                        SDRAM_START = 0x80010000
                0x00000000                        SDRAM_LENGTH = 0x0
                0x60000000                        QSPI_FLASH_START = 0x60000000
                0x04000000                        QSPI_FLASH_LENGTH = 0x4000000
                0x68000000                        OSPI_DEVICE_0_START = 0x68000000
                0x08000000                        OSPI_DEVICE_0_LENGTH = 0x8000000
                0x70000000                        OSPI_DEVICE_1_START = 0x70000000
                0x10000000                        OSPI_DEVICE_1_LENGTH = 0x10000000
                0x04000000                        QSPI_FLASH_PRV_LENGTH = DEFINED (QSPI_FLASH_SIZE)?ABSOLUTE (QSPI_FLASH_SIZE):ABSOLUTE (QSPI_FLASH_LENGTH)
                0x08000000                        OSPI_DEVICE_0_PRV_LENGTH = DEFINED (OSPI_DEVICE_0_SIZE)?ABSOLUTE (OSPI_DEVICE_0_SIZE):ABSOLUTE (OSPI_DEVICE_0_LENGTH)
                0x10000000                        OSPI_DEVICE_1_PRV_LENGTH = DEFINED (OSPI_DEVICE_1_SIZE)?ABSOLUTE (OSPI_DEVICE_1_SIZE):ABSOLUTE (OSPI_DEVICE_1_LENGTH)
                0x00000000                        __RESERVE_NS_RAM = ((! (DEFINED (PROJECT_NONSECURE)) && DEFINED (RAM_NS_BUFFER_LENGTH)) && (OPTION_SETTING_S_LENGTH != 0x0))
                0x00000000                        ITCM_START = DEFINED (ITCM_START)?ITCM_START:0x0
                0x00000000                        ITCM_LENGTH = DEFINED (ITCM_LENGTH)?ITCM_LENGTH:0x0
                0x00000000                        DTCM_START = DEFINED (DTCM_START)?DTCM_START:0x0
                0x00000000                        DTCM_LENGTH = DEFINED (DTCM_LENGTH)?DTCM_LENGTH:0x0
                0x00000000                        NS_OFFSET_START = DEFINED (NS_OFFSET_START)?NS_OFFSET_START:0x0
                0x00000000                        NS_IMAGE_OFFSET = DEFINED (PROJECT_NONSECURE)?NS_OFFSET_START:0x0
                0x00000000                        RAM_NS_BUFFER_BLOCK_LENGTH = DEFINED (RAM_NS_BUFFER_LENGTH)?ALIGN (RAM_NS_BUFFER_LENGTH, 0x2000):0x0
                0x00000000                        RAM_NS_BUFFER_LENGTH = DEFINED (RAM_NS_BUFFER_LENGTH)?RAM_NS_BUFFER_LENGTH:0x0
                0x20080000                        RAM_NS_BUFFER_START = ((RAM_START + RAM_LENGTH) - RAM_NS_BUFFER_LENGTH)
                0x20080000                        RAM_NS_BUFFER_BLOCK_START = ((RAM_START + RAM_LENGTH) - RAM_NS_BUFFER_BLOCK_LENGTH)
                0x0100a180                        OPTION_SETTING_START_NS = DEFINED (PROJECT_NONSECURE)?OPTION_SETTING_START:(OPTION_SETTING_START + 0x80)
                0x00000001                        __bl_FSP_BOOTABLE_IMAGE = 0x1
                0x00000001                        __bln_FSP_BOOTABLE_IMAGE = 0x1
                0x00000001                        PROJECT_SECURE_OR_FLAT = (((! (DEFINED (PROJECT_NONSECURE)) || DEFINED (PROJECT_SECURE)) && OPTION_SETTING_LENGTH) && ! (DEFINED (FSP_BOOTABLE_IMAGE)))
                0x00000000                        USE_OPTION_SETTING_NS = (DEFINED (PROJECT_NONSECURE) && ! (DEFINED (FSP_BOOTABLE_IMAGE)))
                0x00000000                        __bl_FLASH_IMAGE_START = ! (DEFINED (FLASH_BOOTLOADER_LENGTH))?0x0:(FLASH_APPLICATION_IMAGE_NUMBER == 0x1)?(FLASH_BOOTLOADER_LENGTH + FLASH_BOOTLOADER_HEADER_LENGTH):(((FLASH_BOOTLOADER_LENGTH + FLASH_BOOTLOADER_SCRATCH_LENGTH) + FLASH_APPLICATION_S_LENGTH) + FLASH_BOOTLOADER_HEADER_LENGTH)
                0x00000000                        __bl_FLASH_IMAGE_LENGTH = ! (DEFINED (FLASH_BOOTLOADER_LENGTH))?0x0:(FLASH_APPLICATION_S_LENGTH - FLASH_BOOTLOADER_HEADER_LENGTH)
                0x00000000                        __bl_FLASH_IMAGE_END = (__bl_FLASH_IMAGE_START + __bl_FLASH_IMAGE_LENGTH)
                0x00000000                        __bl_XIP_SECONDARY_FLASH_IMAGE_START = ! (DEFINED (FLASH_BOOTLOADER_LENGTH))?0x0:((FLASH_BOOTLOADER_LENGTH + FLASH_APPLICATION_S_LENGTH) + FLASH_BOOTLOADER_HEADER_LENGTH)
                0x00000000                        __bl_XIP_SECONDARY_FLASH_IMAGE_END = (__bl_XIP_SECONDARY_FLASH_IMAGE_START + __bl_FLASH_IMAGE_LENGTH)
                0x00000000                        __bl_FLASH_NS_START = ! (DEFINED (FLASH_BOOTLOADER_LENGTH))?0x0:(FLASH_APPLICATION_NS_LENGTH == 0x0)?__bl_FLASH_IMAGE_END:((__bl_FLASH_IMAGE_START - FLASH_BOOTLOADER_HEADER_LENGTH) + FLASH_APPLICATION_S_LENGTH)
                0x00000000                        __bl_FLASH_NSC_START = ! (DEFINED (FLASH_BOOTLOADER_LENGTH))?0x0:(FLASH_APPLICATION_NS_LENGTH == 0x0)?__bl_FLASH_IMAGE_END:(__bl_FLASH_NS_START - FLASH_APPLICATION_NSC_LENGTH)
                0x00000000                        __bl_RAM_NS_START = ! (DEFINED (FLASH_BOOTLOADER_LENGTH))?0x0:(FLASH_APPLICATION_NS_LENGTH == 0x0)?(RAM_START + RAM_LENGTH):((RAM_START + RAM_LENGTH) - RAM_APPLICATION_NS_LENGTH)
                0x00000000                        __bl_RAM_NSC_START = ! (DEFINED (FLASH_BOOTLOADER_LENGTH))?0x0:(FLASH_APPLICATION_NS_LENGTH == 0x0)?(RAM_START + RAM_LENGTH):(__bl_RAM_NS_START - RAM_APPLICATION_NSC_LENGTH)
                0x00000000                        __bl_FLASH_NS_IMAGE_START = ! (DEFINED (FLASH_BOOTLOADER_LENGTH))?0x0:(FLASH_APPLICATION_NS_LENGTH == 0x0)?__bl_FLASH_IMAGE_END:(__bl_FLASH_NS_START + FLASH_BOOTLOADER_HEADER_LENGTH_2)
                0x00000000                        __bln_FLASH_IMAGE_START = __bl_FLASH_NS_IMAGE_START
                0x00000000                        __bln_FLASH_IMAGE_LENGTH = ! (DEFINED (FLASH_BOOTLOADER_LENGTH))?0x0:(FLASH_APPLICATION_NS_LENGTH == 0x0)?__bl_FLASH_IMAGE_END:(FLASH_APPLICATION_NS_LENGTH - FLASH_BOOTLOADER_HEADER_LENGTH_2)
                0x00000000                        XIP_SECONDARY_SLOT_IMAGE = DEFINED (XIP_SECONDARY_SLOT_IMAGE)?XIP_SECONDARY_SLOT_IMAGE:0x0
                0x00000000                        FLASH_ORIGIN = ! (DEFINED (FLASH_IMAGE_START))?FLASH_START:(XIP_SECONDARY_SLOT_IMAGE == 0x1)?XIP_SECONDARY_FLASH_IMAGE_START:FLASH_IMAGE_START
                0x00200000                        LIMITED_FLASH_LENGTH = DEFINED (FLASH_IMAGE_LENGTH)?FLASH_IMAGE_LENGTH:DEFINED (FLASH_BOOTLOADER_LENGTH)?FLASH_BOOTLOADER_LENGTH:FLASH_LENGTH
START GROUP
LOAD c:/program files (x86)/arm gnu toolchain arm-none-eabi/12.2 mpacbti-rel1/bin/../lib/gcc/arm-none-eabi/12.2.1/thumb/v8-m.main+fp/hard\libgcc.a
LOAD c:/program files (x86)/arm gnu toolchain arm-none-eabi/12.2 mpacbti-rel1/bin/../lib/gcc/arm-none-eabi/12.2.1/thumb/v8-m.main+fp/hard\libc.a
LOAD c:/program files (x86)/arm gnu toolchain arm-none-eabi/12.2 mpacbti-rel1/bin/../lib/gcc/arm-none-eabi/12.2.1/thumb/v8-m.main+fp/hard\libm.a
LOAD c:/program files (x86)/arm gnu toolchain arm-none-eabi/12.2 mpacbti-rel1/bin/../lib/gcc/arm-none-eabi/12.2.1/thumb/v8-m.main+fp/hard\libnosys.a
END GROUP

.text           0x00000000    0x40dd4
                0x00000000                        __tz_FLASH_S = ABSOLUTE (FLASH_START)
                0x00000000                        __ROM_Start = .
 *(.fixed_vectors*)
 .fixed_vectors
                0x00000000       0x40 ./ra/fsp/src/bsp/cmsis/Device/RENESAS/Source/startup.o
                0x00000000                __Vectors
 *(.application_vectors*)
 .application_vectors
                0x00000040      0x180 ./ra_gen/vector_data.o
                0x00000040                g_vector_table
                0x000001c0                        __Vectors_End = .
                0x000001c0                        . = (OPTION_SETTING_LENGTH > 0x0)?.:(__ROM_Start + 0x400)
 *(.rom_registers*)
                0x000001c0                        . = (OPTION_SETTING_LENGTH > 0x0)?.:(__ROM_Start + 0x500)
                0x00000200                        . = ALIGN (0x80)
 *fill*         0x000001c0       0x40 ff
 *(.mcuboot_sce9_key*)
 *(.text*)
 .text.deregister_tm_clones
                0x00000200       0x1c c:/program files (x86)/arm gnu toolchain arm-none-eabi/12.2 mpacbti-rel1/bin/../lib/gcc/arm-none-eabi/12.2.1/thumb/v8-m.main+fp/hard/crtbegin.o
 .text.register_tm_clones
                0x0000021c       0x28 c:/program files (x86)/arm gnu toolchain arm-none-eabi/12.2 mpacbti-rel1/bin/../lib/gcc/arm-none-eabi/12.2.1/thumb/v8-m.main+fp/hard/crtbegin.o
 .text.__do_global_dtors_aux
                0x00000244       0x28 c:/program files (x86)/arm gnu toolchain arm-none-eabi/12.2 mpacbti-rel1/bin/../lib/gcc/arm-none-eabi/12.2.1/thumb/v8-m.main+fp/hard/crtbegin.o
 .text.frame_dummy
                0x0000026c       0x24 c:/program files (x86)/arm gnu toolchain arm-none-eabi/12.2 mpacbti-rel1/bin/../lib/gcc/arm-none-eabi/12.2.1/thumb/v8-m.main+fp/hard/crtbegin.o
 .text.ThinKey_Ble_eInit
                0x00000290       0x1c ./vehicle/transport/core/source/thinkey_ble_transport.o
                0x00000290                ThinKey_Ble_eInit
 .text.ThinKey_Ble_eStartNewKeyDetection
                0x000002ac       0x40 ./vehicle/transport/core/source/thinkey_ble_transport.o
                0x000002ac                ThinKey_Ble_eStartNewKeyDetection
 .text.ThinKey_Ble_eStopNewKeyDetection
                0x000002ec       0x1c ./vehicle/transport/core/source/thinkey_ble_transport.o
                0x000002ec                ThinKey_Ble_eStopNewKeyDetection
 .text.ThinKey_Ble_eStartKeyDetection
                0x00000308       0x40 ./vehicle/transport/core/source/thinkey_ble_transport.o
                0x00000308                ThinKey_Ble_eStartKeyDetection
 .text.ThinKey_Ble_eStopKeyDetection
                0x00000348       0x1c ./vehicle/transport/core/source/thinkey_ble_transport.o
                0x00000348                ThinKey_Ble_eStopKeyDetection
 .text.ThinKey_Ble_eSendData
                0x00000364       0x28 ./vehicle/transport/core/source/thinkey_ble_transport.o
                0x00000364                ThinKey_Ble_eSendData
 .text.THINKey_uiBleGeneratePSM
                0x0000038c       0x18 ./vehicle/transport/core/source/thinkey_ble_transport.o
                0x0000038c                THINKey_uiBleGeneratePSM
 .text.tkey_TSS_CheckBTKey
                0x000003a4       0x16 ./vehicle/transport/core/source/thinkey_ble_transport.o
                0x000003a4                tkey_TSS_CheckBTKey
 *fill*         0x000003ba        0x2 ff
 .text.tkey_Nfc_AllocateHandle
                0x000003bc       0x14 ./vehicle/transport/core/source/thinkey_nfc_transport.o
                0x000003bc                tkey_Nfc_AllocateHandle
 .text.tkey_Nfc_Init
                0x000003d0       0x68 ./vehicle/transport/core/source/thinkey_nfc_transport.o
                0x000003d0                tkey_Nfc_Init
 .text.tkey_Nfc_DeInit
                0x00000438       0x2c ./vehicle/transport/core/source/thinkey_nfc_transport.o
                0x00000438                tkey_Nfc_DeInit
 .text.tkey_Nfc_StartNewKeyDetection
                0x00000464       0x2e ./vehicle/transport/core/source/thinkey_nfc_transport.o
                0x00000464                tkey_Nfc_StartNewKeyDetection
 .text.tkey_Nfc_StopNewKeyDetection
                0x00000492       0x2e ./vehicle/transport/core/source/thinkey_nfc_transport.o
                0x00000492                tkey_Nfc_StopNewKeyDetection
 .text.tkey_Nfc_StartKeyDetection
                0x000004c0       0x2e ./vehicle/transport/core/source/thinkey_nfc_transport.o
                0x000004c0                tkey_Nfc_StartKeyDetection
 .text.tkey_Nfc_StopKeyDetection
                0x000004ee       0x28 ./vehicle/transport/core/source/thinkey_nfc_transport.o
                0x000004ee                tkey_Nfc_StopKeyDetection
 .text.tkey_Nfc_eRemoveKey
                0x00000516       0x2c ./vehicle/transport/core/source/thinkey_nfc_transport.o
                0x00000516                tkey_Nfc_eRemoveKey
 .text.tkey_Nfc_eSendData
                0x00000542       0x32 ./vehicle/transport/core/source/thinkey_nfc_transport.o
                0x00000542                tkey_Nfc_eSendData
 .text.tkey_Nfc_KeyFoundCb
                0x00000574       0x78 ./vehicle/transport/core/source/thinkey_nfc_transport.o
                0x00000574                tkey_Nfc_KeyFoundCb
 .text.tkey_Nfc_KeyRemovedCb
                0x000005ec       0x36 ./vehicle/transport/core/source/thinkey_nfc_transport.o
                0x000005ec                tkey_Nfc_KeyRemovedCb
 *fill*         0x00000622        0x2 ff
 .text.tkey_Nfc_DataReceivedCb
                0x00000624       0x4c ./vehicle/transport/core/source/thinkey_nfc_transport.o
                0x00000624                tkey_Nfc_DataReceivedCb
 .text.tkey_TSS_CheckNfcKey
                0x00000670       0x54 ./vehicle/transport/core/source/thinkey_nfc_transport.o
                0x00000670                tkey_TSS_CheckNfcKey
 .text.THINKey_hTransportSSInit
                0x000006c4      0x124 ./vehicle/transport/core/source/thinkey_transport_ss_api.o
                0x000006c4                THINKey_hTransportSSInit
 .text.THINKey_hTransportSSDeInit
                0x000007e8       0x32 ./vehicle/transport/core/source/thinkey_transport_ss_api.o
                0x000007e8                THINKey_hTransportSSDeInit
 .text.THINKey_eRegisterKeyFoundCallback
                0x0000081a       0x22 ./vehicle/transport/core/source/thinkey_transport_ss_api.o
                0x0000081a                THINKey_eRegisterKeyFoundCallback
 .text.THINKey_eRegisterKeyRemovedCallback
                0x0000083c       0x22 ./vehicle/transport/core/source/thinkey_transport_ss_api.o
                0x0000083c                THINKey_eRegisterKeyRemovedCallback
 *fill*         0x0000085e        0x2 ff
 .text.THINKey_eEnableNewKeyDetection
                0x00000860       0x60 ./vehicle/transport/core/source/thinkey_transport_ss_api.o
                0x00000860                THINKey_eEnableNewKeyDetection
 .text.THINKey_eDisableNewKeyDetection
                0x000008c0       0x60 ./vehicle/transport/core/source/thinkey_transport_ss_api.o
                0x000008c0                THINKey_eDisableNewKeyDetection
 .text.THINKey_eEnableKeyDetection
                0x00000920       0x6c ./vehicle/transport/core/source/thinkey_transport_ss_api.o
                0x00000920                THINKey_eEnableKeyDetection
 .text.THINKey_eDisableKeyDetection
                0x0000098c       0x64 ./vehicle/transport/core/source/thinkey_transport_ss_api.o
                0x0000098c                THINKey_eDisableKeyDetection
 .text.THINKey_eRemoveKey
                0x000009f0       0x7c ./vehicle/transport/core/source/thinkey_transport_ss_api.o
                0x000009f0                THINKey_eRemoveKey
 .text.THINKey_eSendData
                0x00000a6c       0x98 ./vehicle/transport/core/source/thinkey_transport_ss_api.o
                0x00000a6c                THINKey_eSendData
 .text.THINKey_eRegisterDataReceivedCallback
                0x00000b04       0x22 ./vehicle/transport/core/source/thinkey_transport_ss_api.o
                0x00000b04                THINKey_eRegisterDataReceivedCallback
 .text.THINKey_eRegisterPairAndBondCallback
                0x00000b26       0x22 ./vehicle/transport/core/source/thinkey_transport_ss_api.o
                0x00000b26                THINKey_eRegisterPairAndBondCallback
 .text.hTransportSSHandleInit
                0x00000b48       0x14 ./vehicle/transport/core/source/thinkey_transport_ss_api.o
                0x00000b48                hTransportSSHandleInit
 .text.hCreateTransportEventQueue
                0x00000b5c       0x38 ./vehicle/transport/core/source/thinkey_transport_ss_api.o
                0x00000b5c                hCreateTransportEventQueue
 .text.eCreateEventTask
                0x00000b94       0x34 ./vehicle/transport/core/source/thinkey_transport_ss_api.o
                0x00000b94                eCreateEventTask
 .text.hGetTransportSSHandle
                0x00000bc8       0x14 ./vehicle/transport/core/source/thinkey_transport_ss_api.o
                0x00000bc8                hGetTransportSSHandle
 .text.tkey_TSS_GetTransportType
                0x00000bdc       0x5c ./vehicle/transport/core/source/thinkey_transport_ss_api.o
                0x00000bdc                tkey_TSS_GetTransportType
 .text.vTransportEventTask
                0x00000c38      0x250 ./vehicle/transport/core/source/transport_event_handler.o
                0x00000c38                vTransportEventTask
 .text.tkey_GetSpake2Context
                0x00000e88       0x1c ./vehicle/security/crypto_spake2/source/thinkey_spake2.o
 .text.TKey_Spake2_Init
                0x00000ea4      0x1a4 ./vehicle/security/crypto_spake2/source/thinkey_spake2.o
                0x00000ea4                TKey_Spake2_Init
 .text.TKey_Spake2_FormatSelectCommand
                0x00001048       0x56 ./vehicle/security/crypto_spake2/source/thinkey_spake2.o
                0x00001048                TKey_Spake2_FormatSelectCommand
 .text.TKey_Spake2_FormatSpake2ReqCommand
                0x0000109e       0x6e ./vehicle/security/crypto_spake2/source/thinkey_spake2.o
                0x0000109e                TKey_Spake2_FormatSpake2ReqCommand
 .text.TKey_Spake2_FormatSpake2VerifyCommand
                0x0000110c       0x60 ./vehicle/security/crypto_spake2/source/thinkey_spake2.o
                0x0000110c                TKey_Spake2_FormatSpake2VerifyCommand
 .text.TKey_Spake2_ProcessSpake2SelectResponse
                0x0000116c       0x62 ./vehicle/security/crypto_spake2/source/thinkey_spake2.o
                0x0000116c                TKey_Spake2_ProcessSpake2SelectResponse
 .text.TKey_Spake2_ProcessSpake2ReqResponse
                0x000011ce       0x56 ./vehicle/security/crypto_spake2/source/thinkey_spake2.o
                0x000011ce                TKey_Spake2_ProcessSpake2ReqResponse
 .text.TKey_Spake2_ProcessSpake2VerifyResponse
                0x00001224       0x5c ./vehicle/security/crypto_spake2/source/thinkey_spake2.o
                0x00001224                TKey_Spake2_ProcessSpake2VerifyResponse
 .text.TKey_Enc_Header
                0x00001280       0xdc ./vehicle/security/crypto_spake2/source/thinkey_spake2_command_parse_format.o
                0x00001280                TKey_Enc_Header
 .text.tkey_Spake2_PackSpake2SelectCommand
                0x0000135c       0xb4 ./vehicle/security/crypto_spake2/source/thinkey_spake2_command_parse_format.o
                0x0000135c                tkey_Spake2_PackSpake2SelectCommand
 .text.tkey_Spake2_ParseSpake2SelectResponse
                0x00001410       0xa0 ./vehicle/security/crypto_spake2/source/thinkey_spake2_command_parse_format.o
                0x00001410                tkey_Spake2_ParseSpake2SelectResponse
 .text.tkey_Spake2_PackSpake2ReqCommand
                0x000014b0      0x2a8 ./vehicle/security/crypto_spake2/source/thinkey_spake2_command_parse_format.o
                0x000014b0                tkey_Spake2_PackSpake2ReqCommand
 .text.tkey_Spake2_ParseSpake2ReqResponse
                0x00001758       0x62 ./vehicle/security/crypto_spake2/source/thinkey_spake2_command_parse_format.o
                0x00001758                tkey_Spake2_ParseSpake2ReqResponse
 *fill*         0x000017ba        0x2 ff
 .text.tkey_Spake2_PackSpake2VerifyCommand
                0x000017bc       0xf0 ./vehicle/security/crypto_spake2/source/thinkey_spake2_command_parse_format.o
                0x000017bc                tkey_Spake2_PackSpake2VerifyCommand
 .text.tkey_Spake2_ParseSpake2VerifyResponse
                0x000018ac       0x62 ./vehicle/security/crypto_spake2/source/thinkey_spake2_command_parse_format.o
                0x000018ac                tkey_Spake2_ParseSpake2VerifyResponse
 .text.tkey_Spake2_GetSelectCommand
                0x0000190e       0x6a ./vehicle/security/crypto_spake2/source/thinkey_spake2_commands.o
                0x0000190e                tkey_Spake2_GetSelectCommand
 .text.tkey_Spake2_CheckSelectResponse
                0x00001978       0x58 ./vehicle/security/crypto_spake2/source/thinkey_spake2_commands.o
                0x00001978                tkey_Spake2_CheckSelectResponse
 .text.tkey_Spake2_GetSpake2ReqCommand
                0x000019d0       0x68 ./vehicle/security/crypto_spake2/source/thinkey_spake2_commands.o
                0x000019d0                tkey_Spake2_GetSpake2ReqCommand
 .text.tkey_Spake2_CheckSpake2ReqResponse
                0x00001a38       0x4e ./vehicle/security/crypto_spake2/source/thinkey_spake2_commands.o
                0x00001a38                tkey_Spake2_CheckSpake2ReqResponse
 *fill*         0x00001a86        0x2 ff
 .text.tkey_Spake2_GetSpake2VerifyCommand
                0x00001a88      0x308 ./vehicle/security/crypto_spake2/source/thinkey_spake2_commands.o
                0x00001a88                tkey_Spake2_GetSpake2VerifyCommand
 .text.tkey_Spake2_CheckSpake2VerifyResponse
                0x00001d90      0x24c ./vehicle/security/crypto_spake2/source/thinkey_spake2_commands.o
                0x00001d90                tkey_Spake2_CheckSpake2VerifyResponse
 .text.tkey_Spake2_EncryptAndAuth
                0x00001fdc      0x332 ./vehicle/security/crypto_spake2/source/thinkey_spake2_commands.o
                0x00001fdc                tkey_Spake2_EncryptAndAuth
 *fill*         0x0000230e        0x2 ff
 .text.tkey_Spake2_DecryptAndAuth
                0x00002310      0x1f4 ./vehicle/security/crypto_spake2/source/thinkey_spake2_commands.o
                0x00002310                tkey_Spake2_DecryptAndAuth
 .text.tkey_DKCreation_EPCreateDataInit
                0x00002504       0x50 ./vehicle/security/crypto_dk_creation/source/thinkey_dk_creation.o
                0x00002504                tkey_DKCreation_EPCreateDataInit
 .text.TKey_DKCreation_Init
                0x00002554       0xdc ./vehicle/security/crypto_dk_creation/source/thinkey_dk_creation.o
                0x00002554                TKey_DKCreation_Init
 .text.TKey_DKCreation_FormatWriteDataCommand
                0x00002630      0x27c ./vehicle/security/crypto_dk_creation/source/thinkey_dk_creation.o
                0x00002630                TKey_DKCreation_FormatWriteDataCommand
 .text.TKey_DKCreation_ProcessWriteDataResponse
                0x000028ac       0x7e ./vehicle/security/crypto_dk_creation/source/thinkey_dk_creation.o
                0x000028ac                TKey_DKCreation_ProcessWriteDataResponse
 *fill*         0x0000292a        0x2 ff
 .text.TKey_DKCreation_FormatGetDataCommand
                0x0000292c      0x108 ./vehicle/security/crypto_dk_creation/source/thinkey_dk_creation.o
                0x0000292c                TKey_DKCreation_FormatGetDataCommand
 .text.TKey_DKCreation_ProcessGetDataResponse
                0x00002a34      0x294 ./vehicle/security/crypto_dk_creation/source/thinkey_dk_creation.o
                0x00002a34                TKey_DKCreation_ProcessGetDataResponse
 .text.TKey_DKCreation_FormatGetRspCommand
                0x00002cc8       0xba ./vehicle/security/crypto_dk_creation/source/thinkey_dk_creation.o
                0x00002cc8                TKey_DKCreation_FormatGetRspCommand
 *fill*         0x00002d82        0x2 ff
 .text.TKey_DKCreation_ProcessGetRspResponse
                0x00002d84      0x274 ./vehicle/security/crypto_dk_creation/source/thinkey_dk_creation.o
                0x00002d84                TKey_DKCreation_ProcessGetRspResponse
 .text.TKey_DKCreation_FormatOPControlFlowCommand
                0x00002ff8       0x58 ./vehicle/security/crypto_dk_creation/source/thinkey_dk_creation.o
                0x00002ff8                TKey_DKCreation_FormatOPControlFlowCommand
 .text.TKey_DKCreation_ProcessOPControlFlowResponse
                0x00003050       0x3e ./vehicle/security/crypto_dk_creation/source/thinkey_dk_creation.o
                0x00003050                TKey_DKCreation_ProcessOPControlFlowResponse
 *fill*         0x0000308e        0x2 ff
 .text.tkey_DKCreation_VerifyCertAndStoreDK
                0x00003090       0xcc ./vehicle/security/crypto_dk_creation/source/thinkey_dk_creation.o
                0x00003090                tkey_DKCreation_VerifyCertAndStoreDK
 .text.tkey_DKCreation_IsGetDataRemaining
                0x0000315c       0x1e ./vehicle/security/crypto_dk_creation/source/thinkey_dk_creation.o
                0x0000315c                tkey_DKCreation_IsGetDataRemaining
 .text.tkey_DKCreation_IsWriteAttestation
                0x0000317a       0x4a ./vehicle/security/crypto_dk_creation/source/thinkey_dk_creation.o
                0x0000317a                tkey_DKCreation_IsWriteAttestation
 .text.tkey_DKCreation_GetWriteData
                0x000031c4       0x46 ./vehicle/security/crypto_dk_creation/source/thinkey_dk_creation.o
                0x000031c4                tkey_DKCreation_GetWriteData
 .text.tkey_DKCreation_GetEPConfiguration
                0x0000320a      0x156 ./vehicle/security/crypto_dk_creation/source/thinkey_dk_creation.o
                0x0000320a                tkey_DKCreation_GetEPConfiguration
 .text.tkey_DKCreation_PackWriteData
                0x00003360      0x11c ./vehicle/security/crypto_dk_creation/source/thinkey_dk_creation_parse_format.o
                0x00003360                tkey_DKCreation_PackWriteData
 .text.tkey_DKCreation_PackWriteDataCommand
                0x0000347c       0xdc ./vehicle/security/crypto_dk_creation/source/thinkey_dk_creation_parse_format.o
                0x0000347c                tkey_DKCreation_PackWriteDataCommand
 .text.tkey_DKCreation_PackGetDataCommand
                0x00003558       0xc8 ./vehicle/security/crypto_dk_creation/source/thinkey_dk_creation_parse_format.o
                0x00003558                tkey_DKCreation_PackGetDataCommand
 .text.tkey_DKCreation_PackGetResponseCommand
                0x00003620       0xc0 ./vehicle/security/crypto_dk_creation/source/thinkey_dk_creation_parse_format.o
                0x00003620                tkey_DKCreation_PackGetResponseCommand
 .text.tkey_DKCreation_PackOPControlFlowCommand
                0x000036e0       0x8a ./vehicle/security/crypto_dk_creation/source/thinkey_dk_creation_parse_format.o
                0x000036e0                tkey_DKCreation_PackOPControlFlowCommand
 .text.tkey_DKCreation_ParseWriteDataResponse
                0x0000376a       0x6c ./vehicle/security/crypto_dk_creation/source/thinkey_dk_creation_parse_format.o
                0x0000376a                tkey_DKCreation_ParseWriteDataResponse
 .text.tkey_DKCreation_ParseGetDataResponse
                0x000037d6       0xde ./vehicle/security/crypto_dk_creation/source/thinkey_dk_creation_parse_format.o
                0x000037d6                tkey_DKCreation_ParseGetDataResponse
 .text.tkey_DKCreation_ParseGetRspCommandResponse
                0x000038b4       0xdc ./vehicle/security/crypto_dk_creation/source/thinkey_dk_creation_parse_format.o
                0x000038b4                tkey_DKCreation_ParseGetRspCommandResponse
 .text.tkey_DKCreation_ParseOPControlFlowResponse
                0x00003990       0x42 ./vehicle/security/crypto_dk_creation/source/thinkey_dk_creation_parse_format.o
                0x00003990                tkey_DKCreation_ParseOPControlFlowResponse
 *fill*         0x000039d2        0x2 ff
 .text.TKey_DKApplet_GetAuth0Command
                0x000039d4       0x84 ./vehicle/security/crypto_digitalkey_applet/source/thinkey_auth0.o
                0x000039d4                TKey_DKApplet_GetAuth0Command
 .text.THINKey_eGetAUTH0CommandParams
                0x00003a58      0x1c0 ./vehicle/security/crypto_digitalkey_applet/source/thinkey_auth0.o
                0x00003a58                THINKey_eGetAUTH0CommandParams
 .text.THINKey_eProcessAUTH0Response
                0x00003c18      0x438 ./vehicle/security/crypto_digitalkey_applet/source/thinkey_auth0.o
                0x00003c18                THINKey_eProcessAUTH0Response
 .text.getEPSignature
                0x00004050       0x52 ./vehicle/security/crypto_digitalkey_applet/source/thinkey_auth1.o
                0x00004050                getEPSignature
 *fill*         0x000040a2        0x2 ff
 .text.TKey_DKApplet_GetAuth1Command
                0x000040a4       0x80 ./vehicle/security/crypto_digitalkey_applet/source/thinkey_auth1.o
                0x000040a4                TKey_DKApplet_GetAuth1Command
 .text.THINKey_eGetAUTH1CommandParams
                0x00004124      0x2bc ./vehicle/security/crypto_digitalkey_applet/source/thinkey_auth1.o
                0x00004124                THINKey_eGetAUTH1CommandParams
 .text.THINKey_eProcessAUTH1Response
                0x000043e0      0xe6c ./vehicle/security/crypto_digitalkey_applet/source/thinkey_auth1.o
                0x000043e0                THINKey_eProcessAUTH1Response
 .text.THINKey_GetUrsk
                0x0000524c       0x38 ./vehicle/security/crypto_digitalkey_applet/source/thinkey_auth1.o
                0x0000524c                THINKey_GetUrsk
 .text.TKey_DKApplet_GetControlFlowCommand
                0x00005284       0x28 ./vehicle/security/crypto_digitalkey_applet/source/thinkey_control_flow.o
                0x00005284                TKey_DKApplet_GetControlFlowCommand
 .text.tkey_Crypto_SetContext
                0x000052ac       0xb4 ./vehicle/security/crypto_digitalkey_applet/source/thinkey_crypto_context.o
                0x000052ac                tkey_Crypto_SetContext
 .text.tkey_Crypto_GetContext
                0x00005360       0x1c ./vehicle/security/crypto_digitalkey_applet/source/thinkey_crypto_context.o
                0x00005360                tkey_Crypto_GetContext
 .text.THINKey_eGetExchangeCommandParams
                0x0000537c      0x27c ./vehicle/security/crypto_digitalkey_applet/source/thinkey_exchange.o
                0x0000537c                THINKey_eGetExchangeCommandParams
 .text.TKey_ProcessExchangeResponse
                0x000055f8       0x20 ./vehicle/security/crypto_digitalkey_applet/source/thinkey_exchange.o
                0x000055f8                TKey_ProcessExchangeResponse
 .text.TKey_DKApplet_GetExchangeCommand
                0x00005618       0xb0 ./vehicle/security/crypto_digitalkey_applet/source/thinkey_exchange.o
                0x00005618                TKey_DKApplet_GetExchangeCommand
 .text.THINKey_eGetSelectAppletCommandParams
                0x000056c8       0x6e ./vehicle/security/crypto_digitalkey_applet/source/thinkey_select_applet.o
                0x000056c8                THINKey_eGetSelectAppletCommandParams
 .text.THINKey_eProcessSelectAppletResponse
                0x00005736       0x34 ./vehicle/security/crypto_digitalkey_applet/source/thinkey_select_applet.o
                0x00005736                THINKey_eProcessSelectAppletResponse
 .text.Tkey_Crypto_GetAuthReqChallengeData
                0x0000576a       0x56 ./vehicle/security/crypto_digitalkey_applet/source/thinkey_verifysign.o
                0x0000576a                Tkey_Crypto_GetAuthReqChallengeData
 .text.Tkey_Crypto_VerifySignature
                0x000057c0      0x130 ./vehicle/security/crypto_digitalkey_applet/source/thinkey_verifysign.o
                0x000057c0                Tkey_Crypto_VerifySignature
 .text.TKey_CryptoSS_StorePairedDevice
                0x000058f0       0x50 ./vehicle/security/crypto_data_access/source/thinkey_crypto_data_access.o
                0x000058f0                TKey_CryptoSS_StorePairedDevice
 .text.THINKey_boOwnerKeyPaired
                0x00005940       0x6c ./vehicle/security/crypto_data_access/source/thinkey_crypto_data_access.o
                0x00005940                THINKey_boOwnerKeyPaired
 .text.THINKey_hCryptoSSInit
                0x000059ac       0x24 ./vehicle/security/crypto_common/source/thinkey_crypto_common.o
                0x000059ac                THINKey_hCryptoSSInit
 .text.THINKey_hGetCryptoInstance
                0x000059d0       0x1e ./vehicle/security/crypto_common/source/thinkey_crypto_common.o
                0x000059d0                THINKey_hGetCryptoInstance
 .text.THINKey_eReleaseCryptoInstance
                0x000059ee       0x1e ./vehicle/security/crypto_common/source/thinkey_crypto_common.o
                0x000059ee                THINKey_eReleaseCryptoInstance
 .text.thinkey_entropy_func
                0x00005a0c       0x38 ./vehicle/security/crypto_abs/source/thinkey_crypto_abstraction.o
                0x00005a0c                thinkey_entropy_func
 .text.tkey_AllocateCryptoHandle
                0x00005a44       0x14 ./vehicle/security/crypto_abs/source/thinkey_crypto_abstraction.o
                0x00005a44                tkey_AllocateCryptoHandle
 .text.TKey_SSS_SAL_Init
                0x00005a58       0x1a ./vehicle/security/crypto_abs/source/thinkey_crypto_abstraction.o
                0x00005a58                TKey_SSS_SAL_Init
 *fill*         0x00005a72        0x2 ff
 .text.TKey_SSS_SAL_GenerateRandomNumber
                0x00005a74       0xe0 ./vehicle/security/crypto_abs/source/thinkey_crypto_abstraction.o
                0x00005a74                TKey_SSS_SAL_GenerateRandomNumber
 .text.TKey_SSS_SAL_GenerateKeyPair
                0x00005b54      0x354 ./vehicle/security/crypto_abs/source/thinkey_crypto_abstraction.o
                0x00005b54                TKey_SSS_SAL_GenerateKeyPair
 .text.TKey_SSS_SAL_ComputeECDHSharedKey
                0x00005ea8      0x2d0 ./vehicle/security/crypto_abs/source/thinkey_crypto_abstraction.o
                0x00005ea8                TKey_SSS_SAL_ComputeECDHSharedKey
 .text.TKey_SSS_SAL_GenerateAttSignature
                0x00006178      0x214 ./vehicle/security/crypto_abs/source/thinkey_crypto_abstraction.o
                0x00006178                TKey_SSS_SAL_GenerateAttSignature
 .text.TKey_SSS_SAL_VerifyAttSignature
                0x0000638c      0x260 ./vehicle/security/crypto_abs/source/thinkey_crypto_abstraction.o
                0x0000638c                TKey_SSS_SAL_VerifyAttSignature
 .text.TKey_SSS_SAL_DeriveKeys
                0x000065ec      0x11c ./vehicle/security/crypto_abs/source/thinkey_crypto_abstraction.o
                0x000065ec                TKey_SSS_SAL_DeriveKeys
 .text.TKey_SSS_SAL_ComputeCryptogram
                0x00006708      0x1d0 ./vehicle/security/crypto_abs/source/thinkey_crypto_abstraction.o
                0x00006708                TKey_SSS_SAL_ComputeCryptogram
 .text.TKey_SSS_SAL_AuthenticateAndDecrypt
                0x000068d8      0x508 ./vehicle/security/crypto_abs/source/thinkey_crypto_abstraction.o
                0x000068d8                TKey_SSS_SAL_AuthenticateAndDecrypt
 .text.TKey_SSS_SAL_EncryptAndAuthenticate
                0x00006de0      0x554 ./vehicle/security/crypto_abs/source/thinkey_crypto_abstraction.o
                0x00006de0                TKey_SSS_SAL_EncryptAndAuthenticate
 .text.tkey_SSS_SAL_GenerateCmac
                0x00007334       0xd4 ./vehicle/security/crypto_abs/source/thinkey_crypto_abstraction.o
                0x00007334                tkey_SSS_SAL_GenerateCmac
 .text.tkey_Crypto_GetIV
                0x00007408       0xf4 ./vehicle/security/crypto_abs/source/thinkey_crypto_abstraction.o
 .text.tkey_Crypto_DeriveKeyKDFX963
                0x000074fc       0x70 ./vehicle/security/crypto_abs/source/thinkey_crypto_abstraction.o
 .text.mbedtls_pk_ec
                0x0000756c       0x1a ./vehicle/security/crypto_abs/source/thinkey_crypto_abstraction_ecc.o
 *fill*         0x00007586        0x2 ff
 .text.TKey_CryptoAL_VerifyECCPoint
                0x00007588       0xe4 ./vehicle/security/crypto_abs/source/thinkey_crypto_abstraction_ecc.o
                0x00007588                TKey_CryptoAL_VerifyECCPoint
 .text.TKey_CryptoAL_PublicECPointGeneration
                0x0000766c      0x268 ./vehicle/security/crypto_abs/source/thinkey_crypto_abstraction_ecc.o
                0x0000766c                TKey_CryptoAL_PublicECPointGeneration
 .text.TKey_CryptoAL_GenerateSpake2SharedSecret
                0x000078d4      0x450 ./vehicle/security/crypto_abs/source/thinkey_crypto_abstraction_ecc.o
                0x000078d4                TKey_CryptoAL_GenerateSpake2SharedSecret
 .text.TKey_CryptoAL_ComputeEvidence
                0x00007d24       0xe0 ./vehicle/security/crypto_abs/source/thinkey_crypto_abstraction_ecc.o
                0x00007d24                TKey_CryptoAL_ComputeEvidence
 .text.tkey_ConcatinateSpake2Data
                0x00007e04      0x1ec ./vehicle/security/crypto_abs/source/thinkey_crypto_abstraction_ecc.o
 .text.TKey_CryptoAL_VerifyCertChain
                0x00007ff0      0x238 ./vehicle/security/crypto_abs/source/thinkey_crypto_abstraction_ecc.o
                0x00007ff0                TKey_CryptoAL_VerifyCertChain
 .text.Tkey_CryptoAL_GetPublicKeyFromCertificate
                0x00008228      0x108 ./vehicle/security/crypto_abs/source/thinkey_crypto_abstraction_ecc.o
                0x00008228                Tkey_CryptoAL_GetPublicKeyFromCertificate
 .text.rangingCallback
                0x00008330       0x38 ./vehicle/ranging/source/thinkey_ranging_ss_api.o
 .text.THINKey_hRangingSSInit
                0x00008368       0x2c ./vehicle/ranging/source/thinkey_ranging_ss_api.o
                0x00008368                THINKey_hRangingSSInit
 .text.THINKey_hGetRangingInstance
                0x00008394       0x2a ./vehicle/ranging/source/thinkey_ranging_ss_api.o
                0x00008394                THINKey_hGetRangingInstance
 .text.THINKey_eReleaseRangingInstance
                0x000083be       0x1e ./vehicle/ranging/source/thinkey_ranging_ss_api.o
                0x000083be                THINKey_eReleaseRangingInstance
 .text.THINKey_eRangingSetupInit
                0x000083dc       0x2c ./vehicle/ranging/source/thinkey_ranging_ss_api.o
                0x000083dc                THINKey_eRangingSetupInit
 .text.THINKey_eRangingSetupDeInit
                0x00008408       0x1e ./vehicle/ranging/source/thinkey_ranging_ss_api.o
                0x00008408                THINKey_eRangingSetupDeInit
 .text.THINKey_eRangingSetupTransHandler
                0x00008426       0x20 ./vehicle/ranging/source/thinkey_ranging_ss_api.o
                0x00008426                THINKey_eRangingSetupTransHandler
 .text.THINKey_eRegisterRangingThresholdCallback
                0x00008446       0x2a ./vehicle/ranging/source/thinkey_ranging_ss_api.o
                0x00008446                THINKey_eRegisterRangingThresholdCallback
 .text.THINKey_eRegisterRangingErrorCallback
                0x00008470       0x2a ./vehicle/ranging/source/thinkey_ranging_ss_api.o
                0x00008470                THINKey_eRegisterRangingErrorCallback
 *fill*         0x0000849a        0x2 ff
 .text.THINKey_eStartRangingMode
                0x0000849c       0x28 ./vehicle/ranging/source/thinkey_ranging_ss_api.o
                0x0000849c                THINKey_eStartRangingMode
 .text.THINKey_ePauseAllRanging
                0x000084c4       0x1e ./vehicle/ranging/source/thinkey_ranging_ss_api.o
                0x000084c4                THINKey_ePauseAllRanging
 .text.THINKey_eStopRangingMode
                0x000084e2       0x1e ./vehicle/ranging/source/thinkey_ranging_ss_api.o
                0x000084e2                THINKey_eStopRangingMode
 .text.THINKey_hGetRangingSetupConfigHandle
                0x00008500       0x24 ./vehicle/ranging/source/thinkey_ranging_ss_api.o
                0x00008500                THINKey_hGetRangingSetupConfigHandle
 .text.THINKey_psAllocateStdTransContext
                0x00008524       0x90 ./vehicle/framework/standard_transaction/source/thinkey_standard_transaction.o
 .text.THINKey_eStdTransInit
                0x000085b4       0x3c ./vehicle/framework/standard_transaction/source/thinkey_standard_transaction.o
                0x000085b4                THINKey_eStdTransInit
 .text.THINKey_hGetStdTransInstance
                0x000085f0       0x5c ./vehicle/framework/standard_transaction/source/thinkey_standard_transaction.o
                0x000085f0                THINKey_hGetStdTransInstance
 .text.THINKey_eStdTransHandler
                0x0000864c      0xb4c ./vehicle/framework/standard_transaction/source/thinkey_standard_transaction.o
                0x0000864c                THINKey_eStdTransHandler
 .text.THINKey_eStdTransDeInit
                0x00009198       0x4c ./vehicle/framework/standard_transaction/source/thinkey_standard_transaction.o
                0x00009198                THINKey_eStdTransDeInit
 .text.THINKey_psAllocatePassiveEntryContext
                0x000091e4       0xac ./vehicle/framework/passive_entry/source/thinkey_passive_entry.o
 .text.THINKey_eDeallocatePassiveEntryContext
                0x00009290       0x2a ./vehicle/framework/passive_entry/source/thinkey_passive_entry.o
 *fill*         0x000092ba        0x2 ff
 .text.THINKey_ePassiveEntryInit
                0x000092bc       0x44 ./vehicle/framework/passive_entry/source/thinkey_passive_entry.o
                0x000092bc                THINKey_ePassiveEntryInit
 .text.THINKey_hGetPassiveEntryInstance
                0x00009300       0x5c ./vehicle/framework/passive_entry/source/thinkey_passive_entry.o
                0x00009300                THINKey_hGetPassiveEntryInstance
 .text.THINKey_ePassiveEntryHandler
                0x0000935c      0x7e0 ./vehicle/framework/passive_entry/source/thinkey_passive_entry.o
                0x0000935c                THINKey_ePassiveEntryHandler
 .text.THINKey_ePassiveEntryDeInit
                0x00009b3c      0x130 ./vehicle/framework/passive_entry/source/thinkey_passive_entry.o
                0x00009b3c                THINKey_ePassiveEntryDeInit
 .text.THINKey_ePassiveEntryCleanup
                0x00009c6c       0xb8 ./vehicle/framework/passive_entry/source/thinkey_passive_entry.o
                0x00009c6c                THINKey_ePassiveEntryCleanup
 .text.THINKey_eFormatSelectCommand
                0x00009d24       0xb8 ./vehicle/framework/parse_format_commands/source/thinkey_command_parse_format.o
                0x00009d24                THINKey_eFormatSelectCommand
 .text.THINKey_eParseSelectResponse
                0x00009ddc       0xc2 ./vehicle/framework/parse_format_commands/source/thinkey_command_parse_format.o
                0x00009ddc                THINKey_eParseSelectResponse
 *fill*         0x00009e9e        0x2 ff
 .text.THINKey_eFormatAUTH0Command
                0x00009ea0      0x398 ./vehicle/framework/parse_format_commands/source/thinkey_command_parse_format.o
                0x00009ea0                THINKey_eFormatAUTH0Command
 .text.THINKey_eParseAUTH0Response
                0x0000a238       0xea ./vehicle/framework/parse_format_commands/source/thinkey_command_parse_format.o
                0x0000a238                THINKey_eParseAUTH0Response
 .text.THINKey_eFormatAUTH1Command
                0x0000a322       0x8a ./vehicle/framework/parse_format_commands/source/thinkey_command_parse_format.o
                0x0000a322                THINKey_eFormatAUTH1Command
 .text.THINKey_eParseAUTH1Response
                0x0000a3ac       0x72 ./vehicle/framework/parse_format_commands/source/thinkey_command_parse_format.o
                0x0000a3ac                THINKey_eParseAUTH1Response
 .text.THINKey_eFormatExchangeCommand
                0x0000a41e       0xac ./vehicle/framework/parse_format_commands/source/thinkey_command_parse_format.o
                0x0000a41e                THINKey_eFormatExchangeCommand
 .text.THINKey_eParseExchangeResponse
                0x0000a4ca       0x1e ./vehicle/framework/parse_format_commands/source/thinkey_command_parse_format.o
                0x0000a4ca                THINKey_eParseExchangeResponse
 .text.TKey_ParseControlFlowResponse
                0x0000a4e8       0x1e ./vehicle/framework/parse_format_commands/source/thinkey_command_parse_format.o
                0x0000a4e8                TKey_ParseControlFlowResponse
 *fill*         0x0000a506        0x2 ff
 .text.tkey_FormatTLV
                0x0000a508       0x78 ./vehicle/framework/parse_format_commands/source/thinkey_command_parse_format.o
                0x0000a508                tkey_FormatTLV
 .text.tkey_FW_FormatShortTLV
                0x0000a580      0x14c ./vehicle/framework/parse_format_commands/source/thinkey_command_parse_format.o
                0x0000a580                tkey_FW_FormatShortTLV
 .text.tkey_FW_ParseTLV
                0x0000a6cc       0x5a ./vehicle/framework/parse_format_commands/source/thinkey_command_parse_format.o
                0x0000a6cc                tkey_FW_ParseTLV
 *fill*         0x0000a726        0x2 ff
 .text.tkey_FW_ParseShortTLV
                0x0000a728       0xf8 ./vehicle/framework/parse_format_commands/source/thinkey_command_parse_format.o
                0x0000a728                tkey_FW_ParseShortTLV
 .text.tkey_FW_ParseDKMessageFormat
                0x0000a820       0x74 ./vehicle/framework/parse_format_commands/source/thinkey_command_parse_format.o
                0x0000a820                tkey_FW_ParseDKMessageFormat
 .text.tkey_FW_PackDKHeader
                0x0000a894       0x5c ./vehicle/framework/parse_format_commands/source/thinkey_command_parse_format.o
                0x0000a894                tkey_FW_PackDKHeader
 .text.vRangingTimeoutCb
                0x0000a8f0       0x54 ./vehicle/framework/owner_pairing/source/thinkey_owner_pairing.o
                0x0000a8f0                vRangingTimeoutCb
 .text.tkey_OP_AllocateContext
                0x0000a944       0x18 ./vehicle/framework/owner_pairing/source/thinkey_owner_pairing.o
 .text.tkey_OP_WaitForOPInitHandler
                0x0000a95c       0xf4 ./vehicle/framework/owner_pairing/source/thinkey_owner_pairing.o
                0x0000a95c                tkey_OP_WaitForOPInitHandler
 .text.tkey_OP_WaitForOPInitError
                0x0000aa50       0x1c ./vehicle/framework/owner_pairing/source/thinkey_owner_pairing.o
                0x0000aa50                tkey_OP_WaitForOPInitError
 .text.tkey_OP_EnterSpake2State
                0x0000aa6c      0x16c ./vehicle/framework/owner_pairing/source/thinkey_owner_pairing.o
                0x0000aa6c                tkey_OP_EnterSpake2State
 .text.tkey_OP_Spake2Handler
                0x0000abd8      0x4c8 ./vehicle/framework/owner_pairing/source/thinkey_owner_pairing.o
                0x0000abd8                tkey_OP_Spake2Handler
 .text.tkey_OP_Spake2Error
                0x0000b0a0       0x70 ./vehicle/framework/owner_pairing/source/thinkey_owner_pairing.o
                0x0000b0a0                tkey_OP_Spake2Error
 .text.tkey_OP_EnterRequestDKState
                0x0000b110      0x170 ./vehicle/framework/owner_pairing/source/thinkey_owner_pairing.o
                0x0000b110                tkey_OP_EnterRequestDKState
 .text.tkey_OP_RequestDKHandler
                0x0000b280      0x390 ./vehicle/framework/owner_pairing/source/thinkey_owner_pairing.o
                0x0000b280                tkey_OP_RequestDKHandler
 .text.tkey_OP_RequestDKError
                0x0000b610       0x1c ./vehicle/framework/owner_pairing/source/thinkey_owner_pairing.o
                0x0000b610                tkey_OP_RequestDKError
 .text.tkey_OP_EnterWaitForDKCreationState
                0x0000b62c       0x24 ./vehicle/framework/owner_pairing/source/thinkey_owner_pairing.o
                0x0000b62c                tkey_OP_EnterWaitForDKCreationState
 .text.tkey_OP_WaitForDKCreationHandler
                0x0000b650       0x38 ./vehicle/framework/owner_pairing/source/thinkey_owner_pairing.o
                0x0000b650                tkey_OP_WaitForDKCreationHandler
 .text.tkey_OP_WaitForDKCreationError
                0x0000b688       0x1c ./vehicle/framework/owner_pairing/source/thinkey_owner_pairing.o
                0x0000b688                tkey_OP_WaitForDKCreationError
 .text.tkey_OP_EnterReadDKState
                0x0000b6a4      0x158 ./vehicle/framework/owner_pairing/source/thinkey_owner_pairing.o
                0x0000b6a4                tkey_OP_EnterReadDKState
 .text.tkey_OP_ReadDKStateHandler
                0x0000b7fc      0x4c0 ./vehicle/framework/owner_pairing/source/thinkey_owner_pairing.o
                0x0000b7fc                tkey_OP_ReadDKStateHandler
 .text.tkey_OP_ReadDKError
                0x0000bcbc       0x1c ./vehicle/framework/owner_pairing/source/thinkey_owner_pairing.o
                0x0000bcbc                tkey_OP_ReadDKError
 .text.tkey_OP_EnterWriteAttestationState
                0x0000bcd8      0x15e ./vehicle/framework/owner_pairing/source/thinkey_owner_pairing.o
                0x0000bcd8                tkey_OP_EnterWriteAttestationState
 *fill*         0x0000be36        0x2 ff
 .text.tkey_OP_WriteAttestationStateHandler
                0x0000be38      0x51c ./vehicle/framework/owner_pairing/source/thinkey_owner_pairing.o
                0x0000be38                tkey_OP_WriteAttestationStateHandler
 .text.tkey_OP_WriteAttestationError
                0x0000c354       0x1c ./vehicle/framework/owner_pairing/source/thinkey_owner_pairing.o
                0x0000c354                tkey_OP_WriteAttestationError
 .text.tkey_OP_EnterFinishPhase2State
                0x0000c370      0x190 ./vehicle/framework/owner_pairing/source/thinkey_owner_pairing.o
                0x0000c370                tkey_OP_EnterFinishPhase2State
 .text.tkey_OP_NfcFinishPhase2Handler
                0x0000c500       0x6c ./vehicle/framework/owner_pairing/source/thinkey_owner_pairing.o
                0x0000c500                tkey_OP_NfcFinishPhase2Handler
 .text.tkey_OP_BleFinishPhase2Handler
                0x0000c56c      0x110 ./vehicle/framework/owner_pairing/source/thinkey_owner_pairing.o
                0x0000c56c                tkey_OP_BleFinishPhase2Handler
 .text.tkey_OP_FinishPhase2Handler
                0x0000c67c       0x54 ./vehicle/framework/owner_pairing/source/thinkey_owner_pairing.o
                0x0000c67c                tkey_OP_FinishPhase2Handler
 .text.tkey_OP_FinishPhase2Error
                0x0000c6d0       0x1c ./vehicle/framework/owner_pairing/source/thinkey_owner_pairing.o
                0x0000c6d0                tkey_OP_FinishPhase2Error
 .text.tkey_OP_EnterUrskFlowState
                0x0000c6ec       0x90 ./vehicle/framework/owner_pairing/source/thinkey_owner_pairing.o
                0x0000c6ec                tkey_OP_EnterUrskFlowState
 .text.tkey_OP_UrskFlowHandler
                0x0000c77c       0xf4 ./vehicle/framework/owner_pairing/source/thinkey_owner_pairing.o
                0x0000c77c                tkey_OP_UrskFlowHandler
 .text.tkey_OP_UrskFlowError
                0x0000c870       0x1c ./vehicle/framework/owner_pairing/source/thinkey_owner_pairing.o
                0x0000c870                tkey_OP_UrskFlowError
 .text.tkey_OP_EnterRangingSetupState
                0x0000c88c      0x10c ./vehicle/framework/owner_pairing/source/thinkey_owner_pairing.o
                0x0000c88c                tkey_OP_EnterRangingSetupState
 .text.tkey_OP_RangingSetupHandler
                0x0000c998       0xf0 ./vehicle/framework/owner_pairing/source/thinkey_owner_pairing.o
                0x0000c998                tkey_OP_RangingSetupHandler
 .text.tkey_OP_RangingSetupError
                0x0000ca88       0x1c ./vehicle/framework/owner_pairing/source/thinkey_owner_pairing.o
                0x0000ca88                tkey_OP_RangingSetupError
 .text.tkey_OP_EnterRangingState
                0x0000caa4       0xd0 ./vehicle/framework/owner_pairing/source/thinkey_owner_pairing.o
                0x0000caa4                tkey_OP_EnterRangingState
 .text.tkey_OP_RangingStateHandler
                0x0000cb74      0x370 ./vehicle/framework/owner_pairing/source/thinkey_owner_pairing.o
                0x0000cb74                tkey_OP_RangingStateHandler
 .text.tkey_OP_RangingError
                0x0000cee4       0x1c ./vehicle/framework/owner_pairing/source/thinkey_owner_pairing.o
                0x0000cee4                tkey_OP_RangingError
 .text.tkey_OP_EnterPhase3StandardTransaction
                0x0000cf00       0x48 ./vehicle/framework/owner_pairing/source/thinkey_owner_pairing.o
                0x0000cf00                tkey_OP_EnterPhase3StandardTransaction
 .text.tkey_OP_Phase3StandardTransHandler
                0x0000cf48      0x1bc ./vehicle/framework/owner_pairing/source/thinkey_owner_pairing.o
                0x0000cf48                tkey_OP_Phase3StandardTransHandler
 .text.tkey_OP_StdTransactionError
                0x0000d104       0x1c ./vehicle/framework/owner_pairing/source/thinkey_owner_pairing.o
                0x0000d104                tkey_OP_StdTransactionError
 .text.tkey_OP_EnterPhase3ExchangeAttestation
                0x0000d120       0x28 ./vehicle/framework/owner_pairing/source/thinkey_owner_pairing.o
                0x0000d120                tkey_OP_EnterPhase3ExchangeAttestation
 .text.tkey_OP_Init
                0x0000d148       0x4e ./vehicle/framework/owner_pairing/source/thinkey_owner_pairing.o
                0x0000d148                tkey_OP_Init
 *fill*         0x0000d196        0x2 ff
 .text.tkey_OP_RegisterKeyInRangeCallback
                0x0000d198       0x40 ./vehicle/framework/owner_pairing/source/thinkey_owner_pairing.o
                0x0000d198                tkey_OP_RegisterKeyInRangeCallback
 .text.tkey_OP_Handler
                0x0000d1d8       0xd4 ./vehicle/framework/owner_pairing/source/thinkey_owner_pairing.o
                0x0000d1d8                tkey_OP_Handler
 .text.tkey_OP_Cleanup
                0x0000d2ac       0x1a ./vehicle/framework/owner_pairing/source/thinkey_owner_pairing.o
                0x0000d2ac                tkey_OP_Cleanup
 .text.tkey_OP_DeInit
                0x0000d2c6       0x32 ./vehicle/framework/owner_pairing/source/thinkey_owner_pairing.o
                0x0000d2c6                tkey_OP_DeInit
 .text.tkey_OP_UpdateState
                0x0000d2f8       0x50 ./vehicle/framework/owner_pairing/source/thinkey_owner_pairing.o
 .text.tkey_OP_GetReturnStatus
                0x0000d348       0xc4 ./vehicle/framework/owner_pairing/source/thinkey_owner_pairing.o
 .text.tkey_AllocateDataBuffer
                0x0000d40c       0x1c ./vehicle/framework/fw_controller/source/thinkey_fw_controller.o
 .text.tkey_AddBuffer
                0x0000d428       0xa4 ./vehicle/framework/fw_controller/source/thinkey_fw_controller.o
                0x0000d428                tkey_AddBuffer
 .text.tkey_GetBuffer
                0x0000d4cc       0x86 ./vehicle/framework/fw_controller/source/thinkey_fw_controller.o
                0x0000d4cc                tkey_GetBuffer
 .text.tkey_RemoveBuffer
                0x0000d552       0x60 ./vehicle/framework/fw_controller/source/thinkey_fw_controller.o
                0x0000d552                tkey_RemoveBuffer
 *fill*         0x0000d5b2        0x2 ff
 .text.THINKey_AllocateFWControllerContext
                0x0000d5b4       0x84 ./vehicle/framework/fw_controller/source/thinkey_fw_controller.o
                0x0000d5b4                THINKey_AllocateFWControllerContext
 .text.THINKey_eFWControllerPairedStateHandler
                0x0000d638      0x99c ./vehicle/framework/fw_controller/source/thinkey_fw_controller.o
 .text.THINKey_eFWControllerUnPairedStateHandler
                0x0000dfd4      0x104 ./vehicle/framework/fw_controller/source/thinkey_fw_controller.o
 .text.THINKey_eFWControllerOPAdvertiseStateHandler
                0x0000e0d8      0x324 ./vehicle/framework/fw_controller/source/thinkey_fw_controller.o
 .text.THINKey_eFWControllerNewPairingStateHandler
                0x0000e3fc      0x558 ./vehicle/framework/fw_controller/source/thinkey_fw_controller.o
 .text.THINKey_eFWControllerRePairingStateHandler
                0x0000e954       0x50 ./vehicle/framework/fw_controller/source/thinkey_fw_controller.o
 .text.THINKey_eFWControllerPairedPauseStateHandler
                0x0000e9a4       0x50 ./vehicle/framework/fw_controller/source/thinkey_fw_controller.o
                0x0000e9a4                THINKey_eFWControllerPairedPauseStateHandler
 .text.THINKey_eFWControllerHandler
                0x0000e9f4      0x12c ./vehicle/framework/fw_controller/source/thinkey_fw_controller.o
                0x0000e9f4                THINKey_eFWControllerHandler
 .text.THINKey_vFWController
                0x0000eb20      0x358 ./vehicle/framework/fw_controller/source/thinkey_fw_controller.o
                0x0000eb20                THINKey_vFWController
 .text.tkey_FW_DispatchDKMessage
                0x0000ee78       0xcc ./vehicle/framework/fw_controller/source/thinkey_fw_controller.o
 .text.TKey_Init
                0x0000ef44       0x74 ./vehicle/framework/fw_controller/source/thinkey_fw_controller_api.o
                0x0000ef44                TKey_Init
 .text.TKey_EnableKeyRegistration
                0x0000efb8       0x40 ./vehicle/framework/fw_controller/source/thinkey_fw_controller_api.o
                0x0000efb8                TKey_EnableKeyRegistration
 .text.TKey_DisableKeyRegistration
                0x0000eff8       0x40 ./vehicle/framework/fw_controller/source/thinkey_fw_controller_api.o
                0x0000eff8                TKey_DisableKeyRegistration
 .text.TKey_EnableKeyTransport
                0x0000f038       0x40 ./vehicle/framework/fw_controller/source/thinkey_fw_controller_api.o
                0x0000f038                TKey_EnableKeyTransport
 .text.TKey_DisableKeyTransport
                0x0000f078       0x40 ./vehicle/framework/fw_controller/source/thinkey_fw_controller_api.o
                0x0000f078                TKey_DisableKeyTransport
 .text.TKey_StartRanging
                0x0000f0b8       0x42 ./vehicle/framework/fw_controller/source/thinkey_fw_controller_api.o
                0x0000f0b8                TKey_StartRanging
 .text.TKey_StopRanging
                0x0000f0fa       0x42 ./vehicle/framework/fw_controller/source/thinkey_fw_controller_api.o
                0x0000f0fa                TKey_StopRanging
 .text.THINKey_eFWControllerInitDone
                0x0000f13c       0x26 ./vehicle/framework/fw_controller/source/thinkey_fw_controller_api.o
                0x0000f13c                THINKey_eFWControllerInitDone
 .text.THINKey_eFWControllerNewOwnerKey
                0x0000f162       0x2a ./vehicle/framework/fw_controller/source/thinkey_fw_controller_api.o
                0x0000f162                THINKey_eFWControllerNewOwnerKey
 .text.THINKey_eFWControllerNewOwnerKeyRegistered
                0x0000f18c       0x2a ./vehicle/framework/fw_controller/source/thinkey_fw_controller_api.o
                0x0000f18c                THINKey_eFWControllerNewOwnerKeyRegistered
 .text.THINKey_eFWControllerNewOwnerKeyRegistrationFailure
                0x0000f1b6       0x26 ./vehicle/framework/fw_controller/source/thinkey_fw_controller_api.o
                0x0000f1b6                THINKey_eFWControllerNewOwnerKeyRegistrationFailure
 .text.THINKey_eFWControllerRangeThresholdChanged
                0x0000f1dc       0x2a ./vehicle/framework/fw_controller/source/thinkey_fw_controller_api.o
                0x0000f1dc                THINKey_eFWControllerRangeThresholdChanged
 *fill*         0x0000f206        0x2 ff
 .text.THINKey_eFWControllerKeyDetected
                0x0000f208       0x40 ./vehicle/framework/fw_controller/source/thinkey_fw_controller_api.o
                0x0000f208                THINKey_eFWControllerKeyDetected
 .text.THINKey_eFWControllerKeyRemoved
                0x0000f248       0x2a ./vehicle/framework/fw_controller/source/thinkey_fw_controller_api.o
                0x0000f248                THINKey_eFWControllerKeyRemoved
 .text.TKey_FWControllerIsVehicleInRange
                0x0000f272       0x34 ./vehicle/framework/fw_controller/source/thinkey_fw_controller_api.o
                0x0000f272                TKey_FWControllerIsVehicleInRange
 *fill*         0x0000f2a6        0x2 ff
 .text.THINKey_eKeyFoundCB
                0x0000f2a8       0xa0 ./vehicle/framework/fw_controller/source/thinkey_fw_controller_api.o
                0x0000f2a8                THINKey_eKeyFoundCB
 .text.THINKey_eKeyRemovedCB
                0x0000f348       0x44 ./vehicle/framework/fw_controller/source/thinkey_fw_controller_api.o
                0x0000f348                THINKey_eKeyRemovedCB
 .text.THINKey_eDataReceivedCB
                0x0000f38c       0x7c ./vehicle/framework/fw_controller/source/thinkey_fw_controller_api.o
                0x0000f38c                THINKey_eDataReceivedCB
 .text.Tkey_DevicePairAndBondDoneCb
                0x0000f408       0x38 ./vehicle/framework/fw_controller/source/thinkey_fw_controller_api.o
                0x0000f408                Tkey_DevicePairAndBondDoneCb
 .text.THINKey_eRangingThresholdCB
                0x0000f440       0x4a ./vehicle/framework/fw_controller/source/thinkey_fw_controller_api.o
                0x0000f440                THINKey_eRangingThresholdCB
 .text.TKey_RangingTimeout
                0x0000f48a       0x3e ./vehicle/framework/fw_controller/source/thinkey_fw_controller_api.o
                0x0000f48a                TKey_RangingTimeout
 .text.THINKey_eRangingErrorCB
                0x0000f4c8       0x20 ./vehicle/framework/fw_controller/source/thinkey_fw_controller_api.o
                0x0000f4c8                THINKey_eRangingErrorCB
 .text.TKey_FWRKERequestCb
                0x0000f4e8       0x2e ./vehicle/framework/fw_controller/source/thinkey_fw_controller_api.o
                0x0000f4e8                TKey_FWRKERequestCb
 .text.TKey_FWApproachConfidenceCb
                0x0000f516       0x34 ./vehicle/framework/fw_controller/source/thinkey_fw_controller_api.o
                0x0000f516                TKey_FWApproachConfidenceCb
 .text.TKey_TriggerSubeventRangingSessionStatusCb
                0x0000f54a       0x2e ./vehicle/framework/fw_controller/source/thinkey_fw_controller_api.o
                0x0000f54a                TKey_TriggerSubeventRangingSessionStatusCb
 .text.TKey_IsOwnerPaired
                0x0000f578       0x40 ./vehicle/framework/fw_controller/source/thinkey_fw_controller_api.o
                0x0000f578                TKey_IsOwnerPaired
 .text.TKey_GetVersion
                0x0000f5b8       0x14 ./vehicle/framework/fw_controller/source/thinkey_fw_controller_api.o
                0x0000f5b8                TKey_GetVersion
 .text.tkey_FW_DispatchSEMessage
                0x0000f5cc      0x100 ./vehicle/framework/fw_controller/source/thinkey_fw_dispatch_msg.o
                0x0000f5cc                tkey_FW_DispatchSEMessage
 .text.tkey_FW_ParseDeviceApproachConfidence
                0x0000f6cc       0x28 ./vehicle/framework/fw_controller/source/thinkey_fw_dispatch_msg.o
                0x0000f6cc                tkey_FW_ParseDeviceApproachConfidence
 .text.tkey_FW_DispatchDKNotificationMsg
                0x0000f6f4      0x150 ./vehicle/framework/fw_controller/source/thinkey_fw_dispatch_msg.o
                0x0000f6f4                tkey_FW_DispatchDKNotificationMsg
 .text.tkey_FW_DispatchSupplementaryServiceMsg
                0x0000f844       0x98 ./vehicle/framework/fw_controller/source/thinkey_fw_dispatch_msg.o
                0x0000f844                tkey_FW_DispatchSupplementaryServiceMsg
 .text.THINKey_psAllocateKeyContext
                0x0000f8dc       0x82 ./vehicle/framework/fw_controller/source/thinkey_keycontext.o
                0x0000f8dc                THINKey_psAllocateKeyContext
 .text.THINKey_eDeallocateKeyContext
                0x0000f95e       0x38 ./vehicle/framework/fw_controller/source/thinkey_keycontext.o
                0x0000f95e                THINKey_eDeallocateKeyContext
 .text.THINKey_psFindOwnerPairingKeyContext
                0x0000f996       0x1a ./vehicle/framework/fw_controller/source/thinkey_keycontext.o
                0x0000f996                THINKey_psFindOwnerPairingKeyContext
 .text.THINKey_psFindKeyContextFromTransportHandle
                0x0000f9b0       0x70 ./vehicle/framework/fw_controller/source/thinkey_keycontext.o
                0x0000f9b0                THINKey_psFindKeyContextFromTransportHandle
 .text.THINKey_psFindKeyContextFromRangingHandle
                0x0000fa20       0x70 ./vehicle/framework/fw_controller/source/thinkey_keycontext.o
                0x0000fa20                THINKey_psFindKeyContextFromRangingHandle
 .text.tkey_findKeyContextFromKeyId
                0x0000fa90       0x70 ./vehicle/framework/fw_controller/source/thinkey_keycontext.o
                0x0000fa90                tkey_findKeyContextFromKeyId
 .text.THINKey_hGetRangingHandleFromKeyContext
                0x0000fb00       0x1c ./vehicle/framework/fw_controller/source/thinkey_keycontext.o
                0x0000fb00                THINKey_hGetRangingHandleFromKeyContext
 .text.THINKey_hGetTransportHandleFromKeyContext
                0x0000fb1c       0x1c ./vehicle/framework/fw_controller/source/thinkey_keycontext.o
                0x0000fb1c                THINKey_hGetTransportHandleFromKeyContext
 .text.THINKey_hGetCryptoHandleFromKeyContext
                0x0000fb38       0x1c ./vehicle/framework/fw_controller/source/thinkey_keycontext.o
                0x0000fb38                THINKey_hGetCryptoHandleFromKeyContext
 .text.THINKey_uiGetKeyIdentifierFromKeyContext
                0x0000fb54       0x1c ./vehicle/framework/fw_controller/source/thinkey_keycontext.o
                0x0000fb54                THINKey_uiGetKeyIdentifierFromKeyContext
 .text.tkey_GetKeyTypeFromKeyContext
                0x0000fb70       0x32 ./vehicle/framework/fw_controller/source/thinkey_keycontext.o
                0x0000fb70                tkey_GetKeyTypeFromKeyContext
 .text.tkey_GetTransportTypeFromKeyContext
                0x0000fba2       0x4a ./vehicle/framework/fw_controller/source/thinkey_keycontext.o
                0x0000fba2                tkey_GetTransportTypeFromKeyContext
 .text.tkey_IsFastTransaction
                0x0000fbec       0x1c ./vehicle/framework/fw_controller/source/thinkey_keycontext.o
                0x0000fbec                tkey_IsFastTransaction
 .text.tkey_IsOwnerPairingContext
                0x0000fc08       0x32 ./vehicle/framework/fw_controller/source/thinkey_keycontext.o
                0x0000fc08                tkey_IsOwnerPairingContext
 *fill*         0x0000fc3a        0x2 ff
 .text.THINKey_psAllocateFastTransContext
                0x0000fc3c       0x90 ./vehicle/framework/fast_transaction/source/thinkey_fast_transaction.o
 .text.THINKey_eFastTransInit
                0x0000fccc       0x3c ./vehicle/framework/fast_transaction/source/thinkey_fast_transaction.o
                0x0000fccc                THINKey_eFastTransInit
 .text.THINKey_hGetFastTransInstance
                0x0000fd08       0x5c ./vehicle/framework/fast_transaction/source/thinkey_fast_transaction.o
                0x0000fd08                THINKey_hGetFastTransInstance
 .text.THINKey_eFastTransHandler
                0x0000fd64      0x4b8 ./vehicle/framework/fast_transaction/source/thinkey_fast_transaction.o
                0x0000fd64                THINKey_eFastTransHandler
 .text.THINKey_eFastTransDeInit
                0x0001021c       0x4c ./vehicle/framework/fast_transaction/source/thinkey_fast_transaction.o
                0x0001021c                THINKey_eFastTransDeInit
 .text.tkey_Subevent_HandleRangingSessionStatus
                0x00010268       0x64 ./vehicle/framework/dk_message_format/source/thinkey_ranging_session_status_subevent.o
                0x00010268                tkey_Subevent_HandleRangingSessionStatus
 .text.tkey_RKE_GetContext
                0x000102cc       0x14 ./vehicle/framework/dk_message_format/source/thinkey_rke.o
                0x000102cc                tkey_RKE_GetContext
 .text.tkey_RKE_GetAuthReqCommand
                0x000102e0       0x2a ./vehicle/framework/dk_message_format/source/thinkey_rke.o
 .text.tkey_RKE_PackAuthReqCommand
                0x0001030a       0x3c ./vehicle/framework/dk_message_format/source/thinkey_rke.o
 *fill*         0x00010346        0x2 ff
 .text.tkey_RKE_ParseAuthResponse
                0x00010348       0x88 ./vehicle/framework/dk_message_format/source/thinkey_rke.o
 .text.tkey_RKE_FormatAuthReq
                0x000103d0       0x74 ./vehicle/framework/dk_message_format/source/thinkey_rke.o
                0x000103d0                tkey_RKE_FormatAuthReq
 .text.tkey_RKE_ParseSubEvent
                0x00010444      0x154 ./vehicle/framework/dk_message_format/source/thinkey_rke.o
                0x00010444                tkey_RKE_ParseSubEvent
 .text.tkey_RKE_ReqSubEventhandler
                0x00010598      0x1e4 ./vehicle/framework/dk_message_format/source/thinkey_rke.o
                0x00010598                tkey_RKE_ReqSubEventhandler
 .text.tkey_RKE_ProcessAuthResponse
                0x0001077c      0x1a4 ./vehicle/framework/dk_message_format/source/thinkey_rke.o
                0x0001077c                tkey_RKE_ProcessAuthResponse
 .text.THINKey_eTabAppInit
                0x00010920       0x78 ./vehicle/application/tab_app/source/thinkey_tab_app.o
                0x00010920                THINKey_eTabAppInit
 .text.THINKey_vTabAppTask
                0x00010998      0x318 ./vehicle/application/tab_app/source/thinkey_tab_app.o
                0x00010998                THINKey_vTabAppTask
 .text.hGetTabAppHandle
                0x00010cb0       0x14 ./vehicle/application/tab_app/source/thinkey_tab_app.o
                0x00010cb0                hGetTabAppHandle
 .text.main     0x00010cc4       0x58 ./vehicle/application/source/main.o
                0x00010cc4                main
 .text.THINKey_psAllocAppContext
                0x00010d1c       0x8c ./vehicle/application/source/thinkey_app.o
                0x00010d1c                THINKey_psAllocAppContext
 .text.THINKey_eAppCB_FWControllerInitDone
                0x00010da8       0x70 ./vehicle/application/source/thinkey_app.o
                0x00010da8                THINKey_eAppCB_FWControllerInitDone
 .text.THINKey_eAppCB_FWControllerNewOwnerKey
                0x00010e18       0x68 ./vehicle/application/source/thinkey_app.o
                0x00010e18                THINKey_eAppCB_FWControllerNewOwnerKey
 .text.THINKey_eAppCB_FWControllerNewOwnerKeyRegistered
                0x00010e80       0x70 ./vehicle/application/source/thinkey_app.o
                0x00010e80                THINKey_eAppCB_FWControllerNewOwnerKeyRegistered
 .text.THINKey_eAppCB_FWControllerKeyDetected
                0x00010ef0       0x88 ./vehicle/application/source/thinkey_app.o
                0x00010ef0                THINKey_eAppCB_FWControllerKeyDetected
 .text.TKey_NewVehicleKeyRegistrationFailure
                0x00010f78       0x68 ./vehicle/application/source/thinkey_app.o
                0x00010f78                TKey_NewVehicleKeyRegistrationFailure
 .text.THINKey_eAppCB_FWControllerKeyDisconnected
                0x00010fe0       0x74 ./vehicle/application/source/thinkey_app.o
                0x00010fe0                THINKey_eAppCB_FWControllerKeyDisconnected
 .text.THINKey_eAppCB_FWControllerRangeThresholdChanged
                0x00011054       0x88 ./vehicle/application/source/thinkey_app.o
                0x00011054                THINKey_eAppCB_FWControllerRangeThresholdChanged
 .text.THINKey_eAppCB_FWControllerIsKeyInRange
                0x000110dc       0x20 ./vehicle/application/source/thinkey_app.o
                0x000110dc                THINKey_eAppCB_FWControllerIsKeyInRange
 .text.THINKey_eAppCB_FWCOntrollerRKERequest
                0x000110fc       0x60 ./vehicle/application/source/thinkey_app.o
                0x000110fc                THINKey_eAppCB_FWCOntrollerRKERequest
 .text.THINKey_eAppCB_FWCOntrollerDeviceRangingSessionStatus
                0x0001115c       0x60 ./vehicle/application/source/thinkey_app.o
                0x0001115c                THINKey_eAppCB_FWCOntrollerDeviceRangingSessionStatus
 .text.THINKey_eAppHandler
                0x000111bc      0x74c ./vehicle/application/source/thinkey_app.o
                0x000111bc                THINKey_eAppHandler
 .text.THINKey_AppTask
                0x00011908      0x16c ./vehicle/application/source/thinkey_app.o
                0x00011908                THINKey_AppTask
 .text.THINKey_eAppInit
                0x00011a74       0x60 ./vehicle/application/source/thinkey_app.o
                0x00011a74                THINKey_eAppInit
 .text.TKey_CustomInit
                0x00011ad4        0xe ./vehicle/application/murata_custom/murata_custom.o
                0x00011ad4                TKey_CustomInit
 .text.TKey_RangeInfo
                0x00011ae2       0x18 ./vehicle/application/murata_custom/murata_custom.o
                0x00011ae2                TKey_RangeInfo
 *fill*         0x00011afa        0x2 ff
 .text.TKey_DoorUnLock
                0x00011afc       0x1c ./vehicle/application/murata_custom/vehicle_operations.o
                0x00011afc                TKey_DoorUnLock
 .text.TKey_DoorLock
                0x00011b18       0x1c ./vehicle/application/murata_custom/vehicle_operations.o
                0x00011b18                TKey_DoorLock
 .text.TKey_EngineStarted
                0x00011b34       0x1c ./vehicle/application/murata_custom/vehicle_operations.o
                0x00011b34                TKey_EngineStarted
 .text.TKey_EngineStopped
                0x00011b50       0x1c ./vehicle/application/murata_custom/vehicle_operations.o
                0x00011b50                TKey_EngineStopped
 .text.TKey_AlarmStarted
                0x00011b6c       0x1c ./vehicle/application/murata_custom/vehicle_operations.o
                0x00011b6c                TKey_AlarmStarted
 .text.TKey_AlarmStopped
                0x00011b88       0x1c ./vehicle/application/murata_custom/vehicle_operations.o
                0x00011b88                TKey_AlarmStopped
 .text.TKey_AppInitDone
                0x00011ba4        0xe ./vehicle/application/murata_custom/vehicle_operations.o
                0x00011ba4                TKey_AppInitDone
 *fill*         0x00011bb2        0x2 ff
 .text._DoInit  0x00011bb4       0xb4 ./src/SEGGER_RTT/SEGGER_RTT.o
 .text._WriteBlocking
                0x00011c68       0xba ./src/SEGGER_RTT/SEGGER_RTT.o
 .text._WriteNoCheck
                0x00011d22       0x90 ./src/SEGGER_RTT/SEGGER_RTT.o
 .text._GetAvailWriteSpace
                0x00011db2       0x46 ./src/SEGGER_RTT/SEGGER_RTT.o
 .text.SEGGER_RTT_WriteNoLock
                0x00011df8       0xa0 ./src/SEGGER_RTT/SEGGER_RTT.o
                0x00011df8                SEGGER_RTT_WriteNoLock
 .text.SEGGER_RTT_Write
                0x00011e98       0x4c ./src/SEGGER_RTT/SEGGER_RTT.o
                0x00011e98                SEGGER_RTT_Write
 .text._StoreChar
                0x00011ee4       0x7c ./src/SEGGER_RTT/SEGGER_RTT_printf.o
 .text._PrintUnsigned
                0x00011f60      0x15c ./src/SEGGER_RTT/SEGGER_RTT_printf.o
 .text._PrintInt
                0x000120bc      0x14e ./src/SEGGER_RTT/SEGGER_RTT_printf.o
 *fill*         0x0001220a        0x2 ff
 .text.SEGGER_RTT_vprintf
                0x0001220c      0x3a8 ./src/SEGGER_RTT/SEGGER_RTT_printf.o
                0x0001220c                SEGGER_RTT_vprintf
 .text.SEGGER_RTT_printf
                0x000125b4       0x30 ./src/SEGGER_RTT/SEGGER_RTT_printf.o
                0x000125b4                SEGGER_RTT_printf
 .text.R_BSP_WarmStart
                0x000125e4       0x28 ./src/hal_entry.o
                0x000125e4                R_BSP_WarmStart
 .text.__NVIC_SetPriority
                0x0001260c       0x54 ./ra/fsp/src/rm_freertos_port/port.o
 .text.__NVIC_GetPriority
                0x00012660       0x50 ./ra/fsp/src/rm_freertos_port/port.o
 .text.SysTick_Config
                0x000126b0       0x44 ./ra/fsp/src/rm_freertos_port/port.o
 .text.R_FSP_CurrentIrqGet
                0x000126f4       0x2c ./ra/fsp/src/rm_freertos_port/port.o
 .text.SVC_Handler
                0x00012720       0x18 ./ra/fsp/src/rm_freertos_port/port.o
                0x00012720                SVC_Handler
 .text.prvPortStartFirstTask
                0x00012738       0x24 ./ra/fsp/src/rm_freertos_port/port.o
 .text.PendSV_Handler
                0x0001275c       0x48 ./ra/fsp/src/rm_freertos_port/port.o
                0x0001275c                PendSV_Handler
 .text.rm_freertos_port_restore_task_stackless
                0x000127a4       0x28 ./ra/fsp/src/rm_freertos_port/port.o
                0x000127a4                rm_freertos_port_restore_task_stackless
 .text.SysTick_Handler
                0x000127cc       0x48 ./ra/fsp/src/rm_freertos_port/port.o
                0x000127cc                SysTick_Handler
 .text.vPortSVCHandler_C
                0x00012814       0x4c ./ra/fsp/src/rm_freertos_port/port.o
                0x00012814                vPortSVCHandler_C
 .text.pxPortInitialiseStack
                0x00012860       0x7c ./ra/fsp/src/rm_freertos_port/port.o
                0x00012860                pxPortInitialiseStack
 .text.prvTaskExitError
                0x000128dc        0xa ./ra/fsp/src/rm_freertos_port/port.o
 *fill*         0x000128e6        0x2 ff
 .text.xPortStartScheduler
                0x000128e8       0x30 ./ra/fsp/src/rm_freertos_port/port.o
                0x000128e8                xPortStartScheduler
 .text.vPortEnterCritical
                0x00012918       0x70 ./ra/fsp/src/rm_freertos_port/port.o
                0x00012918                vPortEnterCritical
 .text.vPortExitCritical
                0x00012988       0x58 ./ra/fsp/src/rm_freertos_port/port.o
                0x00012988                vPortExitCritical
 .text.rm_freertos_port_sleep_preserving_lpm
                0x000129e0       0xb4 ./ra/fsp/src/rm_freertos_port/port.o
                0x000129e0                rm_freertos_port_sleep_preserving_lpm
 .text.vApplicationIdleHook
                0x00012a94       0x1e ./ra/fsp/src/rm_freertos_port/port.o
                0x00012a94                vApplicationIdleHook
 *fill*         0x00012ab2        0x2 ff
 .text.vPortSetupTimerInterrupt
                0x00012ab4       0x24 ./ra/fsp/src/rm_freertos_port/port.o
                0x00012ab4                vPortSetupTimerInterrupt
 .text.vPortValidateInterruptPriority