Archive member included to satisfy reference by file (symbol)

c:/program files (x86)/arm gnu toolchain arm-none-eabi/12.2 mpacbti-rel1/bin/../lib/gcc/arm-none-eabi/12.2.1/thumb/v8-m.main+fp/hard\libgcc.a(_arm_muldf3.o)
                              ./platform/thinkey_security_al/mbedtls/source/ansi_x936_kdf.o (__aeabi_dmul)
c:/program files (x86)/arm gnu toolchain arm-none-eabi/12.2 mpacbti-rel1/bin/../lib/gcc/arm-none-eabi/12.2.1/thumb/v8-m.main+fp/hard\libgcc.a(_arm_addsubdf3.o)
                              ./platform/thinkey_security_al/mbedtls/source/ansi_x936_kdf.o (__aeabi_ui2d)
c:/program files (x86)/arm gnu toolchain arm-none-eabi/12.2 mpacbti-rel1/bin/../lib/gcc/arm-none-eabi/12.2.1/thumb/v8-m.main+fp/hard\libgcc.a(_arm_cmpdf2.o)
                              ./platform/thinkey_security_al/mbedtls/source/ansi_x936_kdf.o (__aeabi_dcmpge)
c:/program files (x86)/arm gnu toolchain arm-none-eabi/12.2 mpacbti-rel1/bin/../lib/gcc/arm-none-eabi/12.2.1/thumb/v8-m.main+fp/hard\libgcc.a(_aeabi_uldivmod.o)
                              ./platform/thinkey_security_al/mbedtls/source/bignum.o (__aeabi_uldivmod)
c:/program files (x86)/arm gnu toolchain arm-none-eabi/12.2 mpacbti-rel1/bin/../lib/gcc/arm-none-eabi/12.2.1/thumb/v8-m.main+fp/hard\libgcc.a(_udivmoddi4.o)
                              c:/program files (x86)/arm gnu toolchain arm-none-eabi/12.2 mpacbti-rel1/bin/../lib/gcc/arm-none-eabi/12.2.1/thumb/v8-m.main+fp/hard\libgcc.a(_aeabi_uldivmod.o) (__udivmoddi4)
c:/program files (x86)/arm gnu toolchain arm-none-eabi/12.2 mpacbti-rel1/bin/../lib/gcc/arm-none-eabi/12.2.1/thumb/v8-m.main+fp/hard\libgcc.a(_dvmd_tls.o)
                              c:/program files (x86)/arm gnu toolchain arm-none-eabi/12.2 mpacbti-rel1/bin/../lib/gcc/arm-none-eabi/12.2.1/thumb/v8-m.main+fp/hard\libgcc.a(_aeabi_uldivmod.o) (__aeabi_ldiv0)
c:/program files (x86)/arm gnu toolchain arm-none-eabi/12.2 mpacbti-rel1/bin/../lib/gcc/arm-none-eabi/12.2.1/thumb/v8-m.main+fp/hard\libg_nano.a(libc_a-calloc.o)
                              ./platform/thinkey_security_al/mbedtls/source/asn1parse.o (calloc)
c:/program files (x86)/arm gnu toolchain arm-none-eabi/12.2 mpacbti-rel1/bin/../lib/gcc/arm-none-eabi/12.2.1/thumb/v8-m.main+fp/hard\libg_nano.a(libc_a-callocr.o)
                              c:/program files (x86)/arm gnu toolchain arm-none-eabi/12.2 mpacbti-rel1/bin/../lib/gcc/arm-none-eabi/12.2.1/thumb/v8-m.main+fp/hard\libg_nano.a(libc_a-calloc.o) (_calloc_r)
c:/program files (x86)/arm gnu toolchain arm-none-eabi/12.2 mpacbti-rel1/bin/../lib/gcc/arm-none-eabi/12.2.1/thumb/v8-m.main+fp/hard\libg_nano.a(libc_a-exit.o)
                              c:/program files (x86)/arm gnu toolchain arm-none-eabi/12.2 mpacbti-rel1/bin/../lib/gcc/arm-none-eabi/12.2.1/thumb/v8-m.main+fp/hard/rdimon-crt0.o (exit)
c:/program files (x86)/arm gnu toolchain arm-none-eabi/12.2 mpacbti-rel1/bin/../lib/gcc/arm-none-eabi/12.2.1/thumb/v8-m.main+fp/hard\libg_nano.a(libc_a-malloc.o)
                              ./platform/thinkey_security_al/mbedtls/source/asn1parse.o (free)
c:/program files (x86)/arm gnu toolchain arm-none-eabi/12.2 mpacbti-rel1/bin/../lib/gcc/arm-none-eabi/12.2.1/thumb/v8-m.main+fp/hard\libg_nano.a(libc_a-mallocr.o)
                              c:/program files (x86)/arm gnu toolchain arm-none-eabi/12.2 mpacbti-rel1/bin/../lib/gcc/arm-none-eabi/12.2.1/thumb/v8-m.main+fp/hard\libg_nano.a(libc_a-callocr.o) (_malloc_r)
c:/program files (x86)/arm gnu toolchain arm-none-eabi/12.2 mpacbti-rel1/bin/../lib/gcc/arm-none-eabi/12.2.1/thumb/v8-m.main+fp/hard\libg_nano.a(libc_a-mlock.o)
                              c:/program files (x86)/arm gnu toolchain arm-none-eabi/12.2 mpacbti-rel1/bin/../lib/gcc/arm-none-eabi/12.2.1/thumb/v8-m.main+fp/hard\libg_nano.a(libc_a-mallocr.o) (__malloc_lock)
c:/program files (x86)/arm gnu toolchain arm-none-eabi/12.2 mpacbti-rel1/bin/../lib/gcc/arm-none-eabi/12.2.1/thumb/v8-m.main+fp/hard\libg_nano.a(libc_a-findfp.o)
                              c:/program files (x86)/arm gnu toolchain arm-none-eabi/12.2 mpacbti-rel1/bin/../lib/gcc/arm-none-eabi/12.2.1/thumb/v8-m.main+fp/hard\libg_nano.a(libc_a-exit.o) (__stdio_exit_handler)
c:/program files (x86)/arm gnu toolchain arm-none-eabi/12.2 mpacbti-rel1/bin/../lib/gcc/arm-none-eabi/12.2.1/thumb/v8-m.main+fp/hard\libg_nano.a(libc_a-fwalk.o)
                              c:/program files (x86)/arm gnu toolchain arm-none-eabi/12.2 mpacbti-rel1/bin/../lib/gcc/arm-none-eabi/12.2.1/thumb/v8-m.main+fp/hard\libg_nano.a(libc_a-findfp.o) (_fwalk_sglue)
c:/program files (x86)/arm gnu toolchain arm-none-eabi/12.2 mpacbti-rel1/bin/../lib/gcc/arm-none-eabi/12.2.1/thumb/v8-m.main+fp/hard\libg_nano.a(libc_a-fwrite.o)
                              ./platform/thinkey_security_al/mbedtls/source/ansi_x936_kdf.o (fwrite)
c:/program files (x86)/arm gnu toolchain arm-none-eabi/12.2 mpacbti-rel1/bin/../lib/gcc/arm-none-eabi/12.2.1/thumb/v8-m.main+fp/hard\libg_nano.a(libc_a-printf.o)
[...]
Memory Configuration

Name             Origin             Length             Attributes
ITCM             0x00000000         0x00000000         xr
DTCM             0x00000000         0x00000000         xrw
FLASH            0x00000000         0x00200000         xr
RAM              0x20000000         0x00080000         xrw
DATA_FLASH       0x08000000         0x00002000         xr
QSPI_FLASH       0x60000000         0x04000000         xr
OSPI_DEVICE_0    0x68000000         0x08000000         xr
OSPI_DEVICE_1    0x70000000         0x10000000         xr
OSPI_DEVICE_0_RAM 0x68000000         0x08000000         xrw
OSPI_DEVICE_1_RAM 0x70000000         0x10000000         xrw
SDRAM            0x80010000         0x00000000         xrw
OPTION_SETTING   0x0100a100         0x00000100         r
OPTION_SETTING_OFS 0x0100a100         0x00000018         r
OPTION_SETTING_SAS 0x0100a134         0x000000cc         r
OPTION_SETTING_S 0x0100a200         0x00000100         r
ID_CODE          0x00000000         0x00000000         xr
*default*        0x00000000         0xffffffff

Linker script and memory map

LOAD c:/program files (x86)/arm gnu toolchain arm-none-eabi/12.2 mpacbti-rel1/bin/../lib/gcc/arm-none-eabi/12.2.1/thumb/v8-m.main+fp/hard/crti.o
LOAD c:/program files (x86)/arm gnu toolchain arm-none-eabi/12.2 mpacbti-rel1/bin/../lib/gcc/arm-none-eabi/12.2.1/thumb/v8-m.main+fp/hard/crtbegin.o
LOAD c:/program files (x86)/arm gnu toolchain arm-none-eabi/12.2 mpacbti-rel1/bin/../lib/gcc/arm-none-eabi/12.2.1/thumb/v8-m.main+fp/hard/rdimon-crt0.o
START GROUP
LOAD ./vehicle/transport/core/source/thinkey_ble_transport.o
LOAD ./vehicle/transport/core/source/thinkey_nfc_transport.o
LOAD ./vehicle/transport/core/source/thinkey_transport_ss_api.o
LOAD ./vehicle/transport/core/source/transport_event_handler.o
LOAD ./vehicle/security/crypto_spake2/source/thinkey_spake2.o
LOAD ./vehicle/security/crypto_spake2/source/thinkey_spake2_command_parse_format.o
LOAD ./vehicle/security/crypto_spake2/source/thinkey_spake2_commands.o
LOAD ./vehicle/security/crypto_dk_creation/source/thinkey_dk_creation.o
LOAD ./vehicle/security/crypto_dk_creation/source/thinkey_dk_creation_parse_format.o
LOAD ./vehicle/security/crypto_digitalkey_applet/source/thinkey_auth0.o
LOAD ./vehicle/security/crypto_digitalkey_applet/source/thinkey_auth1.o
LOAD ./vehicle/security/crypto_digitalkey_applet/source/thinkey_control_flow.o
LOAD ./vehicle/security/crypto_digitalkey_applet/source/thinkey_crypto_context.o
LOAD ./vehicle/security/crypto_digitalkey_applet/source/thinkey_exchange.o
LOAD ./vehicle/security/crypto_digitalkey_applet/source/thinkey_select_applet.o
LOAD ./vehicle/security/crypto_digitalkey_applet/source/thinkey_verifysign.o
LOAD ./vehicle/security/crypto_data_access/source/thinkey_crypto_data_access.o
LOAD ./vehicle/security/crypto_common/source/thinkey_crypto_common.o
LOAD ./vehicle/security/crypto_abs/source/thinkey_crypto_abstraction.o
LOAD ./vehicle/security/crypto_abs/source/thinkey_crypto_abstraction_ecc.o
LOAD ./vehicle/ranging/source/thinkey_ranging_ss_api.o
LOAD ./vehicle/framework/standard_transaction/source/thinkey_standard_transaction.o
LOAD ./vehicle/framework/passive_entry/source/thinkey_passive_entry.o
LOAD ./vehicle/framework/parse_format_commands/source/thinkey_command_parse_format.o
LOAD ./vehicle/framework/owner_pairing/source/thinkey_owner_pairing.o
LOAD ./vehicle/framework/fw_controller/source/thinkey_fw_controller.o
LOAD ./vehicle/framework/fw_controller/source/thinkey_fw_controller_api.o
LOAD ./vehicle/framework/fw_controller/source/thinkey_fw_dispatch_msg.o
LOAD ./vehicle/framework/fw_controller/source/thinkey_keycontext.o
LOAD ./vehicle/framework/fast_transaction/source/thinkey_fast_transaction.o
LOAD ./vehicle/framework/dk_message_format/source/thinkey_ranging_session_status_subevent.o
LOAD ./vehicle/framework/dk_message_format/source/thinkey_rke.o
LOAD ./vehicle/application/tab_app/source/thinkey_tab_app.o
LOAD ./vehicle/application/source/main.o
LOAD ./vehicle/application/source/thinkey_app.o
LOAD ./vehicle/application/murata_custom/murata_custom.o
LOAD ./vehicle/application/murata_custom/vehicle_operations.o
LOAD ./src/SEGGER_RTT/SEGGER_RTT.o
LOAD ./src/SEGGER_RTT/SEGGER_RTT_printf.o
LOAD ./src/gpt_timer_initialize.o
LOAD ./src/hal_entry.o
LOAD ./src/receiver_task_entry.o
LOAD ./src/semaphore_task_entry.o
LOAD ./src/sender_task_entry.o
LOAD ./ra_gen/common_data.o
LOAD ./ra_gen/hal_data.o
LOAD ./ra_gen/pin_data.o
LOAD ./ra_gen/receiver_task.o
LOAD ./ra_gen/semaphore_task.o
LOAD ./ra_gen/sender_task.o
LOAD ./ra_gen/vector_data.o
LOAD ./ra/fsp/src/rm_freertos_port/port.o
LOAD ./ra/fsp/src/r_spi/r_spi.o
LOAD ./ra/fsp/src/r_ioport/r_ioport.o
LOAD ./ra/fsp/src/r_gpt/r_gpt.o
LOAD ./ra/fsp/src/bsp/mcu/all/bsp_clocks.o
LOAD ./ra/fsp/src/bsp/mcu/all/bsp_common.o
LOAD ./ra/fsp/src/bsp/mcu/all/bsp_delay.o
LOAD ./ra/fsp/src/bsp/mcu/all/bsp_group_irq.o
LOAD ./ra/fsp/src/bsp/mcu/all/bsp_guard.o
LOAD ./ra/fsp/src/bsp/mcu/all/bsp_io.o
LOAD ./ra/fsp/src/bsp/mcu/all/bsp_irq.o
LOAD ./ra/fsp/src/bsp/mcu/all/bsp_register_protection.o
LOAD ./ra/fsp/src/bsp/mcu/all/bsp_rom_registers.o
LOAD ./ra/fsp/src/bsp/mcu/all/bsp_sbrk.o
LOAD ./ra/fsp/src/bsp/mcu/all/bsp_security.o
LOAD ./ra/fsp/src/bsp/cmsis/Device/RENESAS/Source/startup.o
LOAD ./ra/fsp/src/bsp/cmsis/Device/RENESAS/Source/system.o
LOAD ./ra/board/ra6m5_ek/board_init.o
LOAD ./ra/board/ra6m5_ek/board_leds.o
LOAD ./ra/aws/FreeRTOS/FreeRTOS/Source/portable/MemMang/heap_4.o
LOAD ./ra/aws/FreeRTOS/FreeRTOS/Source/event_groups.o
LOAD ./ra/aws/FreeRTOS/FreeRTOS/Source/list.o
LOAD ./ra/aws/FreeRTOS/FreeRTOS/Source/queue.o
LOAD ./ra/aws/FreeRTOS/FreeRTOS/Source/stream_buffer.o
LOAD ./ra/aws/FreeRTOS/FreeRTOS/Source/tasks.o
LOAD ./ra/aws/FreeRTOS/FreeRTOS/Source/timers.o
LOAD ./platform/thinkey_transport_al/source/thinkey_btal.o
LOAD ./platform/thinkey_transport_al/source/thinkey_nal.o
LOAD ./platform/thinkey_transport_al/PTX/RF_TEST/ptxRF_Test.o
LOAD ./platform/thinkey_transport_al/PTX/PLAT/type2ab/ptxPLAT.o
LOAD ./platform/thinkey_transport_al/PTX/PLAT/type2ab/ptxPLAT_SPI.o
LOAD ./platform/thinkey_transport_al/PTX/PLAT/type2ab/ptxPLAT_TIMER.o
LOAD ./platform/thinkey_transport_al/PTX/PLAT/type2ab/thinkey_osal.o
LOAD ./platform/thinkey_transport_al/PTX/NSC/NSC_RD/ptxNSC_Rd.o
LOAD ./platform/thinkey_transport_al/PTX/NSC/NSC_IOTRD/ptxNSC_Notifications.o
LOAD ./platform/thinkey_transport_al/PTX/NSC/NSC_CE/ptxNSC_CE.o
LOAD ./platform/thinkey_transport_al/PTX/NSC/ptxNSC.o
LOAD ./platform/thinkey_transport_al/PTX/NSC/ptxNSC_Intf_SPII2C.o
LOAD ./platform/thinkey_transport_al/PTX/NSC/ptxNSC_RfConfig.o
LOAD ./platform/thinkey_transport_al/PTX/NSC/ptxNSC_RfConfigVal.o
LOAD ./platform/thinkey_transport_al/PTX/NSC/ptxNSC_System.o
LOAD ./platform/thinkey_transport_al/PTX/NSC/ptxNSC_uCODE.o
LOAD ./platform/thinkey_transport_al/PTX/NDEF/ptxNDEF.o
LOAD ./platform/thinkey_transport_al/PTX/NDEF/ptxNDEF_T2TOP.o
LOAD ./platform/thinkey_transport_al/PTX/NDEF/ptxNDEF_T3TOP.o
LOAD ./platform/thinkey_transport_al/PTX/NDEF/ptxNDEF_T4TOP.o
LOAD ./platform/thinkey_transport_al/PTX/NDEF/ptxNDEF_T5TOP.o
LOAD ./platform/thinkey_transport_al/PTX/NATIVE_TAG/ptxNativeTag_T2T.o
LOAD ./platform/thinkey_transport_al/PTX/NATIVE_TAG/ptxNativeTag_T3T.o
LOAD ./platform/thinkey_transport_al/PTX/NATIVE_TAG/ptxNativeTag_T4T.o
LOAD ./platform/thinkey_transport_al/PTX/NATIVE_TAG/ptxNativeTag_T5T.o
LOAD ./platform/thinkey_transport_al/PTX/IOT_READER/ptx_IOT_READER.o
LOAD ./platform/thinkey_transport_al/PTX/HCE/ptxHce.o
LOAD ./platform/thinkey_transport_al/PTX/GPIO/ptxGPIO.o
LOAD ./platform/thinkey_transport_al/PTX/FELICA_DTE/ptxFeliCa_DTE.o
LOAD ./platform/thinkey_transport_al/PTX/COMMON/ptxCOMMON.o
LOAD ./platform/thinkey_transport_al/PTX/COMMON/ptxHce_Exchange.o
LOAD ./platform/thinkey_transport_al/PTX/COMMON/ptxIoTRd_COMMON.o
LOAD ./platform/thinkey_transport_al/PTX/COMMON/ptxT4T.o
LOAD ./platform/thinkey_transport_al/PTX/ptxDBG_PORT.o
LOAD ./platform/thinkey_storage_al/source/thinkey_dkstore.o
LOAD ./platform/thinkey_security_al/mbedtls/source/aes.o
LOAD ./platform/thinkey_security_al/mbedtls/source/aesni.o
LOAD ./platform/thinkey_security_al/mbedtls/source/ansi_x936_kdf.o
LOAD ./platform/thinkey_security_al/mbedtls/source/arc4.o
LOAD ./platform/thinkey_security_al/mbedtls/source/aria.o
LOAD ./platform/thinkey_security_al/mbedtls/source/asn1parse.o
LOAD ./platform/thinkey_security_al/mbedtls/source/asn1write.o
LOAD ./platform/thinkey_security_al/mbedtls/source/base64.o
LOAD ./platform/thinkey_security_al/mbedtls/source/bignum.o
LOAD ./platform/thinkey_security_al/mbedtls/source/blowfish.o
LOAD ./platform/thinkey_security_al/mbedtls/source/camellia.o
LOAD ./platform/thinkey_security_al/mbedtls/source/ccm.o
LOAD ./platform/thinkey_security_al/mbedtls/source/certs.o
LOAD ./platform/thinkey_security_al/mbedtls/source/chacha20.o
LOAD ./platform/thinkey_security_al/mbedtls/source/chachapoly.o
LOAD ./platform/thinkey_security_al/mbedtls/source/cipher.o
LOAD ./platform/thinkey_security_al/mbedtls/source/cipher_wrap.o
LOAD ./platform/thinkey_security_al/mbedtls/source/cmac.o
LOAD ./platform/thinkey_security_al/mbedtls/source/ctr_drbg.o
LOAD ./platform/thinkey_security_al/mbedtls/source/debug.o
LOAD ./platform/thinkey_security_al/mbedtls/source/des.o
LOAD ./platform/thinkey_security_al/mbedtls/source/dhm.o
LOAD ./platform/thinkey_security_al/mbedtls/source/ecdh.o
LOAD ./platform/thinkey_security_al/mbedtls/source/ecdsa.o
LOAD ./platform/thinkey_security_al/mbedtls/source/ecjpake.o
LOAD ./platform/thinkey_security_al/mbedtls/source/ecp.o
LOAD ./platform/thinkey_security_al/mbedtls/source/ecp_curves.o
LOAD ./platform/thinkey_security_al/mbedtls/source/entropy.o
LOAD ./platform/thinkey_security_al/mbedtls/source/entropy_poll.o
LOAD ./platform/thinkey_security_al/mbedtls/source/error.o
LOAD ./platform/thinkey_security_al/mbedtls/source/gcm.o
LOAD ./platform/thinkey_security_al/mbedtls/source/havege.o
LOAD ./platform/thinkey_security_al/mbedtls/source/hkdf.o
LOAD ./platform/thinkey_security_al/mbedtls/source/hmac_drbg.o
LOAD ./platform/thinkey_security_al/mbedtls/source/md.o
LOAD ./platform/thinkey_security_al/mbedtls/source/md2.o
LOAD ./platform/thinkey_security_al/mbedtls/source/md4.o
LOAD ./platform/thinkey_security_al/mbedtls/source/md5.o
LOAD ./platform/thinkey_security_al/mbedtls/source/memory_buffer_alloc.o
LOAD ./platform/thinkey_security_al/mbedtls/source/net_sockets.o
LOAD ./platform/thinkey_security_al/mbedtls/source/nist_kw.o
LOAD ./platform/thinkey_security_al/mbedtls/source/oid.o
LOAD ./platform/thinkey_security_al/mbedtls/source/padlock.o
LOAD ./platform/thinkey_security_al/mbedtls/source/pem.o
LOAD ./platform/thinkey_security_al/mbedtls/source/pk.o
LOAD ./platform/thinkey_security_al/mbedtls/source/pk_wrap.o
LOAD ./platform/thinkey_security_al/mbedtls/source/pkcs11.o
LOAD ./platform/thinkey_security_al/mbedtls/source/pkcs12.o
LOAD ./platform/thinkey_security_al/mbedtls/source/pkcs5.o
LOAD ./platform/thinkey_security_al/mbedtls/source/pkparse.o
LOAD ./platform/thinkey_security_al/mbedtls/source/pkwrite.o
LOAD ./platform/thinkey_security_al/mbedtls/source/platform.o
LOAD ./platform/thinkey_security_al/mbedtls/source/platform_util.o
LOAD ./platform/thinkey_security_al/mbedtls/source/poly1305.o
LOAD ./platform/thinkey_security_al/mbedtls/source/psa_crypto.o
LOAD ./platform/thinkey_security_al/mbedtls/source/psa_crypto_client.o
LOAD ./platform/thinkey_security_al/mbedtls/source/psa_crypto_driver_wrappers.o
LOAD ./platform/thinkey_security_al/mbedtls/source/psa_crypto_ecp.o
LOAD ./platform/thinkey_security_al/mbedtls/source/psa_crypto_rsa.o
LOAD ./platform/thinkey_security_al/mbedtls/source/psa_crypto_se.o
LOAD ./platform/thinkey_security_al/mbedtls/source/psa_crypto_slot_management.o
LOAD ./platform/thinkey_security_al/mbedtls/source/psa_crypto_storage.o
LOAD ./platform/thinkey_security_al/mbedtls/source/psa_its_file.o
LOAD ./platform/thinkey_security_al/mbedtls/source/ripemd160.o
LOAD ./platform/thinkey_security_al/mbedtls/source/rsa.o
LOAD ./platform/thinkey_security_al/mbedtls/source/rsa_internal.o
LOAD ./platform/thinkey_security_al/mbedtls/source/sha1.o
LOAD ./platform/thinkey_security_al/mbedtls/source/sha256.o
LOAD ./platform/thinkey_security_al/mbedtls/source/sha512.o
LOAD ./platform/thinkey_security_al/mbedtls/source/ssl_cache.o
LOAD ./platform/thinkey_security_al/mbedtls/source/ssl_ciphersuites.o
LOAD ./platform/thinkey_security_al/mbedtls/source/ssl_cli.o
LOAD ./platform/thinkey_security_al/mbedtls/source/ssl_cookie.o
LOAD ./platform/thinkey_security_al/mbedtls/source/ssl_msg.o
LOAD ./platform/thinkey_security_al/mbedtls/source/ssl_srv.o
LOAD ./platform/thinkey_security_al/mbedtls/source/ssl_ticket.o
LOAD ./platform/thinkey_security_al/mbedtls/source/ssl_tls.o
LOAD ./platform/thinkey_security_al/mbedtls/source/ssl_tls13_keys.o
LOAD ./platform/thinkey_security_al/mbedtls/source/threading.o
LOAD ./platform/thinkey_security_al/mbedtls/source/timing.o
LOAD ./platform/thinkey_security_al/mbedtls/source/version.o
LOAD ./platform/thinkey_security_al/mbedtls/source/version_features.o
LOAD ./platform/thinkey_security_al/mbedtls/source/x509.o
LOAD ./platform/thinkey_security_al/mbedtls/source/x509_create.o
LOAD ./platform/thinkey_security_al/mbedtls/source/x509_crl.o
LOAD ./platform/thinkey_security_al/mbedtls/source/x509_crt.o
LOAD ./platform/thinkey_security_al/mbedtls/source/x509_csr.o
LOAD ./platform/thinkey_security_al/mbedtls/source/x509write_crt.o
LOAD ./platform/thinkey_security_al/mbedtls/source/x509write_csr.o
LOAD ./platform/thinkey_security_al/mbedtls/source/xtea.o
LOAD ./platform/thinkey_security_al/thinkey_se_al.o
LOAD ./platform/thinkey_ranging_al/source/thinkey_ral.o
LOAD ./platform/thinkey_debug_al/source/thinkey_debug.o
LOAD ./platform/thinkey_debug_al/source/uart_debug.o
LOAD ./platform/thinkey_bsp_al/source/thinkey_bspal.o
END GROUP
START GROUP
LOAD c:/program files (x86)/arm gnu toolchain arm-none-eabi/12.2 mpacbti-rel1/bin/../lib/gcc/arm-none-eabi/12.2.1/thumb/v8-m.main+fp/hard\libgcc.a
LOAD c:/program files (x86)/arm gnu toolchain arm-none-eabi/12.2 mpacbti-rel1/bin/../lib/gcc/arm-none-eabi/12.2.1/thumb/v8-m.main+fp/hard\libg_nano.a
LOAD c:/program files (x86)/arm gnu toolchain arm-none-eabi/12.2 mpacbti-rel1/bin/../lib/gcc/arm-none-eabi/12.2.1/thumb/v8-m.main+fp/hard\libc_nano.a
END GROUP
START GROUP
LOAD c:/program files (x86)/arm gnu toolchain arm-none-eabi/12.2 mpacbti-rel1/bin/../lib/gcc/arm-none-eabi/12.2.1/thumb/v8-m.main+fp/hard\libgcc.a
LOAD c:/program files (x86)/arm gnu toolchain arm-none-eabi/12.2 mpacbti-rel1/bin/../lib/gcc/arm-none-eabi/12.2.1/thumb/v8-m.main+fp/hard\libc_nano.a
LOAD c:/program files (x86)/arm gnu toolchain arm-none-eabi/12.2 mpacbti-rel1/bin/../lib/gcc/arm-none-eabi/12.2.1/thumb/v8-m.main+fp/hard\librdimon_nano.a
END GROUP
START GROUP
LOAD c:/program files (x86)/arm gnu toolchain arm-none-eabi/12.2 mpacbti-rel1/bin/../lib/gcc/arm-none-eabi/12.2.1/thumb/v8-m.main+fp/hard\libgcc.a
LOAD c:/program files (x86)/arm gnu toolchain arm-none-eabi/12.2 mpacbti-rel1/bin/../lib/gcc/arm-none-eabi/12.2.1/thumb/v8-m.main+fp/hard\libc_nano.a
LOAD c:/program files (x86)/arm gnu toolchain arm-none-eabi/12.2 mpacbti-rel1/bin/../lib/gcc/arm-none-eabi/12.2.1/thumb/v8-m.main+fp/hard\librdimon_nano.a
END GROUP
LOAD c:/program files (x86)/arm gnu toolchain arm-none-eabi/12.2 mpacbti-rel1/bin/../lib/gcc/arm-none-eabi/12.2.1/thumb/v8-m.main+fp/hard/crtend.o
LOAD c:/program files (x86)/arm gnu toolchain arm-none-eabi/12.2 mpacbti-rel1/bin/../lib/gcc/arm-none-eabi/12.2.1/thumb/v8-m.main+fp/hard/crtn.o
                0x20000000                        RAM_START = 0x20000000
                0x00080000                        RAM_LENGTH = 0x80000
                0x00000000                        FLASH_START = 0x0
                0x00200000                        FLASH_LENGTH = 0x200000
                0x08000000                        DATA_FLASH_START = 0x8000000
                0x00002000                        DATA_FLASH_LENGTH = 0x2000
                0x0100a100                        OPTION_SETTING_START = 0x100a100
                0x00000100                        OPTION_SETTING_LENGTH = 0x100
                0x0100a200                        OPTION_SETTING_S_START = 0x100a200
                0x00000100                        OPTION_SETTING_S_LENGTH = 0x100
                0x00000000                        ID_CODE_START = 0x0
                0x00000000                        ID_CODE_LENGTH = 0x0
                0x80010000                        SDRAM_START = 0x80010000
                0x00000000                        SDRAM_LENGTH = 0x0
                0x60000000                        QSPI_FLASH_START = 0x60000000
                0x04000000                        QSPI_FLASH_LENGTH = 0x4000000
                0x68000000                        OSPI_DEVICE_0_START = 0x68000000
                0x08000000                        OSPI_DEVICE_0_LENGTH = 0x8000000
                0x70000000                        OSPI_DEVICE_1_START = 0x70000000
                0x10000000                        OSPI_DEVICE_1_LENGTH = 0x10000000
                0x04000000                        QSPI_FLASH_PRV_LENGTH = DEFINED (QSPI_FLASH_SIZE)?ABSOLUTE (QSPI_FLASH_SIZE):ABSOLUTE (QSPI_FLASH_LENGTH)
                0x08000000                        OSPI_DEVICE_0_PRV_LENGTH = DEFINED (OSPI_DEVICE_0_SIZE)?ABSOLUTE (OSPI_DEVICE_0_SIZE):ABSOLUTE (OSPI_DEVICE_0_LENGTH)
                0x10000000                        OSPI_DEVICE_1_PRV_LENGTH = DEFINED (OSPI_DEVICE_1_SIZE)?ABSOLUTE (OSPI_DEVICE_1_SIZE):ABSOLUTE (OSPI_DEVICE_1_LENGTH)
                0x00000000                        __RESERVE_NS_RAM = ((! (DEFINED (PROJECT_NONSECURE)) && DEFINED (RAM_NS_BUFFER_LENGTH)) && (OPTION_SETTING_S_LENGTH != 0x0))
                0x00000000                        ITCM_START = DEFINED (ITCM_START)?ITCM_START:0x0
                0x00000000                        ITCM_LENGTH = DEFINED (ITCM_LENGTH)?ITCM_LENGTH:0x0
                0x00000000                        DTCM_START = DEFINED (DTCM_START)?DTCM_START:0x0
                0x00000000                        DTCM_LENGTH = DEFINED (DTCM_LENGTH)?DTCM_LENGTH:0x0
                0x00000000                        NS_OFFSET_START = DEFINED (NS_OFFSET_START)?NS_OFFSET_START:0x0
                0x00000000                        NS_IMAGE_OFFSET = DEFINED (PROJECT_NONSECURE)?NS_OFFSET_START:0x0
                0x00000000                        RAM_NS_BUFFER_BLOCK_LENGTH = DEFINED (RAM_NS_BUFFER_LENGTH)?ALIGN (RAM_NS_BUFFER_LENGTH, 0x2000):0x0
                0x00000000                        RAM_NS_BUFFER_LENGTH = DEFINED (RAM_NS_BUFFER_LENGTH)?RAM_NS_BUFFER_LENGTH:0x0
                0x20080000                        RAM_NS_BUFFER_START = ((RAM_START + RAM_LENGTH) - RAM_NS_BUFFER_LENGTH)
                0x20080000                        RAM_NS_BUFFER_BLOCK_START = ((RAM_START + RAM_LENGTH) - RAM_NS_BUFFER_BLOCK_LENGTH)
                0x0100a180                        OPTION_SETTING_START_NS = DEFINED (PROJECT_NONSECURE)?OPTION_SETTING_START:(OPTION_SETTING_START + 0x80)
                0x00000001                        __bl_FSP_BOOTABLE_IMAGE = 0x1
                0x00000001                        __bln_FSP_BOOTABLE_IMAGE = 0x1
                0x00000001                        PROJECT_SECURE_OR_FLAT = (((! (DEFINED (PROJECT_NONSECURE)) || DEFINED (PROJECT_SECURE)) && OPTION_SETTING_LENGTH) && ! (DEFINED (FSP_BOOTABLE_IMAGE)))
                0x00000000                        USE_OPTION_SETTING_NS = (DEFINED (PROJECT_NONSECURE) && ! (DEFINED (FSP_BOOTABLE_IMAGE)))
                0x00000000                        __bl_FLASH_IMAGE_START = ! (DEFINED (FLASH_BOOTLOADER_LENGTH))?0x0:(FLASH_APPLICATION_IMAGE_NUMBER == 0x1)?(FLASH_BOOTLOADER_LENGTH + FLASH_BOOTLOADER_HEADER_LENGTH):(((FLASH_BOOTLOADER_LENGTH + FLASH_BOOTLOADER_SCRATCH_LENGTH) + FLASH_APPLICATION_S_LENGTH) + FLASH_BOOTLOADER_HEADER_LENGTH)
                0x00000000                        __bl_FLASH_IMAGE_LENGTH = ! (DEFINED (FLASH_BOOTLOADER_LENGTH))?0x0:(FLASH_APPLICATION_S_LENGTH - FLASH_BOOTLOADER_HEADER_LENGTH)
                0x00000000                        __bl_FLASH_IMAGE_END = (__bl_FLASH_IMAGE_START + __bl_FLASH_IMAGE_LENGTH)
                0x00000000                        __bl_XIP_SECONDARY_FLASH_IMAGE_START = ! (DEFINED (FLASH_BOOTLOADER_LENGTH))?0x0:((FLASH_BOOTLOADER_LENGTH + FLASH_APPLICATION_S_LENGTH) + FLASH_BOOTLOADER_HEADER_LENGTH)
                0x00000000                        __bl_XIP_SECONDARY_FLASH_IMAGE_END = (__bl_XIP_SECONDARY_FLASH_IMAGE_START + __bl_FLASH_IMAGE_LENGTH)
                0x00000000                        __bl_FLASH_NS_START = ! (DEFINED (FLASH_BOOTLOADER_LENGTH))?0x0:(FLASH_APPLICATION_NS_LENGTH == 0x0)?__bl_FLASH_IMAGE_END:((__bl_FLASH_IMAGE_START - FLASH_BOOTLOADER_HEADER_LENGTH) + FLASH_APPLICATION_S_LENGTH)
                0x00000000                        __bl_FLASH_NSC_START = ! (DEFINED (FLASH_BOOTLOADER_LENGTH))?0x0:(FLASH_APPLICATION_NS_LENGTH == 0x0)?__bl_FLASH_IMAGE_END:(__bl_FLASH_NS_START - FLASH_APPLICATION_NSC_LENGTH)
                0x00000000                        __bl_RAM_NS_START = ! (DEFINED (FLASH_BOOTLOADER_LENGTH))?0x0:(FLASH_APPLICATION_NS_LENGTH == 0x0)?(RAM_START + RAM_LENGTH):((RAM_START + RAM_LENGTH) - RAM_APPLICATION_NS_LENGTH)
                0x00000000                        __bl_RAM_NSC_START = ! (DEFINED (FLASH_BOOTLOADER_LENGTH))?0x0:(FLASH_APPLICATION_NS_LENGTH == 0x0)?(RAM_START + RAM_LENGTH):(__bl_RAM_NS_START - RAM_APPLICATION_NSC_LENGTH)
                0x00000000                        __bl_FLASH_NS_IMAGE_START = ! (DEFINED (FLASH_BOOTLOADER_LENGTH))?0x0:(FLASH_APPLICATION_NS_LENGTH == 0x0)?__bl_FLASH_IMAGE_END:(__bl_FLASH_NS_START + FLASH_BOOTLOADER_HEADER_LENGTH_2)
                0x00000000                        __bln_FLASH_IMAGE_START = __bl_FLASH_NS_IMAGE_START
                0x00000000                        __bln_FLASH_IMAGE_LENGTH = ! (DEFINED (FLASH_BOOTLOADER_LENGTH))?0x0:(FLASH_APPLICATION_NS_LENGTH == 0x0)?__bl_FLASH_IMAGE_END:(FLASH_APPLICATION_NS_LENGTH - FLASH_BOOTLOADER_HEADER_LENGTH_2)
                0x00000000                        XIP_SECONDARY_SLOT_IMAGE = DEFINED (XIP_SECONDARY_SLOT_IMAGE)?XIP_SECONDARY_SLOT_IMAGE:0x0
                0x00000000                        FLASH_ORIGIN = ! (DEFINED (FLASH_IMAGE_START))?FLASH_START:(XIP_SECONDARY_SLOT_IMAGE == 0x1)?XIP_SECONDARY_FLASH_IMAGE_START:FLASH_IMAGE_START
                0x00200000                        LIMITED_FLASH_LENGTH = DEFINED (FLASH_IMAGE_LENGTH)?FLASH_IMAGE_LENGTH:DEFINED (FLASH_BOOTLOADER_LENGTH)?FLASH_BOOTLOADER_LENGTH:FLASH_LENGTH
START GROUP
LOAD c:/program files (x86)/arm gnu toolchain arm-none-eabi/12.2 mpacbti-rel1/bin/../lib/gcc/arm-none-eabi/12.2.1/thumb/v8-m.main+fp/hard\libgcc.a
LOAD c:/program files (x86)/arm gnu toolchain arm-none-eabi/12.2 mpacbti-rel1/bin/../lib/gcc/arm-none-eabi/12.2.1/thumb/v8-m.main+fp/hard\libc.a
LOAD c:/program files (x86)/arm gnu toolchain arm-none-eabi/12.2 mpacbti-rel1/bin/../lib/gcc/arm-none-eabi/12.2.1/thumb/v8-m.main+fp/hard\libm.a
LOAD c:/program files (x86)/arm gnu toolchain arm-none-eabi/12.2 mpacbti-rel1/bin/../lib/gcc/arm-none-eabi/12.2.1/thumb/v8-m.main+fp/hard\libnosys.a
END GROUP

.text           0x00000000    0x4027c
                0x00000000                        __tz_FLASH_S = ABSOLUTE (FLASH_START)
                0x00000000                        __ROM_Start = .
 *(.fixed_vectors*)
 .fixed_vectors
                0x00000000       0x40 ./ra/fsp/src/bsp/cmsis/Device/RENESAS/Source/startup.o
                0x00000000                __Vectors
 *(.application_vectors*)
 .application_vectors
                0x00000040      0x180 ./ra_gen/vector_data.o
                0x00000040                g_vector_table
                0x000001c0                        __Vectors_End = .
                0x000001c0                        . = (OPTION_SETTING_LENGTH > 0x0)?.:(__ROM_Start + 0x400)
 *(.rom_registers*)
                0x000001c0                        . = (OPTION_SETTING_LENGTH > 0x0)?.:(__ROM_Start + 0x500)
                0x00000200                        . = ALIGN (0x80)
 *fill*         0x000001c0       0x40 ff
 *(.mcuboot_sce9_key*)
 *(.text*)
 .text.deregister_tm_clones
                0x00000200       0x1c c:/program files (x86)/arm gnu toolchain arm-none-eabi/12.2 mpacbti-rel1/bin/../lib/gcc/arm-none-eabi/12.2.1/thumb/v8-m.main+fp/hard/crtbegin.o
 .text.register_tm_clones
                0x0000021c       0x28 c:/program files (x86)/arm gnu toolchain arm-none-eabi/12.2 mpacbti-rel1/bin/../lib/gcc/arm-none-eabi/12.2.1/thumb/v8-m.main+fp/hard/crtbegin.o
 .text.__do_global_dtors_aux
                0x00000244       0x28 c:/program files (x86)/arm gnu toolchain arm-none-eabi/12.2 mpacbti-rel1/bin/../lib/gcc/arm-none-eabi/12.2.1/thumb/v8-m.main+fp/hard/crtbegin.o
 .text.frame_dummy
                0x0000026c       0x24 c:/program files (x86)/arm gnu toolchain arm-none-eabi/12.2 mpacbti-rel1/bin/../lib/gcc/arm-none-eabi/12.2.1/thumb/v8-m.main+fp/hard/crtbegin.o
 .text.ThinKey_Ble_eInit
                0x00000290       0x1c ./vehicle/transport/core/source/thinkey_ble_transport.o
                0x00000290                ThinKey_Ble_eInit
 .text.ThinKey_Ble_eStartNewKeyDetection
                0x000002ac       0x40 ./vehicle/transport/core/source/thinkey_ble_transport.o
                0x000002ac                ThinKey_Ble_eStartNewKeyDetection
 .text.ThinKey_Ble_eStopNewKeyDetection
                0x000002ec       0x1c ./vehicle/transport/core/source/thinkey_ble_transport.o
                0x000002ec                ThinKey_Ble_eStopNewKeyDetection
 .text.ThinKey_Ble_eStartKeyDetection
                0x00000308       0x40 ./vehicle/transport/core/source/thinkey_ble_transport.o
                0x00000308                ThinKey_Ble_eStartKeyDetection
 .text.ThinKey_Ble_eStopKeyDetection
                0x00000348       0x1c ./vehicle/transport/core/source/thinkey_ble_transport.o
                0x00000348                ThinKey_Ble_eStopKeyDetection
 .text.ThinKey_Ble_eSendData
                0x00000364       0x28 ./vehicle/transport/core/source/thinkey_ble_transport.o
                0x00000364                ThinKey_Ble_eSendData
 .text.THINKey_uiBleGeneratePSM
                0x0000038c       0x18 ./vehicle/transport/core/source/thinkey_ble_transport.o
                0x0000038c                THINKey_uiBleGeneratePSM
 .text.tkey_TSS_CheckBTKey
                0x000003a4       0x16 ./vehicle/transport/core/source/thinkey_ble_transport.o
                0x000003a4                tkey_TSS_CheckBTKey
 *fill*         0x000003ba        0x2 ff
 .text.tkey_Nfc_AllocateHandle
                0x000003bc       0x14 ./vehicle/transport/core/source/thinkey_nfc_transport.o
                0x000003bc                tkey_Nfc_AllocateHandle
 .text.tkey_Nfc_Init
                0x000003d0       0x68 ./vehicle/transport/core/source/thinkey_nfc_transport.o
                0x000003d0                tkey_Nfc_Init
 .text.tkey_Nfc_DeInit
                0x00000438       0x2c ./vehicle/transport/core/source/thinkey_nfc_transport.o
                0x00000438                tkey_Nfc_DeInit
 .text.tkey_Nfc_StartNewKeyDetection
                0x00000464       0x48 ./vehicle/transport/core/source/thinkey_nfc_transport.o
                0x00000464                tkey_Nfc_StartNewKeyDetection
 .text.tkey_Nfc_StopNewKeyDetection
                0x000004ac       0x2e ./vehicle/transport/core/source/thinkey_nfc_transport.o
                0x000004ac                tkey_Nfc_StopNewKeyDetection
 *fill*         0x000004da        0x2 ff
 .text.tkey_Nfc_StartKeyDetection
                0x000004dc       0x48 ./vehicle/transport/core/source/thinkey_nfc_transport.o
                0x000004dc                tkey_Nfc_StartKeyDetection
 .text.tkey_Nfc_StopKeyDetection
                0x00000524       0x28 ./vehicle/transport/core/source/thinkey_nfc_transport.o
                0x00000524                tkey_Nfc_StopKeyDetection
 .text.tkey_Nfc_eRemoveKey
                0x0000054c       0x2c ./vehicle/transport/core/source/thinkey_nfc_transport.o
                0x0000054c                tkey_Nfc_eRemoveKey
 .text.tkey_Nfc_eSendData
                0x00000578       0x32 ./vehicle/transport/core/source/thinkey_nfc_transport.o
                0x00000578                tkey_Nfc_eSendData
 *fill*         0x000005aa        0x2 ff
 .text.tkey_Nfc_KeyFoundCb
                0x000005ac       0x7c ./vehicle/transport/core/source/thinkey_nfc_transport.o
                0x000005ac                tkey_Nfc_KeyFoundCb
 .text.tkey_Nfc_KeyRemovedCb
                0x00000628       0x36 ./vehicle/transport/core/source/thinkey_nfc_transport.o
                0x00000628                tkey_Nfc_KeyRemovedCb
 *fill*         0x0000065e        0x2 ff
 .text.tkey_Nfc_DataReceivedCb
                0x00000660       0x50 ./vehicle/transport/core/source/thinkey_nfc_transport.o
                0x00000660                tkey_Nfc_DataReceivedCb
 .text.tkey_TSS_CheckNfcKey
                0x000006b0       0x54 ./vehicle/transport/core/source/thinkey_nfc_transport.o
                0x000006b0                tkey_TSS_CheckNfcKey
 .text.THINKey_hTransportSSInit
                0x00000704      0x140 ./vehicle/transport/core/source/thinkey_transport_ss_api.o
                0x00000704                THINKey_hTransportSSInit
 .text.THINKey_hTransportSSDeInit
                0x00000844       0x32 ./vehicle/transport/core/source/thinkey_transport_ss_api.o
                0x00000844                THINKey_hTransportSSDeInit
 .text.THINKey_eRegisterKeyFoundCallback
                0x00000876       0x22 ./vehicle/transport/core/source/thinkey_transport_ss_api.o
                0x00000876                THINKey_eRegisterKeyFoundCallback
 .text.THINKey_eRegisterKeyRemovedCallback
                0x00000898       0x22 ./vehicle/transport/core/source/thinkey_transport_ss_api.o
                0x00000898                THINKey_eRegisterKeyRemovedCallback
 *fill*         0x000008ba        0x2 ff
 .text.THINKey_eEnableNewKeyDetection
                0x000008bc       0x64 ./vehicle/transport/core/source/thinkey_transport_ss_api.o
                0x000008bc                THINKey_eEnableNewKeyDetection
 .text.THINKey_eDisableNewKeyDetection
                0x00000920       0x64 ./vehicle/transport/core/source/thinkey_transport_ss_api.o
                0x00000920                THINKey_eDisableNewKeyDetection
 .text.THINKey_eEnableKeyDetection
                0x00000984       0x70 ./vehicle/transport/core/source/thinkey_transport_ss_api.o
                0x00000984                THINKey_eEnableKeyDetection
 .text.THINKey_eDisableKeyDetection
                0x000009f4       0x68 ./vehicle/transport/core/source/thinkey_transport_ss_api.o
                0x000009f4                THINKey_eDisableKeyDetection
 .text.THINKey_eRemoveKey
                0x00000a5c       0x84 ./vehicle/transport/core/source/thinkey_transport_ss_api.o
                0x00000a5c                THINKey_eRemoveKey
 .text.THINKey_eSendData
                0x00000ae0       0xa0 ./vehicle/transport/core/source/thinkey_transport_ss_api.o
                0x00000ae0                THINKey_eSendData
 .text.THINKey_eRegisterDataReceivedCallback
                0x00000b80       0x22 ./vehicle/transport/core/source/thinkey_transport_ss_api.o
                0x00000b80                THINKey_eRegisterDataReceivedCallback
 .text.THINKey_eRegisterPairAndBondCallback
                0x00000ba2       0x22 ./vehicle/transport/core/source/thinkey_transport_ss_api.o
                0x00000ba2                THINKey_eRegisterPairAndBondCallback
 .text.hTransportSSHandleInit
                0x00000bc4       0x14 ./vehicle/transport/core/source/thinkey_transport_ss_api.o
                0x00000bc4                hTransportSSHandleInit
 .text.hCreateTransportEventQueue
                0x00000bd8       0x3c ./vehicle/transport/core/source/thinkey_transport_ss_api.o
                0x00000bd8                hCreateTransportEventQueue
 .text.eCreateEventTask
                0x00000c14       0x34 ./vehicle/transport/core/source/thinkey_transport_ss_api.o
                0x00000c14                eCreateEventTask
 .text.hGetTransportSSHandle
                0x00000c48       0x14 ./vehicle/transport/core/source/thinkey_transport_ss_api.o
                0x00000c48                hGetTransportSSHandle
 .text.tkey_TSS_GetTransportType
                0x00000c5c       0x60 ./vehicle/transport/core/source/thinkey_transport_ss_api.o
                0x00000c5c                tkey_TSS_GetTransportType
 .text.vTransportEventTask
                0x00000cbc      0x278 ./vehicle/transport/core/source/transport_event_handler.o
                0x00000cbc                vTransportEventTask
 .text.tkey_GetSpake2Context
                0x00000f34       0x1c ./vehicle/security/crypto_spake2/source/thinkey_spake2.o
 .text.TKey_Spake2_Init
                0x00000f50      0x1a4 ./vehicle/security/crypto_spake2/source/thinkey_spake2.o
                0x00000f50                TKey_Spake2_Init
 .text.TKey_Spake2_FormatSelectCommand
                0x000010f4       0x56 ./vehicle/security/crypto_spake2/source/thinkey_spake2.o
                0x000010f4                TKey_Spake2_FormatSelectCommand
 .text.TKey_Spake2_FormatSpake2ReqCommand
                0x0000114a       0x6e ./vehicle/security/crypto_spake2/source/thinkey_spake2.o
                0x0000114a                TKey_Spake2_FormatSpake2ReqCommand
 .text.TKey_Spake2_FormatSpake2VerifyCommand
                0x000011b8       0x60 ./vehicle/security/crypto_spake2/source/thinkey_spake2.o
                0x000011b8                TKey_Spake2_FormatSpake2VerifyCommand
 .text.TKey_Spake2_ProcessSpake2SelectResponse
                0x00001218       0x62 ./vehicle/security/crypto_spake2/source/thinkey_spake2.o
                0x00001218                TKey_Spake2_ProcessSpake2SelectResponse
 .text.TKey_Spake2_ProcessSpake2ReqResponse
                0x0000127a       0x56 ./vehicle/security/crypto_spake2/source/thinkey_spake2.o
                0x0000127a                TKey_Spake2_ProcessSpake2ReqResponse
 .text.TKey_Spake2_ProcessSpake2VerifyResponse
                0x000012d0       0x5c ./vehicle/security/crypto_spake2/source/thinkey_spake2.o
                0x000012d0                TKey_Spake2_ProcessSpake2VerifyResponse
 .text.TKey_Enc_Header
                0x0000132c       0xdc ./vehicle/security/crypto_spake2/source/thinkey_spake2_command_parse_format.o
                0x0000132c                TKey_Enc_Header
 .text.tkey_Spake2_PackSpake2SelectCommand
                0x00001408       0xb4 ./vehicle/security/crypto_spake2/source/thinkey_spake2_command_parse_format.o
                0x00001408                tkey_Spake2_PackSpake2SelectCommand
 .text.tkey_Spake2_ParseSpake2SelectResponse
                0x000014bc       0xa0 ./vehicle/security/crypto_spake2/source/thinkey_spake2_command_parse_format.o
                0x000014bc                tkey_Spake2_ParseSpake2SelectResponse
 .text.tkey_Spake2_PackSpake2ReqCommand
                0x0000155c      0x2a8 ./vehicle/security/crypto_spake2/source/thinkey_spake2_command_parse_format.o
                0x0000155c                tkey_Spake2_PackSpake2ReqCommand
 .text.tkey_Spake2_ParseSpake2ReqResponse
                0x00001804       0x62 ./vehicle/security/crypto_spake2/source/thinkey_spake2_command_parse_format.o
                0x00001804                tkey_Spake2_ParseSpake2ReqResponse
 *fill*         0x00001866        0x2 ff
 .text.tkey_Spake2_PackSpake2VerifyCommand
                0x00001868       0xf0 ./vehicle/security/crypto_spake2/source/thinkey_spake2_command_parse_format.o
                0x00001868                tkey_Spake2_PackSpake2VerifyCommand
 .text.tkey_Spake2_ParseSpake2VerifyResponse
                0x00001958       0x62 ./vehicle/security/crypto_spake2/source/thinkey_spake2_command_parse_format.o
                0x00001958                tkey_Spake2_ParseSpake2VerifyResponse
 .text.tkey_Spake2_GetSelectCommand
                0x000019ba       0x6a ./vehicle/security/crypto_spake2/source/thinkey_spake2_commands.o
                0x000019ba                tkey_Spake2_GetSelectCommand
 .text.tkey_Spake2_CheckSelectResponse
                0x00001a24       0x58 ./vehicle/security/crypto_spake2/source/thinkey_spake2_commands.o
                0x00001a24                tkey_Spake2_CheckSelectResponse
 .text.tkey_Spake2_GetSpake2ReqCommand
                0x00001a7c       0x68 ./vehicle/security/crypto_spake2/source/thinkey_spake2_commands.o
                0x00001a7c                tkey_Spake2_GetSpake2ReqCommand
 .text.tkey_Spake2_CheckSpake2ReqResponse
                0x00001ae4       0x4e ./vehicle/security/crypto_spake2/source/thinkey_spake2_commands.o
                0x00001ae4                tkey_Spake2_CheckSpake2ReqResponse
 *fill*         0x00001b32        0x2 ff
 .text.tkey_Spake2_GetSpake2VerifyCommand
                0x00001b34      0x308 ./vehicle/security/crypto_spake2/source/thinkey_spake2_commands.o
                0x00001b34                tkey_Spake2_GetSpake2VerifyCommand
 .text.tkey_Spake2_CheckSpake2VerifyResponse
                0x00001e3c      0x24c ./vehicle/security/crypto_spake2/source/thinkey_spake2_commands.o
                0x00001e3c                tkey_Spake2_CheckSpake2VerifyResponse
 .text.tkey_Spake2_EncryptAndAuth
                0x00002088      0x332 ./vehicle/security/crypto_spake2/source/thinkey_spake2_commands.o
                0x00002088                tkey_Spake2_EncryptAndAuth
 *fill*         0x000023ba        0x2 ff
 .text.tkey_Spake2_DecryptAndAuth
                0x000023bc      0x1f8 ./vehicle/security/crypto_spake2/source/thinkey_spake2_commands.o
                0x000023bc                tkey_Spake2_DecryptAndAuth
 .text.tkey_DKCreation_EPCreateDataInit
                0x000025b4       0x50 ./vehicle/security/crypto_dk_creation/source/thinkey_dk_creation.o
                0x000025b4                tkey_DKCreation_EPCreateDataInit
 .text.TKey_DKCreation_Init
                0x00002604       0xdc ./vehicle/security/crypto_dk_creation/source/thinkey_dk_creation.o
                0x00002604                TKey_DKCreation_Init
 .text.TKey_DKCreation_FormatWriteDataCommand
                0x000026e0      0x27c ./vehicle/security/crypto_dk_creation/source/thinkey_dk_creation.o
                0x000026e0                TKey_DKCreation_FormatWriteDataCommand
 .text.TKey_DKCreation_ProcessWriteDataResponse
                0x0000295c       0x7e ./vehicle/security/crypto_dk_creation/source/thinkey_dk_creation.o
                0x0000295c                TKey_DKCreation_ProcessWriteDataResponse
 *fill*         0x000029da        0x2 ff
 .text.TKey_DKCreation_FormatGetDataCommand
                0x000029dc      0x10c ./vehicle/security/crypto_dk_creation/source/thinkey_dk_creation.o
                0x000029dc                TKey_DKCreation_FormatGetDataCommand
 .text.TKey_DKCreation_ProcessGetDataResponse
                0x00002ae8      0x294 ./vehicle/security/crypto_dk_creation/source/thinkey_dk_creation.o
                0x00002ae8                TKey_DKCreation_ProcessGetDataResponse
 .text.TKey_DKCreation_FormatGetRspCommand
                0x00002d7c       0xba ./vehicle/security/crypto_dk_creation/source/thinkey_dk_creation.o
                0x00002d7c                TKey_DKCreation_FormatGetRspCommand
 *fill*         0x00002e36        0x2 ff
 .text.TKey_DKCreation_ProcessGetRspResponse
                0x00002e38      0x278 ./vehicle/security/crypto_dk_creation/source/thinkey_dk_creation.o
                0x00002e38                TKey_DKCreation_ProcessGetRspResponse
 .text.TKey_DKCreation_FormatOPControlFlowCommand
                0x000030b0       0x58 ./vehicle/security/crypto_dk_creation/source/thinkey_dk_creation.o
                0x000030b0                TKey_DKCreation_FormatOPControlFlowCommand
 .text.TKey_DKCreation_ProcessOPControlFlowResponse
                0x00003108       0x3e ./vehicle/security/crypto_dk_creation/source/thinkey_dk_creation.o
                0x00003108                TKey_DKCreation_ProcessOPControlFlowResponse
 *fill*         0x00003146        0x2 ff
 .text.tkey_DKCreation_VerifyCertAndStoreDK
                0x00003148       0xd4 ./vehicle/security/crypto_dk_creation/source/thinkey_dk_creation.o
                0x00003148                tkey_DKCreation_VerifyCertAndStoreDK
 .text.tkey_DKCreation_IsGetDataRemaining
                0x0000321c       0x1e ./vehicle/security/crypto_dk_creation/source/thinkey_dk_creation.o
                0x0000321c                tkey_DKCreation_IsGetDataRemaining
 .text.tkey_DKCreation_IsWriteAttestation
                0x0000323a       0x4a ./vehicle/security/crypto_dk_creation/source/thinkey_dk_creation.o
                0x0000323a                tkey_DKCreation_IsWriteAttestation
 .text.tkey_DKCreation_GetWriteData
                0x00003284       0x46 ./vehicle/security/crypto_dk_creation/source/thinkey_dk_creation.o
                0x00003284                tkey_DKCreation_GetWriteData
 .text.tkey_DKCreation_GetEPConfiguration
                0x000032ca      0x156 ./vehicle/security/crypto_dk_creation/source/thinkey_dk_creation.o
                0x000032ca                tkey_DKCreation_GetEPConfiguration
 .text.tkey_DKCreation_PackWriteData
                0x00003420      0x11c ./vehicle/security/crypto_dk_creation/source/thinkey_dk_creation_parse_format.o
                0x00003420                tkey_DKCreation_PackWriteData
 .text.tkey_DKCreation_PackWriteDataCommand
                0x0000353c       0xdc ./vehicle/security/crypto_dk_creation/source/thinkey_dk_creation_parse_format.o
                0x0000353c                tkey_DKCreation_PackWriteDataCommand
 .text.tkey_DKCreation_PackGetDataCommand
                0x00003618       0xc8 ./vehicle/security/crypto_dk_creation/source/thinkey_dk_creation_parse_format.o
                0x00003618                tkey_DKCreation_PackGetDataCommand
 .text.tkey_DKCreation_PackGetResponseCommand
                0x000036e0       0xc0 ./vehicle/security/crypto_dk_creation/source/thinkey_dk_creation_parse_format.o
                0x000036e0                tkey_DKCreation_PackGetResponseCommand
 .text.tkey_DKCreation_PackOPControlFlowCommand
                0x000037a0       0x8a ./vehicle/security/crypto_dk_creation/source/thinkey_dk_creation_parse_format.o
                0x000037a0                tkey_DKCreation_PackOPControlFlowCommand
 .text.tkey_DKCreation_ParseWriteDataResponse
                0x0000382a       0x6c ./vehicle/security/crypto_dk_creation/source/thinkey_dk_creation_parse_format.o
                0x0000382a                tkey_DKCreation_ParseWriteDataResponse
 .text.tkey_DKCreation_ParseGetDataResponse
                0x00003896       0xde ./vehicle/security/crypto_dk_creation/source/thinkey_dk_creation_parse_format.o
                0x00003896                tkey_DKCreation_ParseGetDataResponse
 .text.tkey_DKCreation_ParseGetRspCommandResponse
                0x00003974       0xdc ./vehicle/security/crypto_dk_creation/source/thinkey_dk_creation_parse_format.o
                0x00003974                tkey_DKCreation_ParseGetRspCommandResponse
 .text.tkey_DKCreation_ParseOPControlFlowResponse
                0x00003a50       0x42 ./vehicle/security/crypto_dk_creation/source/thinkey_dk_creation_parse_format.o
                0x00003a50                tkey_DKCreation_ParseOPControlFlowResponse
 *fill*         0x00003a92        0x2 ff
 .text.TKey_DKApplet_GetAuth0Command
                0x00003a94       0x8c ./vehicle/security/crypto_digitalkey_applet/source/thinkey_auth0.o
                0x00003a94                TKey_DKApplet_GetAuth0Command
 .text.THINKey_eGetAUTH0CommandParams
                0x00003b20      0x1d8 ./vehicle/security/crypto_digitalkey_applet/source/thinkey_auth0.o
                0x00003b20                THINKey_eGetAUTH0CommandParams
 .text.THINKey_eProcessAUTH0Response
                0x00003cf8      0x454 ./vehicle/security/crypto_digitalkey_applet/source/thinkey_auth0.o
                0x00003cf8                THINKey_eProcessAUTH0Response
 .text.getEPSignature
                0x0000414c       0x52 ./vehicle/security/crypto_digitalkey_applet/source/thinkey_auth1.o
                0x0000414c                getEPSignature
 *fill*         0x0000419e        0x2 ff
 .text.TKey_DKApplet_GetAuth1Command
                0x000041a0       0x88 ./vehicle/security/crypto_digitalkey_applet/source/thinkey_auth1.o
                0x000041a0                TKey_DKApplet_GetAuth1Command
 .text.THINKey_eGetAUTH1CommandParams
                0x00004228      0x2c8 ./vehicle/security/crypto_digitalkey_applet/source/thinkey_auth1.o
                0x00004228                THINKey_eGetAUTH1CommandParams
 .text.THINKey_eProcessAUTH1Response
                0x000044f0      0xfc8 ./vehicle/security/crypto_digitalkey_applet/source/thinkey_auth1.o
                0x000044f0                THINKey_eProcessAUTH1Response
 .text.THINKey_GetUrsk
                0x000054b8       0x38 ./vehicle/security/crypto_digitalkey_applet/source/thinkey_auth1.o
                0x000054b8                THINKey_GetUrsk
 .text.TKey_DKApplet_GetControlFlowCommand
                0x000054f0       0x46 ./vehicle/security/crypto_digitalkey_applet/source/thinkey_control_flow.o
                0x000054f0                TKey_DKApplet_GetControlFlowCommand
 *fill*         0x00005536        0x2 ff
 .text.tkey_Crypto_SetContext
                0x00005538       0xb4 ./vehicle/security/crypto_digitalkey_applet/source/thinkey_crypto_context.o
                0x00005538                tkey_Crypto_SetContext
 .text.tkey_Crypto_GetContext
                0x000055ec       0x1c ./vehicle/security/crypto_digitalkey_applet/source/thinkey_crypto_context.o
                0x000055ec                tkey_Crypto_GetContext
 .text.THINKey_eGetExchangeCommandParams
                0x00005608      0x28c ./vehicle/security/crypto_digitalkey_applet/source/thinkey_exchange.o
                0x00005608                THINKey_eGetExchangeCommandParams
 .text.TKey_ProcessExchangeResponse
                0x00005894       0x20 ./vehicle/security/crypto_digitalkey_applet/source/thinkey_exchange.o
                0x00005894                TKey_ProcessExchangeResponse
 .text.TKey_DKApplet_GetExchangeCommand
                0x000058b4       0xb8 ./vehicle/security/crypto_digitalkey_applet/source/thinkey_exchange.o
                0x000058b4                TKey_DKApplet_GetExchangeCommand
 .text.THINKey_eGetSelectAppletCommandParams
                0x0000596c       0x6e ./vehicle/security/crypto_digitalkey_applet/source/thinkey_select_applet.o
                0x0000596c                THINKey_eGetSelectAppletCommandParams
 .text.THINKey_eProcessSelectAppletResponse
                0x000059da       0x34 ./vehicle/security/crypto_digitalkey_applet/source/thinkey_select_applet.o
                0x000059da                THINKey_eProcessSelectAppletResponse
 .text.Tkey_Crypto_GetAuthReqChallengeData
                0x00005a0e       0x56 ./vehicle/security/crypto_digitalkey_applet/source/thinkey_verifysign.o
                0x00005a0e                Tkey_Crypto_GetAuthReqChallengeData
 .text.Tkey_Crypto_VerifySignature
                0x00005a64      0x130 ./vehicle/security/crypto_digitalkey_applet/source/thinkey_verifysign.o
                0x00005a64                Tkey_Crypto_VerifySignature
 .text.TKey_CryptoSS_StorePairedDevice
                0x00005b94       0x54 ./vehicle/security/crypto_data_access/source/thinkey_crypto_data_access.o
                0x00005b94                TKey_CryptoSS_StorePairedDevice
 .text.THINKey_boOwnerKeyPaired
                0x00005be8       0x6c ./vehicle/security/crypto_data_access/source/thinkey_crypto_data_access.o
                0x00005be8                THINKey_boOwnerKeyPaired
 .text.THINKey_hCryptoSSInit
                0x00005c54       0x24 ./vehicle/security/crypto_common/source/thinkey_crypto_common.o
                0x00005c54                THINKey_hCryptoSSInit
 .text.THINKey_hGetCryptoInstance
                0x00005c78       0x1e ./vehicle/security/crypto_common/source/thinkey_crypto_common.o
                0x00005c78                THINKey_hGetCryptoInstance
 .text.THINKey_eReleaseCryptoInstance
                0x00005c96       0x1e ./vehicle/security/crypto_common/source/thinkey_crypto_common.o
                0x00005c96                THINKey_eReleaseCryptoInstance
 .text.thinkey_entropy_func
                0x00005cb4       0x44 ./vehicle/security/crypto_abs/source/thinkey_crypto_abstraction.o
                0x00005cb4                thinkey_entropy_func
 .text.tkey_AllocateCryptoHandle
                0x00005cf8       0x14 ./vehicle/security/crypto_abs/source/thinkey_crypto_abstraction.o
                0x00005cf8                tkey_AllocateCryptoHandle
 .text.TKey_SSS_SAL_Init
                0x00005d0c       0x1a ./vehicle/security/crypto_abs/source/thinkey_crypto_abstraction.o
                0x00005d0c                TKey_SSS_SAL_Init
 *fill*         0x00005d26        0x2 ff
 .text.TKey_SSS_SAL_GenerateRandomNumber
                0x00005d28       0xe4 ./vehicle/security/crypto_abs/source/thinkey_crypto_abstraction.o
                0x00005d28                TKey_SSS_SAL_GenerateRandomNumber
 .text.TKey_SSS_SAL_GenerateKeyPair
                0x00005e0c      0x380 ./vehicle/security/crypto_abs/source/thinkey_crypto_abstraction.o
                0x00005e0c                TKey_SSS_SAL_GenerateKeyPair
 .text.TKey_SSS_SAL_ComputeECDHSharedKey
                0x0000618c      0x2f8 ./vehicle/security/crypto_abs/source/thinkey_crypto_abstraction.o
                0x0000618c                TKey_SSS_SAL_ComputeECDHSharedKey
 .text.TKey_SSS_SAL_GenerateAttSignature
                0x00006484      0x22c ./vehicle/security/crypto_abs/source/thinkey_crypto_abstraction.o
                0x00006484                TKey_SSS_SAL_GenerateAttSignature
 .text.TKey_SSS_SAL_VerifyAttSignature
                0x000066b0      0x278 ./vehicle/security/crypto_abs/source/thinkey_crypto_abstraction.o
                0x000066b0                TKey_SSS_SAL_VerifyAttSignature
 .text.TKey_SSS_SAL_DeriveKeys
                0x00006928      0x15c ./vehicle/security/crypto_abs/source/thinkey_crypto_abstraction.o
                0x00006928                TKey_SSS_SAL_DeriveKeys
 .text.TKey_SSS_SAL_ComputeCryptogram
                0x00006a84      0x1f4 ./vehicle/security/crypto_abs/source/thinkey_crypto_abstraction.o
                0x00006a84                TKey_SSS_SAL_ComputeCryptogram
 .text.TKey_SSS_SAL_AuthenticateAndDecrypt
                0x00006c78      0x5a0 ./vehicle/security/crypto_abs/source/thinkey_crypto_abstraction.o
                0x00006c78                TKey_SSS_SAL_AuthenticateAndDecrypt
 .text.TKey_SSS_SAL_EncryptAndAuthenticate
                0x00007218      0x620 ./vehicle/security/crypto_abs/source/thinkey_crypto_abstraction.o
                0x00007218                TKey_SSS_SAL_EncryptAndAuthenticate
 .text.tkey_SSS_SAL_GenerateCmac
                0x00007838       0xdc ./vehicle/security/crypto_abs/source/thinkey_crypto_abstraction.o
                0x00007838                tkey_SSS_SAL_GenerateCmac
 .text.tkey_Crypto_GetIV
                0x00007914      0x11c ./vehicle/security/crypto_abs/source/thinkey_crypto_abstraction.o
 .text.tkey_Crypto_DeriveKeyKDFX963
                0x00007a30       0x74 ./vehicle/security/crypto_abs/source/thinkey_crypto_abstraction.o
 .text.mbedtls_pk_ec
                0x00007aa4       0x1a ./vehicle/security/crypto_abs/source/thinkey_crypto_abstraction_ecc.o
 *fill*         0x00007abe        0x2 ff
 .text.TKey_CryptoAL_VerifyECCPoint
                0x00007ac0       0xf0 ./vehicle/security/crypto_abs/source/thinkey_crypto_abstraction_ecc.o
                0x00007ac0                TKey_CryptoAL_VerifyECCPoint
 .text.TKey_CryptoAL_PublicECPointGeneration
                0x00007bb0      0x280 ./vehicle/security/crypto_abs/source/thinkey_crypto_abstraction_ecc.o
                0x00007bb0                TKey_CryptoAL_PublicECPointGeneration
 .text.TKey_CryptoAL_GenerateSpake2SharedSecret
                0x00007e30      0x480 ./vehicle/security/crypto_abs/source/thinkey_crypto_abstraction_ecc.o
                0x00007e30                TKey_CryptoAL_GenerateSpake2SharedSecret
 .text.TKey_CryptoAL_ComputeEvidence
                0x000082b0       0xe0 ./vehicle/security/crypto_abs/source/thinkey_crypto_abstraction_ecc.o
                0x000082b0                TKey_CryptoAL_ComputeEvidence
 .text.tkey_ConcatinateSpake2Data
                0x00008390      0x1ec ./vehicle/security/crypto_abs/source/thinkey_crypto_abstraction_ecc.o
 .text.TKey_CryptoAL_VerifyCertChain
                0x0000857c      0x250 ./vehicle/security/crypto_abs/source/thinkey_crypto_abstraction_ecc.o
                0x0000857c                TKey_CryptoAL_VerifyCertChain
 .text.Tkey_CryptoAL_GetPublicKeyFromCertificate
                0x000087cc      0x110 ./vehicle/security/crypto_abs/source/thinkey_crypto_abstraction_ecc.o
                0x000087cc                Tkey_CryptoAL_GetPublicKeyFromCertificate
 .text.rangingCallback
                0x000088dc       0x38 ./vehicle/ranging/source/thinkey_ranging_ss_api.o
 .text.THINKey_hRangingSSInit
                0x00008914       0x2c ./vehicle/ranging/source/thinkey_ranging_ss_api.o
                0x00008914                THINKey_hRangingSSInit
 .text.THINKey_hGetRangingInstance
                0x00008940       0x2a ./vehicle/ranging/source/thinkey_ranging_ss_api.o
                0x00008940                THINKey_hGetRangingInstance
 .text.THINKey_eReleaseRangingInstance
                0x0000896a       0x1e ./vehicle/ranging/source/thinkey_ranging_ss_api.o
                0x0000896a                THINKey_eReleaseRangingInstance
 .text.THINKey_eRangingSetupInit
                0x00008988       0x2c ./vehicle/ranging/source/thinkey_ranging_ss_api.o
                0x00008988                THINKey_eRangingSetupInit
 .text.THINKey_eRangingSetupDeInit
                0x000089b4       0x1e ./vehicle/ranging/source/thinkey_ranging_ss_api.o
                0x000089b4                THINKey_eRangingSetupDeInit
 .text.THINKey_eRangingSetupTransHandler
                0x000089d2       0x20 ./vehicle/ranging/source/thinkey_ranging_ss_api.o
                0x000089d2                THINKey_eRangingSetupTransHandler
 .text.THINKey_eRegisterRangingThresholdCallback
                0x000089f2       0x2a ./vehicle/ranging/source/thinkey_ranging_ss_api.o
                0x000089f2                THINKey_eRegisterRangingThresholdCallback
 .text.THINKey_eRegisterRangingErrorCallback
                0x00008a1c       0x2a ./vehicle/ranging/source/thinkey_ranging_ss_api.o
                0x00008a1c                THINKey_eRegisterRangingErrorCallback
 *fill*         0x00008a46        0x2 ff
 .text.THINKey_eStartRangingMode
                0x00008a48       0x28 ./vehicle/ranging/source/thinkey_ranging_ss_api.o
                0x00008a48                THINKey_eStartRangingMode
 .text.THINKey_ePauseAllRanging
                0x00008a70       0x1e ./vehicle/ranging/source/thinkey_ranging_ss_api.o
                0x00008a70                THINKey_ePauseAllRanging
 .text.THINKey_eStopRangingMode
                0x00008a8e       0x1e ./vehicle/ranging/source/thinkey_ranging_ss_api.o
                0x00008a8e                THINKey_eStopRangingMode
 .text.THINKey_hGetRangingSetupConfigHandle
                0x00008aac       0x24 ./vehicle/ranging/source/thinkey_ranging_ss_api.o
                0x00008aac                THINKey_hGetRangingSetupConfigHandle
 .text.THINKey_psAllocateStdTransContext
                0x00008ad0       0x98 ./vehicle/framework/standard_transaction/source/thinkey_standard_transaction.o
 .text.THINKey_eStdTransInit
                0x00008b68       0x3c ./vehicle/framework/standard_transaction/source/thinkey_standard_transaction.o
                0x00008b68                THINKey_eStdTransInit
 .text.THINKey_hGetStdTransInstance
                0x00008ba4       0x64 ./vehicle/framework/standard_transaction/source/thinkey_standard_transaction.o
                0x00008ba4                THINKey_hGetStdTransInstance
 .text.THINKey_eStdTransHandler
                0x00008c08      0xbbc ./vehicle/framework/standard_transaction/source/thinkey_standard_transaction.o
                0x00008c08                THINKey_eStdTransHandler
 .text.THINKey_eStdTransDeInit
                0x000097c4       0x50 ./vehicle/framework/standard_transaction/source/thinkey_standard_transaction.o
                0x000097c4                THINKey_eStdTransDeInit
 .text.THINKey_psAllocatePassiveEntryContext
                0x00009814       0xb4 ./vehicle/framework/passive_entry/source/thinkey_passive_entry.o
 .text.THINKey_eDeallocatePassiveEntryContext
                0x000098c8       0x2a ./vehicle/framework/passive_entry/source/thinkey_passive_entry.o
 *fill*         0x000098f2        0x2 ff
 .text.THINKey_ePassiveEntryInit
                0x000098f4       0x44 ./vehicle/framework/passive_entry/source/thinkey_passive_entry.o
                0x000098f4                THINKey_ePassiveEntryInit
 .text.THINKey_hGetPassiveEntryInstance
                0x00009938       0x64 ./vehicle/framework/passive_entry/source/thinkey_passive_entry.o
                0x00009938                THINKey_hGetPassiveEntryInstance
 .text.THINKey_ePassiveEntryHandler
                0x0000999c      0x864 ./vehicle/framework/passive_entry/source/thinkey_passive_entry.o
                0x0000999c                THINKey_ePassiveEntryHandler
 .text.THINKey_ePassiveEntryDeInit
                0x0000a200      0x144 ./vehicle/framework/passive_entry/source/thinkey_passive_entry.o
                0x0000a200                THINKey_ePassiveEntryDeInit
 .text.THINKey_ePassiveEntryCleanup
                0x0000a344       0xbc ./vehicle/framework/passive_entry/source/thinkey_passive_entry.o
                0x0000a344                THINKey_ePassiveEntryCleanup
 .text.THINKey_eFormatSelectCommand
                0x0000a400       0xc0 ./vehicle/framework/parse_format_commands/source/thinkey_command_parse_format.o
                0x0000a400                THINKey_eFormatSelectCommand
 .text.THINKey_eParseSelectResponse
                0x0000a4c0       0xc2 ./vehicle/framework/parse_format_commands/source/thinkey_command_parse_format.o
                0x0000a4c0                THINKey_eParseSelectResponse
 *fill*         0x0000a582        0x2 ff
 .text.THINKey_eFormatAUTH0Command
                0x0000a584      0x398 ./vehicle/framework/parse_format_commands/source/thinkey_command_parse_format.o
                0x0000a584                THINKey_eFormatAUTH0Command
 .text.THINKey_eParseAUTH0Response
                0x0000a91c       0xea ./vehicle/framework/parse_format_commands/source/thinkey_command_parse_format.o
                0x0000a91c                THINKey_eParseAUTH0Response
 .text.THINKey_eFormatAUTH1Command
                0x0000aa06       0x8a ./vehicle/framework/parse_format_commands/source/thinkey_command_parse_format.o
                0x0000aa06                THINKey_eFormatAUTH1Command
 .text.THINKey_eParseAUTH1Response
                0x0000aa90       0x72 ./vehicle/framework/parse_format_commands/source/thinkey_command_parse_format.o
                0x0000aa90                THINKey_eParseAUTH1Response
 .text.THINKey_eFormatExchangeCommand
                0x0000ab02       0xac ./vehicle/framework/parse_format_commands/source/thinkey_command_parse_format.o
                0x0000ab02                THINKey_eFormatExchangeCommand
 .text.THINKey_eParseExchangeResponse
                0x0000abae       0x1e ./vehicle/framework/parse_format_commands/source/thinkey_command_parse_format.o
                0x0000abae                THINKey_eParseExchangeResponse
 .text.TKey_ParseControlFlowResponse
                0x0000abcc       0x1e ./vehicle/framework/parse_format_commands/source/thinkey_command_parse_format.o
                0x0000abcc                TKey_ParseControlFlowResponse
 *fill*         0x0000abea        0x2 ff
 .text.tkey_FormatTLV
                0x0000abec       0x7c ./vehicle/framework/parse_format_commands/source/thinkey_command_parse_format.o
                0x0000abec                tkey_FormatTLV
 .text.tkey_FW_FormatShortTLV
                0x0000ac68      0x158 ./vehicle/framework/parse_format_commands/source/thinkey_command_parse_format.o
                0x0000ac68                tkey_FW_FormatShortTLV
 .text.tkey_FW_ParseTLV
                0x0000adc0       0x5a ./vehicle/framework/parse_format_commands/source/thinkey_command_parse_format.o
                0x0000adc0                tkey_FW_ParseTLV
 *fill*         0x0000ae1a        0x2 ff
 .text.tkey_FW_ParseShortTLV
                0x0000ae1c      0x104 ./vehicle/framework/parse_format_commands/source/thinkey_command_parse_format.o
                0x0000ae1c                tkey_FW_ParseShortTLV
 .text.tkey_FW_ParseDKMessageFormat
                0x0000af20       0x74 ./vehicle/framework/parse_format_commands/source/thinkey_command_parse_format.o
                0x0000af20                tkey_FW_ParseDKMessageFormat
 .text.tkey_FW_PackDKHeader
                0x0000af94       0x5c ./vehicle/framework/parse_format_commands/source/thinkey_command_parse_format.o
                0x0000af94                tkey_FW_PackDKHeader
 .text.vRangingTimeoutCb
                0x0000aff0       0x5c ./vehicle/framework/owner_pairing/source/thinkey_owner_pairing.o
                0x0000aff0                vRangingTimeoutCb
 .text.tkey_OP_AllocateContext
                0x0000b04c       0x18 ./vehicle/framework/owner_pairing/source/thinkey_owner_pairing.o
 .text.tkey_OP_WaitForOPInitHandler
                0x0000b064       0xa6 ./vehicle/framework/owner_pairing/source/thinkey_owner_pairing.o
                0x0000b064                tkey_OP_WaitForOPInitHandler
 .text.tkey_OP_WaitForOPInitError
                0x0000b10a       0x1c ./vehicle/framework/owner_pairing/source/thinkey_owner_pairing.o
                0x0000b10a                tkey_OP_WaitForOPInitError
 .text.tkey_OP_EnterSpake2State
                0x0000b126      0x160 ./vehicle/framework/owner_pairing/source/thinkey_owner_pairing.o
                0x0000b126                tkey_OP_EnterSpake2State
 .text.tkey_OP_Spake2Handler
                0x0000b286      0x4b2 ./vehicle/framework/owner_pairing/source/thinkey_owner_pairing.o
                0x0000b286                tkey_OP_Spake2Handler
 .text.tkey_OP_Spake2Error
                0x0000b738       0x70 ./vehicle/framework/owner_pairing/source/thinkey_owner_pairing.o
                0x0000b738                tkey_OP_Spake2Error
 .text.tkey_OP_EnterRequestDKState
                0x0000b7a8      0x174 ./vehicle/framework/owner_pairing/source/thinkey_owner_pairing.o
                0x0000b7a8                tkey_OP_EnterRequestDKState
 .text.tkey_OP_RequestDKHandler
                0x0000b91c      0x394 ./vehicle/framework/owner_pairing/source/thinkey_owner_pairing.o
                0x0000b91c                tkey_OP_RequestDKHandler
 .text.tkey_OP_RequestDKError
                0x0000bcb0       0x1c ./vehicle/framework/owner_pairing/source/thinkey_owner_pairing.o
                0x0000bcb0                tkey_OP_RequestDKError
 .text.tkey_OP_EnterWaitForDKCreationState
                0x0000bccc       0x24 ./vehicle/framework/owner_pairing/source/thinkey_owner_pairing.o
                0x0000bccc                tkey_OP_EnterWaitForDKCreationState
 .text.tkey_OP_WaitForDKCreationHandler
                0x0000bcf0       0x32 ./vehicle/framework/owner_pairing/source/thinkey_owner_pairing.o
                0x0000bcf0                tkey_OP_WaitForDKCreationHandler
 .text.tkey_OP_WaitForDKCreationError
                0x0000bd22       0x1c ./vehicle/framework/owner_pairing/source/thinkey_owner_pairing.o
                0x0000bd22                tkey_OP_WaitForDKCreationError
 *fill*         0x0000bd3e        0x2 ff
 .text.tkey_OP_EnterReadDKState
                0x0000bd40      0x150 ./vehicle/framework/owner_pairing/source/thinkey_owner_pairing.o
                0x0000bd40                tkey_OP_EnterReadDKState
 .text.tkey_OP_ReadDKStateHandler
                0x0000be90      0x4c0 ./vehicle/framework/owner_pairing/source/thinkey_owner_pairing.o
                0x0000be90                tkey_OP_ReadDKStateHandler
 .text.tkey_OP_ReadDKError
                0x0000c350       0x1c ./vehicle/framework/owner_pairing/source/thinkey_owner_pairing.o
                0x0000c350                tkey_OP_ReadDKError
 .text.tkey_OP_EnterWriteAttestationState
                0x0000c36c      0x15e ./vehicle/framework/owner_pairing/source/thinkey_owner_pairing.o
                0x0000c36c                tkey_OP_EnterWriteAttestationState
 *fill*         0x0000c4ca        0x2 ff
 .text.tkey_OP_WriteAttestationStateHandler
                0x0000c4cc      0x534 ./vehicle/framework/owner_pairing/source/thinkey_owner_pairing.o
                0x0000c4cc                tkey_OP_WriteAttestationStateHandler
 .text.tkey_OP_WriteAttestationError
                0x0000ca00       0x1c ./vehicle/framework/owner_pairing/source/thinkey_owner_pairing.o
                0x0000ca00                tkey_OP_WriteAttestationError
 .text.tkey_OP_EnterFinishPhase2State
                0x0000ca1c      0x198 ./vehicle/framework/owner_pairing/source/thinkey_owner_pairing.o
                0x0000ca1c                tkey_OP_EnterFinishPhase2State
 .text.tkey_OP_NfcFinishPhase2Handler
                0x0000cbb4       0x74 ./vehicle/framework/owner_pairing/source/thinkey_owner_pairing.o
                0x0000cbb4                tkey_OP_NfcFinishPhase2Handler
 .text.tkey_OP_BleFinishPhase2Handler
                0x0000cc28      0x114 ./vehicle/framework/owner_pairing/source/thinkey_owner_pairing.o
                0x0000cc28                tkey_OP_BleFinishPhase2Handler
 .text.tkey_OP_FinishPhase2Handler
                0x0000cd3c       0x58 ./vehicle/framework/owner_pairing/source/thinkey_owner_pairing.o
                0x0000cd3c                tkey_OP_FinishPhase2Handler
 .text.tkey_OP_FinishPhase2Error
                0x0000cd94       0x1c ./vehicle/framework/owner_pairing/source/thinkey_owner_pairing.o
                0x0000cd94                tkey_OP_FinishPhase2Error
 .text.tkey_OP_EnterUrskFlowState
                0x0000cdb0       0x8c ./vehicle/framework/owner_pairing/source/thinkey_owner_pairing.o
                0x0000cdb0                tkey_OP_EnterUrskFlowState
 .text.tkey_OP_UrskFlowHandler
                0x0000ce3c       0xfc ./vehicle/framework/owner_pairing/source/thinkey_owner_pairing.o
                0x0000ce3c                tkey_OP_UrskFlowHandler
 .text.tkey_OP_UrskFlowError
                0x0000cf38       0x1c ./vehicle/framework/owner_pairing/source/thinkey_owner_pairing.o
                0x0000cf38                tkey_OP_UrskFlowError
 .text.tkey_OP_EnterRangingSetupState
                0x0000cf54      0x114 ./vehicle/framework/owner_pairing/source/thinkey_owner_pairing.o
                0x0000cf54                tkey_OP_EnterRangingSetupState
 .text.tkey_OP_RangingSetupHandler
                0x0000d068      0x100 ./vehicle/framework/owner_pairing/source/thinkey_owner_pairing.o
                0x0000d068                tkey_OP_RangingSetupHandler
 .text.tkey_OP_RangingSetupError
                0x0000d168       0x1c ./vehicle/framework/owner_pairing/source/thinkey_owner_pairing.o
                0x0000d168                tkey_OP_RangingSetupError
 .text.tkey_OP_EnterRangingState
                0x0000d184       0xdc ./vehicle/framework/owner_pairing/source/thinkey_owner_pairing.o
                0x0000d184                tkey_OP_EnterRangingState
 .text.tkey_OP_RangingStateHandler
                0x0000d260      0x378 ./vehicle/framework/owner_pairing/source/thinkey_owner_pairing.o
                0x0000d260                tkey_OP_RangingStateHandler
 .text.tkey_OP_RangingError
                0x0000d5d8       0x1c ./vehicle/framework/owner_pairing/source/thinkey_owner_pairing.o
                0x0000d5d8                tkey_OP_RangingError
 .text.tkey_OP_EnterPhase3StandardTransaction
                0x0000d5f4       0x48 ./vehicle/framework/owner_pairing/source/thinkey_owner_pairing.o
                0x0000d5f4                tkey_OP_EnterPhase3StandardTransaction
 .text.tkey_OP_Phase3StandardTransHandler
                0x0000d63c      0x1b4 ./vehicle/framework/owner_pairing/source/thinkey_owner_pairing.o
                0x0000d63c                tkey_OP_Phase3StandardTransHandler
 .text.tkey_OP_StdTransactionError
                0x0000d7f0       0x1c ./vehicle/framework/owner_pairing/source/thinkey_owner_pairing.o
                0x0000d7f0                tkey_OP_StdTransactionError
 .text.tkey_OP_EnterPhase3ExchangeAttestation
                0x0000d80c       0x28 ./vehicle/framework/owner_pairing/source/thinkey_owner_pairing.o
                0x0000d80c                tkey_OP_EnterPhase3ExchangeAttestation
 .text.tkey_OP_Init
                0x0000d834       0x4e ./vehicle/framework/owner_pairing/source/thinkey_owner_pairing.o
                0x0000d834                tkey_OP_Init
 *fill*         0x0000d882        0x2 ff
 .text.tkey_OP_RegisterKeyInRangeCallback
                0x0000d884       0x44 ./vehicle/framework/owner_pairing/source/thinkey_owner_pairing.o
                0x0000d884                tkey_OP_RegisterKeyInRangeCallback
 .text.tkey_OP_Handler
                0x0000d8c8       0xd4 ./vehicle/framework/owner_pairing/source/thinkey_owner_pairing.o
                0x0000d8c8                tkey_OP_Handler
 .text.tkey_OP_Cleanup
                0x0000d99c       0x1a ./vehicle/framework/owner_pairing/source/thinkey_owner_pairing.o
                0x0000d99c                tkey_OP_Cleanup
 .text.tkey_OP_DeInit
                0x0000d9b6       0x32 ./vehicle/framework/owner_pairing/source/thinkey_owner_pairing.o
                0x0000d9b6                tkey_OP_DeInit
 .text.tkey_OP_UpdateState
                0x0000d9e8       0x54 ./vehicle/framework/owner_pairing/source/thinkey_owner_pairing.o
 .text.tkey_OP_GetReturnStatus
                0x0000da3c       0xc8 ./vehicle/framework/owner_pairing/source/thinkey_owner_pairing.o
 .text.tkey_AllocateDataBuffer
                0x0000db04       0x1c ./vehicle/framework/fw_controller/source/thinkey_fw_controller.o
 .text.tkey_AddBuffer
                0x0000db20       0xa4 ./vehicle/framework/fw_controller/source/thinkey_fw_controller.o
                0x0000db20                tkey_AddBuffer
 .text.tkey_GetBuffer
                0x0000dbc4       0x86 ./vehicle/framework/fw_controller/source/thinkey_fw_controller.o
                0x0000dbc4                tkey_GetBuffer
 .text.tkey_RemoveBuffer
                0x0000dc4a       0x60 ./vehicle/framework/fw_controller/source/thinkey_fw_controller.o
                0x0000dc4a                tkey_RemoveBuffer
 *fill*         0x0000dcaa        0x2 ff
 .text.THINKey_AllocateFWControllerContext
                0x0000dcac       0x84 ./vehicle/framework/fw_controller/source/thinkey_fw_controller.o
                0x0000dcac                THINKey_AllocateFWControllerContext
 .text.THINKey_eFWControllerPairedStateHandler
                0x0000dd30      0x9fc ./vehicle/framework/fw_controller/source/thinkey_fw_controller.o
 .text.THINKey_eFWControllerUnPairedStateHandler
                0x0000e72c      0x118 ./vehicle/framework/fw_controller/source/thinkey_fw_controller.o
 .text.THINKey_eFWControllerOPAdvertiseStateHandler
                0x0000e844      0x344 ./vehicle/framework/fw_controller/source/thinkey_fw_controller.o
 .text.THINKey_eFWControllerNewPairingStateHandler
                0x0000eb88      0x580 ./vehicle/framework/fw_controller/source/thinkey_fw_controller.o
 .text.THINKey_eFWControllerRePairingStateHandler
                0x0000f108       0x50 ./vehicle/framework/fw_controller/source/thinkey_fw_controller.o
 .text.THINKey_eFWControllerPairedPauseStateHandler
                0x0000f158       0x50 ./vehicle/framework/fw_controller/source/thinkey_fw_controller.o
                0x0000f158                THINKey_eFWControllerPairedPauseStateHandler
 .text.THINKey_eFWControllerHandler
                0x0000f1a8      0x14c ./vehicle/framework/fw_controller/source/thinkey_fw_controller.o
                0x0000f1a8                THINKey_eFWControllerHandler
 .text.THINKey_vFWController
                0x0000f2f4      0x390 ./vehicle/framework/fw_controller/source/thinkey_fw_controller.o
                0x0000f2f4                THINKey_vFWController
 .text.tkey_FW_DispatchDKMessage
                0x0000f684       0xdc ./vehicle/framework/fw_controller/source/thinkey_fw_controller.o
 .text.TKey_Init
                0x0000f760       0x78 ./vehicle/framework/fw_controller/source/thinkey_fw_controller_api.o
                0x0000f760                TKey_Init
 .text.TKey_EnableKeyRegistration
                0x0000f7d8       0x40 ./vehicle/framework/fw_controller/source/thinkey_fw_controller_api.o
                0x0000f7d8                TKey_EnableKeyRegistration
 .text.TKey_DisableKeyRegistration
                0x0000f818       0x40 ./vehicle/framework/fw_controller/source/thinkey_fw_controller_api.o
                0x0000f818                TKey_DisableKeyRegistration
 .text.TKey_StartRanging
                0x0000f858       0x42 ./vehicle/framework/fw_controller/source/thinkey_fw_controller_api.o
                0x0000f858                TKey_StartRanging
 .text.THINKey_eFWControllerInitDone
                0x0000f89a       0x26 ./vehicle/framework/fw_controller/source/thinkey_fw_controller_api.o
                0x0000f89a                THINKey_eFWControllerInitDone
 .text.THINKey_eFWControllerNewOwnerKey
                0x0000f8c0       0x2a ./vehicle/framework/fw_controller/source/thinkey_fw_controller_api.o
                0x0000f8c0                THINKey_eFWControllerNewOwnerKey
 .text.THINKey_eFWControllerNewOwnerKeyRegistered
                0x0000f8ea       0x2a ./vehicle/framework/fw_controller/source/thinkey_fw_controller_api.o
                0x0000f8ea                THINKey_eFWControllerNewOwnerKeyRegistered
 .text.THINKey_eFWControllerNewOwnerKeyRegistrationFailure
                0x0000f914       0x26 ./vehicle/framework/fw_controller/source/thinkey_fw_controller_api.o
                0x0000f914                THINKey_eFWControllerNewOwnerKeyRegistrationFailure
 .text.THINKey_eFWControllerRangeThresholdChanged
                0x0000f93a       0x2a ./vehicle/framework/fw_controller/source/thinkey_fw_controller_api.o
                0x0000f93a                THINKey_eFWControllerRangeThresholdChanged
 .text.THINKey_eFWControllerKeyDetected
                0x0000f964       0x44 ./vehicle/framework/fw_controller/source/thinkey_fw_controller_api.o
                0x0000f964                THINKey_eFWControllerKeyDetected
 .text.THINKey_eFWControllerKeyRemoved
                0x0000f9a8       0x2a ./vehicle/framework/fw_controller/source/thinkey_fw_controller_api.o
                0x0000f9a8                THINKey_eFWControllerKeyRemoved
 .text.TKey_FWControllerIsVehicleInRange
                0x0000f9d2       0x34 ./vehicle/framework/fw_controller/source/thinkey_fw_controller_api.o
                0x0000f9d2                TKey_FWControllerIsVehicleInRange
 *fill*         0x0000fa06        0x2 ff
 .text.THINKey_eKeyFoundCB
                0x0000fa08       0xa4 ./vehicle/framework/fw_controller/source/thinkey_fw_controller_api.o
                0x0000fa08                THINKey_eKeyFoundCB
 .text.THINKey_eKeyRemovedCB
                0x0000faac       0x44 ./vehicle/framework/fw_controller/source/thinkey_fw_controller_api.o
                0x0000faac                THINKey_eKeyRemovedCB
 .text.THINKey_eDataReceivedCB
                0x0000faf0       0x80 ./vehicle/framework/fw_controller/source/thinkey_fw_controller_api.o
                0x0000faf0                THINKey_eDataReceivedCB
 .text.Tkey_DevicePairAndBondDoneCb
                0x0000fb70       0x38 ./vehicle/framework/fw_controller/source/thinkey_fw_controller_api.o
                0x0000fb70                Tkey_DevicePairAndBondDoneCb
 .text.THINKey_eRangingThresholdCB
                0x0000fba8       0x4a ./vehicle/framework/fw_controller/source/thinkey_fw_controller_api.o
                0x0000fba8                THINKey_eRangingThresholdCB
 .text.TKey_RangingTimeout
                0x0000fbf2       0x3e ./vehicle/framework/fw_controller/source/thinkey_fw_controller_api.o
                0x0000fbf2                TKey_RangingTimeout
 .text.THINKey_eRangingErrorCB
                0x0000fc30       0x20 ./vehicle/framework/fw_controller/source/thinkey_fw_controller_api.o
                0x0000fc30                THINKey_eRangingErrorCB
 .text.TKey_FWRKERequestCb
                0x0000fc50       0x2e ./vehicle/framework/fw_controller/source/thinkey_fw_controller_api.o
                0x0000fc50                TKey_FWRKERequestCb
 .text.TKey_FWApproachConfidenceCb
                0x0000fc7e       0x34 ./vehicle/framework/fw_controller/source/thinkey_fw_controller_api.o
                0x0000fc7e                TKey_FWApproachConfidenceCb
 .text.TKey_TriggerSubeventRangingSessionStatusCb
                0x0000fcb2       0x2e ./vehicle/framework/fw_controller/source/thinkey_fw_controller_api.o
                0x0000fcb2                TKey_TriggerSubeventRangingSessionStatusCb
 .text.TKey_IsOwnerPaired
                0x0000fce0       0x40 ./vehicle/framework/fw_controller/source/thinkey_fw_controller_api.o
                0x0000fce0                TKey_IsOwnerPaired
 .text.TKey_GetVersion
                0x0000fd20       0x14 ./vehicle/framework/fw_controller/source/thinkey_fw_controller_api.o
                0x0000fd20                TKey_GetVersion
 .text.tkey_FW_DispatchSEMessage
                0x0000fd34      0x108 ./vehicle/framework/fw_controller/source/thinkey_fw_dispatch_msg.o
                0x0000fd34                tkey_FW_DispatchSEMessage
 .text.tkey_FW_ParseDeviceApproachConfidence
                0x0000fe3c       0x28 ./vehicle/framework/fw_controller/source/thinkey_fw_dispatch_msg.o
                0x0000fe3c                tkey_FW_ParseDeviceApproachConfidence
 .text.tkey_FW_DispatchDKNotificationMsg
                0x0000fe64      0x174 ./vehicle/framework/fw_controller/source/thinkey_fw_dispatch_msg.o
                0x0000fe64                tkey_FW_DispatchDKNotificationMsg
 .text.tkey_FW_DispatchSupplementaryServiceMsg
                0x0000ffd8       0xa4 ./vehicle/framework/fw_controller/source/thinkey_fw_dispatch_msg.o
                0x0000ffd8                tkey_FW_DispatchSupplementaryServiceMsg
 .text.THINKey_psAllocateKeyContext
                0x0001007c       0x82 ./vehicle/framework/fw_controller/source/thinkey_keycontext.o
                0x0001007c                THINKey_psAllocateKeyContext
 .text.THINKey_eDeallocateKeyContext
                0x000100fe       0x38 ./vehicle/framework/fw_controller/source/thinkey_keycontext.o
                0x000100fe                THINKey_eDeallocateKeyContext
 .text.THINKey_psFindOwnerPairingKeyContext
                0x00010136       0x1a ./vehicle/framework/fw_controller/source/thinkey_keycontext.o
                0x00010136                THINKey_psFindOwnerPairingKeyContext
 .text.THINKey_psFindKeyContextFromTransportHandle
                0x00010150       0x70 ./vehicle/framework/fw_controller/source/thinkey_keycontext.o
                0x00010150                THINKey_psFindKeyContextFromTransportHandle
 .text.THINKey_psFindKeyContextFromRangingHandle
                0x000101c0       0x70 ./vehicle/framework/fw_controller/source/thinkey_keycontext.o
                0x000101c0                THINKey_psFindKeyContextFromRangingHandle
 .text.tkey_findKeyContextFromKeyId
                0x00010230       0x70 ./vehicle/framework/fw_controller/source/thinkey_keycontext.o
                0x00010230                tkey_findKeyContextFromKeyId
 .text.THINKey_hGetRangingHandleFromKeyContext
                0x000102a0       0x1c ./vehicle/framework/fw_controller/source/thinkey_keycontext.o
                0x000102a0                THINKey_hGetRangingHandleFromKeyContext
 .text.THINKey_hGetTransportHandleFromKeyContext
                0x000102bc       0x1c ./vehicle/framework/fw_controller/source/thinkey_keycontext.o
                0x000102bc                THINKey_hGetTransportHandleFromKeyContext
 .text.THINKey_hGetCryptoHandleFromKeyContext
                0x000102d8       0x1c ./vehicle/framework/fw_controller/source/thinkey_keycontext.o
                0x000102d8                THINKey_hGetCryptoHandleFromKeyContext
 .text.THINKey_uiGetKeyIdentifierFromKeyContext
                0x000102f4       0x1c ./vehicle/framework/fw_controller/source/thinkey_keycontext.o
                0x000102f4                THINKey_uiGetKeyIdentifierFromKeyContext
 .text.tkey_GetKeyTypeFromKeyContext
                0x00010310       0x32 ./vehicle/framework/fw_controller/source/thinkey_keycontext.o
                0x00010310                tkey_GetKeyTypeFromKeyContext
 .text.tkey_GetTransportTypeFromKeyContext
                0x00010342       0x4a ./vehicle/framework/fw_controller/source/thinkey_keycontext.o
                0x00010342                tkey_GetTransportTypeFromKeyContext
 .text.tkey_IsFastTransaction
                0x0001038c       0x1c ./vehicle/framework/fw_controller/source/thinkey_keycontext.o
                0x0001038c                tkey_IsFastTransaction
 .text.tkey_IsOwnerPairingContext
                0x000103a8       0x32 ./vehicle/framework/fw_controller/source/thinkey_keycontext.o
                0x000103a8                tkey_IsOwnerPairingContext
 *fill*         0x000103da        0x2 ff
 .text.THINKey_psAllocateFastTransContext
                0x000103dc       0x98 ./vehicle/framework/fast_transaction/source/thinkey_fast_transaction.o
 .text.THINKey_eFastTransInit
                0x00010474       0x3c ./vehicle/framework/fast_transaction/source/thinkey_fast_transaction.o
                0x00010474                THINKey_eFastTransInit
 .text.THINKey_hGetFastTransInstance
                0x000104b0       0x64 ./vehicle/framework/fast_transaction/source/thinkey_fast_transaction.o
                0x000104b0                THINKey_hGetFastTransInstance
 .text.THINKey_eFastTransHandler
                0x00010514      0x4e8 ./vehicle/framework/fast_transaction/source/thinkey_fast_transaction.o
                0x00010514                THINKey_eFastTransHandler
 .text.THINKey_eFastTransDeInit
                0x000109fc       0x50 ./vehicle/framework/fast_transaction/source/thinkey_fast_transaction.o
                0x000109fc                THINKey_eFastTransDeInit
 .text.tkey_Subevent_HandleRangingSessionStatus
                0x00010a4c       0x6c ./vehicle/framework/dk_message_format/source/thinkey_ranging_session_status_subevent.o
                0x00010a4c                tkey_Subevent_HandleRangingSessionStatus
 .text.tkey_RKE_GetContext
                0x00010ab8       0x14 ./vehicle/framework/dk_message_format/source/thinkey_rke.o
                0x00010ab8                tkey_RKE_GetContext
 .text.tkey_RKE_GetAuthReqCommand
                0x00010acc       0x2a ./vehicle/framework/dk_message_format/source/thinkey_rke.o
 .text.tkey_RKE_PackAuthReqCommand
                0x00010af6       0x3c ./vehicle/framework/dk_message_format/source/thinkey_rke.o
 *fill*         0x00010b32        0x2 ff
 .text.tkey_RKE_ParseAuthResponse
                0x00010b34       0x8c ./vehicle/framework/dk_message_format/source/thinkey_rke.o
 .text.tkey_RKE_FormatAuthReq
                0x00010bc0       0x74 ./vehicle/framework/dk_message_format/source/thinkey_rke.o
                0x00010bc0                tkey_RKE_FormatAuthReq
 .text.tkey_RKE_ParseSubEvent
                0x00010c34      0x168 ./vehicle/framework/dk_message_format/source/thinkey_rke.o
                0x00010c34                tkey_RKE_ParseSubEvent
 .text.tkey_RKE_ReqSubEventhandler
                0x00010d9c      0x200 ./vehicle/framework/dk_message_format/source/thinkey_rke.o
                0x00010d9c                tkey_RKE_ReqSubEventhandler
 .text.tkey_RKE_ProcessAuthResponse
                0x00010f9c      0x1c4 ./vehicle/framework/dk_message_format/source/thinkey_rke.o
                0x00010f9c                tkey_RKE_ProcessAuthResponse
 .text.main     0x00011160       0x8c ./vehicle/application/source/main.o
                0x00011160                main
 .text.THINKey_psAllocAppContext
                0x000111ec       0x8c ./vehicle/application/source/thinkey_app.o
                0x000111ec                THINKey_psAllocAppContext
 .text.THINKey_eAppCB_FWControllerInitDone
                0x00011278       0x74 ./vehicle/application/source/thinkey_app.o
                0x00011278                THINKey_eAppCB_FWControllerInitDone
 .text.THINKey_eAppCB_FWControllerNewOwnerKey
                0x000112ec       0x6c ./vehicle/application/source/thinkey_app.o
                0x000112ec                THINKey_eAppCB_FWControllerNewOwnerKey
 .text.THINKey_eAppCB_FWControllerNewOwnerKeyRegistered
                0x00011358       0x68 ./vehicle/application/source/thinkey_app.o
                0x00011358                THINKey_eAppCB_FWControllerNewOwnerKeyRegistered
 .text.THINKey_eAppCB_FWControllerKeyDetected
                0x000113c0       0x88 ./vehicle/application/source/thinkey_app.o
                0x000113c0                THINKey_eAppCB_FWControllerKeyDetected
 .text.TKey_NewVehicleKeyRegistrationFailure
                0x00011448       0x64 ./vehicle/application/source/thinkey_app.o
                0x00011448                TKey_NewVehicleKeyRegistrationFailure
 .text.THINKey_eAppCB_FWControllerKeyDisconnected
                0x000114ac       0x6c ./vehicle/application/source/thinkey_app.o
                0x000114ac                THINKey_eAppCB_FWControllerKeyDisconnected
 .text.THINKey_eAppCB_FWControllerRangeThresholdChanged
                0x00011518       0x8c ./vehicle/application/source/thinkey_app.o
                0x00011518                THINKey_eAppCB_FWControllerRangeThresholdChanged
 .text.THINKey_eAppCB_FWControllerIsKeyInRange
                0x000115a4       0x20 ./vehicle/application/source/thinkey_app.o
                0x000115a4                THINKey_eAppCB_FWControllerIsKeyInRange
 .text.THINKey_eAppCB_FWCOntrollerRKERequest
                0x000115c4       0x64 ./vehicle/application/source/thinkey_app.o
                0x000115c4                THINKey_eAppCB_FWCOntrollerRKERequest
 .text.THINKey_eAppCB_FWCOntrollerDeviceRangingSessionStatus
                0x00011628       0x64 ./vehicle/application/source/thinkey_app.o
                0x00011628                THINKey_eAppCB_FWCOntrollerDeviceRangingSessionStatus
 .text.THINKey_eAppHandler
                0x0001168c      0x36c ./vehicle/application/source/thinkey_app.o
                0x0001168c                THINKey_eAppHandler
 .text.THINKey_AppTask
                0x000119f8      0x12c ./vehicle/application/source/thinkey_app.o
                0x000119f8                THINKey_AppTask
 .text.THINKey_eAppInit
                0x00011b24       0x7c ./vehicle/application/source/thinkey_app.o
                0x00011b24                THINKey_eAppInit
 .text.TKey_AppInitDone
                0x00011ba0        0xe ./vehicle/application/murata_custom/vehicle_operations.o
                0x00011ba0                TKey_AppInitDone
 *fill*         0x00011bae        0x2 ff
 .text._DoInit  0x00011bb0       0xb4 ./src/SEGGER_RTT/SEGGER_RTT.o
 .text._WriteBlocking
                0x00011c64       0xba ./src/SEGGER_RTT/SEGGER_RTT.o
 .text._WriteNoCheck
                0x00011d1e       0x90 ./src/SEGGER_RTT/SEGGER_RTT.o
 .text._GetAvailWriteSpace
                0x00011dae       0x46 ./src/SEGGER_RTT/SEGGER_RTT.o
 .text.SEGGER_RTT_WriteNoLock
                0x00011df4       0xa0 ./src/SEGGER_RTT/SEGGER_RTT.o
                0x00011df4                SEGGER_RTT_WriteNoLock
 .text.SEGGER_RTT_Write
                0x00011e94       0x4c ./src/SEGGER_RTT/SEGGER_RTT.o
                0x00011e94                SEGGER_RTT_Write
 .text._StoreChar
                0x00011ee0       0x7c ./src/SEGGER_RTT/SEGGER_RTT_printf.o
 .text._PrintUnsigned
                0x00011f5c      0x15c ./src/SEGGER_RTT/SEGGER_RTT_printf.o
 .text._PrintInt
                0x000120b8      0x14e ./src/SEGGER_RTT/SEGGER_RTT_printf.o
 *fill*         0x00012206        0x2 ff
 .text.SEGGER_RTT_vprintf
                0x00012208      0x3a8 ./src/SEGGER_RTT/SEGGER_RTT_printf.o
                0x00012208                SEGGER_RTT_vprintf
 .text.SEGGER_RTT_printf
                0x000125b0       0x30 ./src/SEGGER_RTT/SEGGER_RTT_printf.o
                0x000125b0                SEGGER_RTT_printf
 .text.R_BSP_WarmStart
                0x000125e0       0x28 ./src/hal_entry.o
                0x000125e0                R_BSP_WarmStart
 .text.__NVIC_SetPriority
                0x00012608       0x54 ./ra/fsp/src/rm_freertos_port/port.o
 .text.__NVIC_GetPriority
                0x0001265c       0x50 ./ra/fsp/src/rm_freertos_port/port.o
 .text.SysTick_Config
                0x000126ac       0x44 ./ra/fsp/src/rm_freertos_port/port.o
 .text.R_FSP_CurrentIrqGet
                0x000126f0       0x2c ./ra/fsp/src/rm_freertos_port/port.o
 .text.SVC_Handler
                0x0001271c       0x18 ./ra/fsp/src/rm_freertos_port/port.o
                0x0001271c                SVC_Handler
 .text.prvPortStartFirstTask
                0x00012734       0x24 ./ra/fsp/src/rm_freertos_port/port.o
 .text.PendSV_Handler
                0x00012758       0x48 ./ra/fsp/src/rm_freertos_port/port.o
                0x00012758                PendSV_Handler
 .text.rm_freertos_port_restore_task_stackless
                0x000127a0       0x28 ./ra/fsp/src/rm_freertos_port/port.o
                0x000127a0                rm_freertos_port_restore_task_stackless
 .text.SysTick_Handler
                0x000127c8       0x48 ./ra/fsp/src/rm_freertos_port/port.o
                0x000127c8                SysTick_Handler
 .text.vPortSVCHandler_C
                0x00012810       0x4c ./ra/fsp/src/rm_freertos_port/port.o
                0x00012810                vPortSVCHandler_C
 .text.pxPortInitialiseStack
                0x0001285c       0x7c ./ra/fsp/src/rm_freertos_port/port.o
                0x0001285c                pxPortInitialiseStack
 .text.prvTaskExitError
                0x000128d8        0xa ./ra/fsp/src/rm_freertos_port/port.o
 *fill*         0x000128e2        0x2 ff
 .text.xPortStartScheduler
                0x000128e4       0x30 ./ra/fsp/src/rm_freertos_port/port.o
                0x000128e4                xPortStartScheduler
 .text.vPortEnterCritical
                0x00012914       0x70 ./ra/fsp/src/rm_freertos_port/port.o
                0x00012914                vPortEnterCritical
 .text.vPortExitCritical
                0x00012984       0x58 ./ra/fsp/src/rm_freertos_port/port.o
                0x00012984                vPortExitCritical
 .text.rm_freertos_port_sleep_preserving_lpm
                0x000129dc       0xb4 ./ra/fsp/src/rm_freertos_port/port.o
                0x000129dc                rm_freertos_port_sleep_preserving_lpm
 .text.vApplicationIdleHook
                0x00012a90       0x1e ./ra/fsp/src/rm_freertos_port/port.o
                0x00012a90                vApplicationIdleHook
 *fill*         0x00012aae        0x2 ff
 .text.vPortSetupTimerInterrupt
                0x00012ab0       0x24 ./ra/fsp/src/rm_freertos_port/port.o
                0x00012ab0                vPortSetupTimerInterrupt
 .text.vPortValidateInterruptPriority
                0x00012ad4       0x54 ./ra/fsp/src/rm_freertos_port/port.o
                0x00012ad4                vPortValidateInterruptPriority
 .text.R_FSP_CurrentIrqGet
                0x00012b28       0x2c ./ra/fsp/src/r_spi/r_spi.o
 .text.R_FSP_IsrContextSet
                0x00012b54       0x28 ./ra/fsp/src/r_spi/r_spi.o
 .text.R_BSP_IrqStatusClear
                0x00012b7c       0x3c ./ra/fsp/src/r_spi/r_spi.o
 .text.R_BSP_IrqClearPending
                0x00012bb8       0x48 ./ra/fsp/src/r_spi/r_spi.o
 .text.R_BSP_IrqCfg
                0x00012c00       0x3c ./ra/fsp/src/r_spi/r_spi.o
 .text.R_BSP_IrqEnableNoClear
                0x00012c3c       0x38 ./ra/fsp/src/r_spi/r_spi.o
 .text.R_BSP_IrqEnable
                0x00012c74       0x26 ./ra/fsp/src/r_spi/r_spi.o
 *fill*         0x00012c9a        0x2 ff
 .text.R_BSP_IrqDisable
                0x00012c9c       0x48 ./ra/fsp/src/r_spi/r_spi.o
 .text.R_BSP_IrqCfgEnable
                0x00012ce4       0x2e ./ra/fsp/src/r_spi/r_spi.o
 *fill*         0x00012d12        0x2 ff
 .text.R_FSP_IsrContextGet
                0x00012d14       0x24 ./ra/fsp/src/r_spi/r_spi.o
 .text.R_SPI_Open
                0x00012d38       0xf0 ./ra/fsp/src/r_spi/r_spi.o
                0x00012d38                R_SPI_Open
 .text.R_SPI_Write
                0x00012e28       0x28 ./ra/fsp/src/r_spi/r_spi.o
                0x00012e28                R_SPI_Write
 .text.R_SPI_WriteRead
                0x00012e50       0x3c ./ra/fsp/src/r_spi/r_spi.o
                0x00012e50                R_SPI_WriteRead
 .text.r_spi_transfer_config
                0x00012e8c       0xb8 ./ra/fsp/src/r_spi/r_spi.o
 .text.r_spi_hw_config
                0x00012f44      0x2a4 ./ra/fsp/src/r_spi/r_spi.o
 .text.r_spi_nvic_config
                0x000131e8       0x80 ./ra/fsp/src/r_spi/r_spi.o
 .text.r_spi_bit_width_config
                0x00013268       0x9e ./ra/fsp/src/r_spi/r_spi.o
 .text.r_spi_start_transfer
                0x00013306       0x28 ./ra/fsp/src/r_spi/r_spi.o
 *fill*         0x0001332e        0x2 ff
 .text.r_spi_write_read_common
                0x00013330      0x320 ./ra/fsp/src/r_spi/r_spi.o
 .text.r_spi_receive
                0x00013650       0x8e ./ra/fsp/src/r_spi/r_spi.o
 .text.r_spi_transmit
                0x000136de       0x8c ./ra/fsp/src/r_spi/r_spi.o
 .text.r_spi_call_callback
                0x0001376a       0x70 ./ra/fsp/src/r_spi/r_spi.o
 .text.spi_rxi_isr
                0x000137da       0x4c ./ra/fsp/src/r_spi/r_spi.o